Archive member included to satisfy reference by file (symbol)

c:/program files (x86)/gnu arm embedded toolchain/10 2020-q4-major/bin/../lib/gcc/arm-none-eabi/10.2.1/../../../../arm-none-eabi/lib/thumb/v7e-m+fp/softfp\libg_nano.a(lib_a-errno.o)
                              ./Libraries/Newlib/syscalls.o (__errno)
c:/program files (x86)/gnu arm embedded toolchain/10 2020-q4-major/bin/../lib/gcc/arm-none-eabi/10.2.1/../../../../arm-none-eabi/lib/thumb/v7e-m+fp/softfp\libg_nano.a(lib_a-impure.o)
                              c:/program files (x86)/gnu arm embedded toolchain/10 2020-q4-major/bin/../lib/gcc/arm-none-eabi/10.2.1/../../../../arm-none-eabi/lib/thumb/v7e-m+fp/softfp\libg_nano.a(lib_a-errno.o) (_impure_ptr)
c:/program files (x86)/gnu arm embedded toolchain/10 2020-q4-major/bin/../lib/gcc/arm-none-eabi/10.2.1/../../../../arm-none-eabi/lib/thumb/v7e-m+fp/softfp\libg_nano.a(lib_a-init.o)
                              ./Startup/startup_XMC4500.o (__libc_init_array)
c:/program files (x86)/gnu arm embedded toolchain/10 2020-q4-major/bin/../lib/gcc/arm-none-eabi/10.2.1/../../../../arm-none-eabi/lib/thumb/v7e-m+fp/softfp\libg_nano.a(lib_a-memcmp.o)
                              ./MainAlg/retain_xmc4.o (memcmp)
c:/program files (x86)/gnu arm embedded toolchain/10 2020-q4-major/bin/../lib/gcc/arm-none-eabi/10.2.1/../../../../arm-none-eabi/lib/thumb/v7e-m+fp/softfp\libg_nano.a(lib_a-memcpy-stub.o)
                              ./Libraries/XMCLib/src/xmc_eth_mac.o (memcpy)
c:/program files (x86)/gnu arm embedded toolchain/10 2020-q4-major/bin/../lib/gcc/arm-none-eabi/10.2.1/../../../../arm-none-eabi/lib/thumb/v7e-m+fp/softfp\libg_nano.a(lib_a-memset.o)
                              ./Libraries/XMCLib/src/xmc_usbd.o (memset)

Discarded input sections

 .text          0x00000000        0x0 ./Startup/startup_XMC4500.o
 .data          0x00000000        0x0 ./Startup/startup_XMC4500.o
 .bss           0x00000000        0x0 ./Startup/startup_XMC4500.o
 .text          0x00000000        0x0 ./Startup/system_XMC4500.o
 .data          0x00000000        0x0 ./Startup/system_XMC4500.o
 .bss           0x00000000        0x0 ./Startup/system_XMC4500.o
 .text.delay    0x00000000       0x2c ./Startup/system_XMC4500.o
 .text.SystemCoreSetup
                0x00000000       0x74 ./Startup/system_XMC4500.o
 .text.SystemCoreClockSetup
                0x00000000      0x210 ./Startup/system_XMC4500.o
 .text.OSCHP_GetFrequency
                0x00000000       0x14 ./Startup/system_XMC4500.o
 .comment       0x00000000       0x4e ./Startup/system_XMC4500.o
 .text          0x00000000        0x0 ./MotorLib/MidSys/bldc_scalar_current_motor.o
 .data          0x00000000        0x0 ./MotorLib/MidSys/bldc_scalar_current_motor.o
 .bss           0x00000000        0x0 ./MotorLib/MidSys/bldc_scalar_current_motor.o
 .comment       0x00000000       0x4e ./MotorLib/MidSys/bldc_scalar_current_motor.o
 .text          0x00000000        0x0 ./MotorLib/MidSys/bldc_scalar_pwm_bc.o
 .data          0x00000000        0x0 ./MotorLib/MidSys/bldc_scalar_pwm_bc.o
 .bss           0x00000000        0x0 ./MotorLib/MidSys/bldc_scalar_pwm_bc.o
 .text.XMC_SCU_SetCcuTriggerHigh
                0x00000000       0x24 ./MotorLib/MidSys/bldc_scalar_pwm_bc.o
 .text.Motor0_BLDC_SCALAR_CCU8_PWM_Start
                0x00000000       0x10 ./MotorLib/MidSys/bldc_scalar_pwm_bc.o
 .text.Motor0_BLDC_SCALAR_PWM_BC_Start
                0x00000000       0x10 ./MotorLib/MidSys/bldc_scalar_pwm_bc.o
 .comment       0x00000000       0x4e ./MotorLib/MidSys/bldc_scalar_pwm_bc.o
 .text          0x00000000        0x0 ./MotorLib/MidSys/bldc_scalar_speed_pos_hall.o
 .data          0x00000000        0x0 ./MotorLib/MidSys/bldc_scalar_speed_pos_hall.o
 .bss           0x00000000        0x0 ./MotorLib/MidSys/bldc_scalar_speed_pos_hall.o
 .comment       0x00000000       0x4e ./MotorLib/MidSys/bldc_scalar_speed_pos_hall.o
 .text          0x00000000        0x0 ./MotorLib/MidSys/bldc_scalar_volt_dcbus.o
 .data          0x00000000        0x0 ./MotorLib/MidSys/bldc_scalar_volt_dcbus.o
 .bss           0x00000000        0x0 ./MotorLib/MidSys/bldc_scalar_volt_dcbus.o
 .data.dcbus_voltage_adc_scale
                0x00000000        0x4 ./MotorLib/MidSys/bldc_scalar_volt_dcbus.o
 .debug_info    0x00000000       0x9d ./MotorLib/MidSys/bldc_scalar_volt_dcbus.o
 .debug_abbrev  0x00000000       0x48 ./MotorLib/MidSys/bldc_scalar_volt_dcbus.o
 .debug_aranges
                0x00000000       0x18 ./MotorLib/MidSys/bldc_scalar_volt_dcbus.o
 .debug_line    0x00000000      0x12b ./MotorLib/MidSys/bldc_scalar_volt_dcbus.o
 .debug_str     0x00000000      0x1e4 ./MotorLib/MidSys/bldc_scalar_volt_dcbus.o
 .comment       0x00000000       0x4e ./MotorLib/MidSys/bldc_scalar_volt_dcbus.o
 .ARM.attributes
                0x00000000       0x37 ./MotorLib/MidSys/bldc_scalar_volt_dcbus.o
 .text          0x00000000        0x0 ./MotorLib/MidSys/bldc_scalar_volt_potentiometer.o
[...]
Memory Configuration

Name             Origin             Length             Attributes
APP_INFO_cached  0x08020000         0x00000400         xr
FLASH_1_cached   0x08020400         0x000dfc00         xr
APP_INFO_uncached 0x0c020000         0x00000400         xr
FLASH_1_uncached 0x0c020400         0x000dfc00         xr
PSRAM_1          0x10000000         0x00010000         !xr
DSRAM_1_system   0x20000000         0x00010000         !xr
DSRAM_2_comm     0x30000000         0x00008000         !xr
*default*        0x00000000         0xffffffff

Linker script and memory map

LOAD ./Startup/startup_XMC4500.o
LOAD ./Startup/system_XMC4500.o
LOAD ./MotorLib/MidSys/bldc_scalar_current_motor.o
LOAD ./MotorLib/MidSys/bldc_scalar_pwm_bc.o
LOAD ./MotorLib/MidSys/bldc_scalar_speed_pos_hall.o
LOAD ./MotorLib/MidSys/bldc_scalar_volt_dcbus.o
LOAD ./MotorLib/MidSys/bldc_scalar_volt_potentiometer.o
LOAD ./MotorLib/MidSys/bldc_scalar_volt_userdef.o
LOAD ./MotorLib/MCUInit/ccu4.o
LOAD ./MotorLib/MCUInit/ccu8.o
LOAD ./MotorLib/MCUInit/dac.o
LOAD ./MotorLib/MCUInit/gpio.o
LOAD ./MotorLib/MCUInit/nvic.o
LOAD ./MotorLib/MCUInit/posif.o
LOAD ./MotorLib/MCUInit/systick.o
LOAD ./MotorLib/MCUInit/vadc.o
LOAD ./MotorLib/Interrupts/bldc_scalar_control_loop.o
LOAD ./MotorLib/Interrupts/bldc_scalar_ctrap.o
LOAD ./MotorLib/Interrupts/bldc_scalar_hall_event.o
LOAD ./MotorLib/Interrupts/bldc_scalar_pattern_shadowtx.o
LOAD ./MotorLib/Interrupts/bldc_scalar_protection_error.o
LOAD ./MotorLib/Interrupts/bldc_scalar_state_machine.o
LOAD ./MotorLib/ControlModule/bldc_scalar_control_hall.o
LOAD ./MotorLib/ControlModule/bldc_scalar_control_scheme.o
LOAD ./MotorLib/ControlModule/bldc_scalar_ramp_generator.o
LOAD ./MotorLib/bldc_scalar_user_interface.o
LOAD ./MotorLib/bldc_scalar_variables_config.o
LOAD ./MotorLib/motor.o
LOAD ./MainAlg/Peripherials/Buzzer.o
LOAD ./MainAlg/door_periph.o
LOAD ./MainAlg/ext_can.o
LOAD ./MainAlg/main_alg.o
LOAD ./MainAlg/moving.o
LOAD ./MainAlg/presets.o
LOAD ./MainAlg/retain_xmc4.o
LOAD ./MainAlg/serv_mode.o
LOAD ./Libraries/XMCLib/src/xmc4_eru.o
LOAD ./Libraries/XMCLib/src/xmc4_flash.o
LOAD ./Libraries/XMCLib/src/xmc4_gpio.o
LOAD ./Libraries/XMCLib/src/xmc4_rtc.o
LOAD ./Libraries/XMCLib/src/xmc4_scu.o
LOAD ./Libraries/XMCLib/src/xmc_can.o
LOAD ./Libraries/XMCLib/src/xmc_ccu4.o
LOAD ./Libraries/XMCLib/src/xmc_ccu8.o
LOAD ./Libraries/XMCLib/src/xmc_common.o
LOAD ./Libraries/XMCLib/src/xmc_dac.o
LOAD ./Libraries/XMCLib/src/xmc_dma.o
LOAD ./Libraries/XMCLib/src/xmc_dsd.o
LOAD ./Libraries/XMCLib/src/xmc_ebu.o
LOAD ./Libraries/XMCLib/src/xmc_ecat.o
LOAD ./Libraries/XMCLib/src/xmc_eru.o
LOAD ./Libraries/XMCLib/src/xmc_eth_mac.o
LOAD ./Libraries/XMCLib/src/xmc_eth_phy_dp83848.o
LOAD ./Libraries/XMCLib/src/xmc_eth_phy_ksz8031rnl.o
LOAD ./Libraries/XMCLib/src/xmc_eth_phy_ksz8081rnb.o
LOAD ./Libraries/XMCLib/src/xmc_fce.o
LOAD ./Libraries/XMCLib/src/xmc_gpio.o
LOAD ./Libraries/XMCLib/src/xmc_hrpwm.o
LOAD ./Libraries/XMCLib/src/xmc_i2c.o
LOAD ./Libraries/XMCLib/src/xmc_i2s.o
LOAD ./Libraries/XMCLib/src/xmc_ledts.o
LOAD ./Libraries/XMCLib/src/xmc_posif.o
LOAD ./Libraries/XMCLib/src/xmc_rtc.o
LOAD ./Libraries/XMCLib/src/xmc_sdmmc.o
LOAD ./Libraries/XMCLib/src/xmc_spi.o
LOAD ./Libraries/XMCLib/src/xmc_uart.o
LOAD ./Libraries/XMCLib/src/xmc_usbd.o
LOAD ./Libraries/XMCLib/src/xmc_usbh.o
LOAD ./Libraries/XMCLib/src/xmc_usic.o
LOAD ./Libraries/XMCLib/src/xmc_vadc.o
LOAD ./Libraries/XMCLib/src/xmc_wdt.o
LOAD ./Libraries/Newlib/syscalls.o
LOAD ./Dave/Generated/SYSTIMER/systimer.o
LOAD ./Dave/Generated/SYSTIMER/systimer_conf.o
LOAD ./Dave/Generated/PWM_CCU4/pwm_ccu4.o
LOAD ./Dave/Generated/PWM_CCU4/pwm_ccu4_conf.o
LOAD ./Dave/Generated/INTERRUPT/interrupt.o
LOAD ./Dave/Generated/INTERRUPT/interrupt_conf.o
LOAD ./Dave/Generated/GLOBAL_CCU4/global_ccu4.o
LOAD ./Dave/Generated/GLOBAL_CCU4/global_ccu4_conf.o
LOAD ./Dave/Generated/GLOBAL_CAN/global_can.o
LOAD ./Dave/Generated/GLOBAL_CAN/global_can_conf.o
LOAD ./Dave/Generated/GLOBAL_ADC/global_adc.o
LOAD ./Dave/Generated/GLOBAL_ADC/global_adc_conf.o
LOAD ./Dave/Generated/DIGITAL_IO/digital_io.o
LOAD ./Dave/Generated/DIGITAL_IO/digital_io_conf.o
LOAD ./Dave/Generated/CPU_CTRL_XMC4/cpu_ctrl_xmc4.o
LOAD ./Dave/Generated/CPU_CTRL_XMC4/cpu_ctrl_xmc4_conf.o
LOAD ./Dave/Generated/CLOCK_XMC4/clock_xmc4.o
LOAD ./Dave/Generated/CLOCK_XMC4/clock_xmc4_conf.o
LOAD ./Dave/Generated/CAN_NODE/can_node.o
LOAD ./Dave/Generated/CAN_NODE/can_node_conf.o
LOAD ./Dave/Generated/BUS_IO/bus_io.o
LOAD ./Dave/Generated/BUS_IO/bus_io_conf.o
LOAD ./Dave/Generated/ANALOG_IO/analog_io.o
LOAD ./Dave/Generated/ANALOG_IO/analog_io_conf.o
LOAD ./Dave/Generated/ADC_MEASUREMENT/adc_measurement.o
LOAD ./Dave/Generated/ADC_MEASUREMENT/adc_measurement_conf.o
LOAD ./Dave/Generated/DAVE.o
LOAD ./main.o
LOAD c:/program files (x86)/gnu arm embedded toolchain/10 2020-q4-major/bin/../lib/gcc/arm-none-eabi/10.2.1/../../../../arm-none-eabi/lib/thumb/v7e-m+fp/softfp\libm.a
START GROUP
LOAD c:/program files (x86)/gnu arm embedded toolchain/10 2020-q4-major/bin/../lib/gcc/arm-none-eabi/10.2.1/thumb/v7e-m+fp/softfp\libgcc.a
LOAD c:/program files (x86)/gnu arm embedded toolchain/10 2020-q4-major/bin/../lib/gcc/arm-none-eabi/10.2.1/../../../../arm-none-eabi/lib/thumb/v7e-m+fp/softfp\libg_nano.a
LOAD c:/program files (x86)/gnu arm embedded toolchain/10 2020-q4-major/bin/../lib/gcc/arm-none-eabi/10.2.1/../../../../arm-none-eabi/lib/thumb/v7e-m+fp/softfp\libc_nano.a
END GROUP
START GROUP
LOAD c:/program files (x86)/gnu arm embedded toolchain/10 2020-q4-major/bin/../lib/gcc/arm-none-eabi/10.2.1/thumb/v7e-m+fp/softfp\libgcc.a
LOAD c:/program files (x86)/gnu arm embedded toolchain/10 2020-q4-major/bin/../lib/gcc/arm-none-eabi/10.2.1/../../../../arm-none-eabi/lib/thumb/v7e-m+fp/softfp\libc_nano.a
LOAD c:/program files (x86)/gnu arm embedded toolchain/10 2020-q4-major/bin/../lib/gcc/arm-none-eabi/10.2.1/../../../../arm-none-eabi/lib/thumb/v7e-m+fp/softfp\libnosys.a
END GROUP
START GROUP
LOAD c:/program files (x86)/gnu arm embedded toolchain/10 2020-q4-major/bin/../lib/gcc/arm-none-eabi/10.2.1/thumb/v7e-m+fp/softfp\libgcc.a
LOAD c:/program files (x86)/gnu arm embedded toolchain/10 2020-q4-major/bin/../lib/gcc/arm-none-eabi/10.2.1/../../../../arm-none-eabi/lib/thumb/v7e-m+fp/softfp\libc_nano.a
LOAD c:/program files (x86)/gnu arm embedded toolchain/10 2020-q4-major/bin/../lib/gcc/arm-none-eabi/10.2.1/../../../../arm-none-eabi/lib/thumb/v7e-m+fp/softfp\libnosys.a
END GROUP
                0x00000800                stack_size = DEFINED (stack_size)?stack_size:0x800
                0x00000040                no_init_size = 0x40

.app_info       0x08020000      0x400 load address 0x0c020000
                0x08020000                . = ALIGN (0x4)
 *(.app_info)
 .app_info      0x08020000      0x400 ./main.o
                0x08020000                APP_INFO_ID
                0x08020020                APP_INFO_VERSION
                0x08020028                APP_INFO_VER
                0x08020040                APP_INFO_DEVELOPER
                0x08020080                APP_INFO_PUBLISHER
                0x080200c0                APP_INFO_LICENSE
                0x08020100                APP_INFO_CONTACTS
                0x08020180                APP_INFO_HARDWARE
                0x08020200                APP_INFO_DESCRIPTION
                0x08020300                APP_INFO_EXTRA_PARAM
                0x08020400                . = ALIGN (0x4)

.text           0x08020400     0xb5f4 load address 0x0c020400
                0x08020400                sText = .
 *(.reset)
 .reset         0x08020400      0x2b2 ./Startup/startup_XMC4500.o
                0x08020400                __Vectors
                0x08020600                Reset_Handler
                0x080206b0                DSD0_7_IRQHandler
                0x080206b0                DebugMon_Handler
                0x080206b0                CAN0_4_IRQHandler
                0x080206b0                VADC0_G2_0_IRQHandler
                0x080206b0                USIC0_5_IRQHandler
                0x080206b0                POSIF1_0_IRQHandler
                0x080206b0                HardFault_Handler
                0x080206b0                VADC0_G1_1_IRQHandler
                0x080206b0                PendSV_Handler
                0x080206b0                NMI_Handler
                0x080206b0                USIC1_3_IRQHandler
                0x080206b0                CCU40_2_IRQHandler
                0x080206b0                SCU_0_IRQHandler
                0x080206b0                ERU0_0_IRQHandler
                0x080206b0                CCU41_0_IRQHandler
                0x080206b0                USIC1_5_IRQHandler
                0x080206b0                DSD0_4_IRQHandler
                0x080206b0                CCU80_1_IRQHandler
                0x080206b0                CCU81_0_IRQHandler
                0x080206b0                UsageFault_Handler
                0x080206b0                USIC0_0_IRQHandler
                0x080206b0                POSIF1_1_IRQHandler
                0x080206b0                ERU0_2_IRQHandler
                0x080206b0                CCU81_1_IRQHandler
                0x080206b0                ERU1_1_IRQHandler
                0x080206b0                VADC0_G2_3_IRQHandler
                0x080206b0                VADC0_G2_2_IRQHandler
                0x080206b0                CCU42_3_IRQHandler
                0x080206b0                ERU0_3_IRQHandler
                0x080206b0                DSD0_5_IRQHandler
                0x080206b0                VADC0_C0_3_IRQHandler
                0x080206b0                VADC0_G0_1_IRQHandler
                0x080206b0                CCU81_2_IRQHandler
                0x080206b0                USIC2_4_IRQHandler
                0x080206b0                CCU81_3_IRQHandler
                0x080206b0                CCU42_1_IRQHandler
                0x080206b0                USIC1_1_IRQHandler
                0x080206b0                USIC2_5_IRQHandler
                0x080206b0                CCU40_0_IRQHandler
                0x080206b0                ERU1_0_IRQHandler
                0x080206b0                CCU42_2_IRQHandler
                0x080206b0                Default_Handler
                0x080206b0                USIC1_4_IRQHandler
                0x080206b0                ERU1_3_IRQHandler
                0x080206b0                USIC1_0_IRQHandler
                0x080206b0                VADC0_G0_0_IRQHandler
                0x080206b0                DSD0_2_IRQHandler
                0x080206b0                CCU80_3_IRQHandler
                0x080206b0                CCU41_3_IRQHandler
                0x080206b0                CCU80_2_IRQHandler
                0x080206b0                VADC0_G1_3_IRQHandler
                0x080206b0                VADC0_G0_3_IRQHandler
                0x080206b0                GPDMA0_0_IRQHandler
                0x080206b0                PMU0_0_IRQHandler
                0x080206b0                CAN0_7_IRQHandler
                0x080206b0                DSD0_1_IRQHandler
                0x080206b0                CCU41_2_IRQHandler
                0x080206b0                VADC0_C0_1_IRQHandler
                0x080206b0                USIC2_2_IRQHandler
                0x080206b0                MemManage_Handler
                0x080206b0                VADC0_G3_1_IRQHandler
                0x080206b0                DAC0_0_IRQHandler
                0x080206b0                SVC_Handler
                0x080206b0                VADC0_G3_3_IRQHandler
                0x080206b0                ERU1_2_IRQHandler
                0x080206b0                CCU41_1_IRQHandler
                0x080206b0                DSD0_6_IRQHandler
                0x080206b0                VADC0_G1_2_IRQHandler
                0x080206b0                USIC2_3_IRQHandler
                0x080206b0                USIC2_0_IRQHandler
                0x080206b0                VADC0_G0_2_IRQHandler
                0x080206b0                VADC0_G2_1_IRQHandler
                0x080206b0                ETH0_0_IRQHandler
                0x080206b0                USIC0_3_IRQHandler
                0x080206b0                DSD0_0_IRQHandler
                0x080206b0                CCU42_0_IRQHandler
                0x080206b0                FCE0_0_IRQHandler
                0x080206b0                VADC0_G1_0_IRQHandler
                0x080206b0                USB0_0_IRQHandler
                0x080206b0                CCU40_1_IRQHandler
                0x080206b0                USIC2_1_IRQHandler
                0x080206b0                USIC0_1_IRQHandler
                0x080206b0                VADC0_G3_2_IRQHandler
                0x080206b0                CCU40_3_IRQHandler
                0x080206b0                BusFault_Handler
                0x080206b0                LEDTS0_0_IRQHandler
                0x080206b0                USIC0_4_IRQHandler
                0x080206b0                ERU0_1_IRQHandler
                0x080206b0                VADC0_G3_0_IRQHandler
                0x080206b0                USIC1_2_IRQHandler
                0x080206b0                DSD0_3_IRQHandler
                0x080206b0                SDMMC0_0_IRQHandler
                0x080206b0                USIC0_2_IRQHandler
                0x080206b0                DAC0_1_IRQHandler
                0x080206b0                GPDMA1_0_IRQHandler
 *(.text .text.* .gnu.linkonce.t.*)
 *fill*         0x080206b2        0x2 
 .text.SystemInit
                0x080206b4       0x24 ./Startup/system_XMC4500.o
                0x080206b4                SystemInit
 .text.SystemCoreClockUpdate
                0x080206d8       0xd4 ./Startup/system_XMC4500.o
                0x080206d8                SystemCoreClockUpdate
 .text.XMC_VADC_GROUP_QueueTriggerConversion
                0x080207ac       0x24 ./MotorLib/MidSys/bldc_scalar_current_motor.o
 .text.XMC_VADC_GROUP_QueueInsertChannel
                0x080207d0       0x1e ./MotorLib/MidSys/bldc_scalar_current_motor.o
 .text.XMC_VADC_GROUP_ResultInit
                0x080207ee       0x26 ./MotorLib/MidSys/bldc_scalar_current_motor.o
 .text.XMC_VADC_GROUP_GetResult
                0x08020814       0x22 ./MotorLib/MidSys/bldc_scalar_current_motor.o
 .text.VADC_GetResult
                0x08020836       0x20 ./MotorLib/MidSys/bldc_scalar_current_motor.o
 *fill*         0x08020856        0x2 
 .text.Motor0_BLDC_SCALAR_Current_Measurment_Init
                0x08020858       0x4c ./MotorLib/MidSys/bldc_scalar_current_motor.o
                0x08020858                Motor0_BLDC_SCALAR_Current_Measurment_Init
 .text.Motor0_BLDC_SCALAR_AmpBiasVoltCalibration
                0x080208a4       0x70 ./MotorLib/MidSys/bldc_scalar_current_motor.o
                0x080208a4                Motor0_BLDC_SCALAR_AmpBiasVoltCalibration
 .text.XMC_SCU_SetCcuTriggerLow
                0x08020914       0x28 ./MotorLib/MidSys/bldc_scalar_pwm_bc.o
 .text.XMC_GPIO_SetOutputHigh
                0x0802093c       0x22 ./MotorLib/MidSys/bldc_scalar_pwm_bc.o
 .text.XMC_GPIO_SetOutputLow
                0x0802095e       0x24 ./MotorLib/MidSys/bldc_scalar_pwm_bc.o
 .text.Motor0_BLDC_SCALAR_CCU8_PWM_Stop
                0x08020982       0x10 ./MotorLib/MidSys/bldc_scalar_pwm_bc.o
 .text.Motor0_BLDC_SCALAR_CCU8_EnableDeadTime
                0x08020992       0x24 ./MotorLib/MidSys/bldc_scalar_pwm_bc.o
 .text.Motor0_BLDC_SCALAR_CCU8_DisableDeadTime
                0x080209b6       0x26 ./MotorLib/MidSys/bldc_scalar_pwm_bc.o
 .text.Motor0_BLDC_SCALAR_PWM_BC_Init
                0x080209dc       0x28 ./MotorLib/MidSys/bldc_scalar_pwm_bc.o
                0x080209dc                Motor0_BLDC_SCALAR_PWM_BC_Init
 .text.Motor0_BLDC_SCALAR_PWM_BC_Stop
                0x08020a04       0x10 ./MotorLib/MidSys/bldc_scalar_pwm_bc.o
                0x08020a04                Motor0_BLDC_SCALAR_PWM_BC_Stop
 .text.Motor0_BLDC_SCALAR_PWM_BC_InverterEnable
                0x08020a14       0x30 ./MotorLib/MidSys/bldc_scalar_pwm_bc.o
                0x08020a14                Motor0_BLDC_SCALAR_PWM_BC_InverterEnable
 .text.Motor0_BLDC_SCALAR_PWM_BC_InverterDisable
                0x08020a44       0x30 ./MotorLib/MidSys/bldc_scalar_pwm_bc.o
                0x08020a44                Motor0_BLDC_SCALAR_PWM_BC_InverterDisable
 .text.__NVIC_ClearPendingIRQ
                0x08020a74       0x3c ./MotorLib/MidSys/bldc_scalar_speed_pos_hall.o
 .text.XMC_CCU4_SLICE_StartTimer
                0x08020ab0       0x1a ./MotorLib/MidSys/bldc_scalar_speed_pos_hall.o
 .text.XMC_CCU4_SLICE_StopTimer
                0x08020aca       0x1a ./MotorLib/MidSys/bldc_scalar_speed_pos_hall.o
 .text.XMC_CCU4_SLICE_ClearTimer
                0x08020ae4       0x1a ./MotorLib/MidSys/bldc_scalar_speed_pos_hall.o
 .text.XMC_POSIF_Start
                0x08020afe       0x1a ./MotorLib/MidSys/bldc_scalar_speed_pos_hall.o
 .text.XMC_POSIF_Stop
                0x08020b18       0x1a ./MotorLib/MidSys/bldc_scalar_speed_pos_hall.o
 .text.XMC_GPIO_GetInput
                0x08020b32       0x26 ./MotorLib/MidSys/bldc_scalar_speed_pos_hall.o
 .text.Motor0_BLDC_SCALAR_SPEED_POS_HALL_ClearSpeedFilter
                0x08020b58       0x54 ./MotorLib/MidSys/bldc_scalar_speed_pos_hall.o
 .text.Motor0_BLDC_SCALAR_SPEED_POS_HALL_Init
                0x08020bac       0x14 ./MotorLib/MidSys/bldc_scalar_speed_pos_hall.o
                0x08020bac                Motor0_BLDC_SCALAR_SPEED_POS_HALL_Init
 .text.Motor0_BLDC_SCALAR_SPEED_POS_HALL_Start
                0x08020bc0       0x30 ./MotorLib/MidSys/bldc_scalar_speed_pos_hall.o
                0x08020bc0                Motor0_BLDC_SCALAR_SPEED_POS_HALL_Start
 .text.Motor0_BLDC_SCALAR_SPEED_POS_HALL_Stop
                0x08020bf0       0x2c ./MotorLib/MidSys/bldc_scalar_speed_pos_hall.o
                0x08020bf0                Motor0_BLDC_SCALAR_SPEED_POS_HALL_Stop
 .text.Motor0_BLDC_SCALAR_SPEED_POS_HALL_GetHallPosition
                0x08020c1c       0x5c ./MotorLib/MidSys/bldc_scalar_speed_pos_hall.o
                0x08020c1c                Motor0_BLDC_SCALAR_SPEED_POS_HALL_GetHallPosition
 .text.XMC_CCU4_EnableClock
                0x08020c78       0x22 ./MotorLib/MCUInit/ccu4.o
 .text.XMC_CCU4_SLICE_SetTimerPeriodMatch
                0x08020c9a       0x1e ./MotorLib/MCUInit/ccu4.o
 .text.XMC_CCU4_SLICE_SetTimerCompareMatch
                0x08020cb8       0x1e ./MotorLib/MCUInit/ccu4.o
 .text.XMC_CCU4_EnableShadowTransfer
                0x08020cd6       0x1c ./MotorLib/MCUInit/ccu4.o
 .text.XMC_CCU4_SLICE_EnableFloatingPrescaler
                0x08020cf2       0x20 ./MotorLib/MCUInit/ccu4.o
 .text.XMC_CCU4_SLICE_EnableEvent
                0x08020d12       0x2e ./MotorLib/MCUInit/ccu4.o
 .text.Motor0_BLDC_SCALAR_CCU4_3Hall_Init
                0x08020d40       0x1c ./MotorLib/MCUInit/ccu4.o
                0x08020d40                Motor0_BLDC_SCALAR_CCU4_3Hall_Init
 .text.Motor0_BLDC_SCALAR_CCU4_3Hall_PhaseDelay_Init
                0x08020d5c       0x74 ./MotorLib/MCUInit/ccu4.o
                0x08020d5c                Motor0_BLDC_SCALAR_CCU4_3Hall_PhaseDelay_Init
 .text.Motor0_BLDC_SCALAR_CCU4_3Hall_SpeedCapture_Init
                0x08020dd0       0x48 ./MotorLib/MCUInit/ccu4.o
                0x08020dd0                Motor0_BLDC_SCALAR_CCU4_3Hall_SpeedCapture_Init
 .text.XMC_CCU8_EnableClock
                0x08020e18       0x22 ./MotorLib/MCUInit/ccu8.o
 .text.XMC_CCU8_EnableShadowTransfer
                0x08020e3a       0x1c ./MotorLib/MCUInit/ccu8.o
 .text.XMC_CCU8_SLICE_EnableEvent
                0x08020e56       0x2e ./MotorLib/MCUInit/ccu8.o
 .text.BLDC_SCALAR_CCU8_Event_Init
                0x08020e84       0x2e ./MotorLib/MCUInit/ccu8.o
 *fill*         0x08020eb2        0x2 
 .text.Motor0_BLDC_SCALAR_CCU8_Slice_Init
                0x08020eb4       0x88 ./MotorLib/MCUInit/ccu8.o
 .text.Motor0_BLDC_SCALAR_CCU8_PWM_Init
                0x08020f3c       0x6c ./MotorLib/MCUInit/ccu8.o
                0x08020f3c                Motor0_BLDC_SCALAR_CCU8_PWM_Init
 .text.Motor0_BLDC_SCALAR_GPIO_PWM_Init
                0x08020fa8       0x64 ./MotorLib/MCUInit/gpio.o
                0x08020fa8                Motor0_BLDC_SCALAR_GPIO_PWM_Init
 .text.Motor0_BLDC_SCALAR_GPIO_3Hall_Init
                0x0802100c       0x30 ./MotorLib/MCUInit/gpio.o
                0x0802100c                Motor0_BLDC_SCALAR_GPIO_3Hall_Init
 .text.Motor0_BLDC_SCALAR_GPIO_Inverter_Init
                0x0802103c       0x1c ./MotorLib/MCUInit/gpio.o
                0x0802103c                Motor0_BLDC_SCALAR_GPIO_Inverter_Init
 .text.__NVIC_GetPriorityGrouping
                0x08021058       0x1c ./MotorLib/MCUInit/nvic.o
 .text.__NVIC_EnableIRQ
                0x08021074       0x3c ./MotorLib/MCUInit/nvic.o
 .text.__NVIC_SetPriority
                0x080210b0       0x54 ./MotorLib/MCUInit/nvic.o
 .text.NVIC_EncodePriority
                0x08021104       0x66 ./MotorLib/MCUInit/nvic.o
 .text.BLDC_SCALAR_NVIC_NodeInit
                0x0802116a       0x3e ./MotorLib/MCUInit/nvic.o
                0x0802116a                BLDC_SCALAR_NVIC_NodeInit
 .text.XMC_POSIF_EnableEvent
                0x080211a8       0x2a ./MotorLib/MCUInit/posif.o
 *fill*         0x080211d2        0x2 
 .text.Motor0_BLDC_SCALAR_POSIF_3Hall_Init
                0x080211d4       0x68 ./MotorLib/MCUInit/posif.o
                0x080211d4                Motor0_BLDC_SCALAR_POSIF_3Hall_Init
 .text.XMC_VADC_GROUP_QueueSetGatingMode
                0x0802123c       0x38 ./MotorLib/MCUInit/vadc.o
 .text.XMC_VADC_GROUP_QueueFlushEntries
                0x08021274       0x36 ./MotorLib/MCUInit/vadc.o
 *fill*         0x080212aa        0x2 
 .text.Motor0_BLDC_SCALAR_VADC_Init
                0x080212ac       0x50 ./MotorLib/MCUInit/vadc.o
                0x080212ac                Motor0_BLDC_SCALAR_VADC_Init
 .text.XMC_CCU8_EnableShadowTransfer
                0x080212fc       0x1c ./MotorLib/Interrupts/bldc_scalar_control_loop.o
 .text.XMC_POSIF_HSC_GetLastSampledPattern
                0x08021318       0x26 ./MotorLib/Interrupts/bldc_scalar_control_loop.o
 .text.XMC_VADC_GROUP_GetResult
                0x0802133e       0x22 ./MotorLib/Interrupts/bldc_scalar_control_loop.o
 .text.Motor0_BLDC_SCALAR_PWM_BC_DutyCycleUpdate
                0x08021360       0x8c ./MotorLib/Interrupts/bldc_scalar_control_loop.o
 .text.Motor0_BLDC_SCALAR_SPEED_POS_HALL_ClearSpeedFilter
                0x080213ec       0x54 ./MotorLib/Interrupts/bldc_scalar_control_loop.o
 .text.Motor0_BLDC_SCALAR_SPEED_POS_HALL_GetLastHallPattern
                0x08021440       0x20 ./MotorLib/Interrupts/bldc_scalar_control_loop.o
 .text.VADC_GetResult
                0x08021460       0x20 ./MotorLib/Interrupts/bldc_scalar_control_loop.o
 .text.Motor0_BLDC_SCALAR_PT1_MinMaxLimiter
                0x08021480       0x3a ./MotorLib/Interrupts/bldc_scalar_control_loop.o
 .text.Motor0_BLDC_SCALAR_PT1_Filter
                0x080214ba       0x4a ./MotorLib/Interrupts/bldc_scalar_control_loop.o
 .text.Motor0_BLDC_SCALAR_GetCurrentValue
                0x08021504       0x9c ./MotorLib/Interrupts/bldc_scalar_control_loop.o
 .text.Motor0_BLDC_SCALAR_GetAverageCurrentValue
                0x080215a0       0x50 ./MotorLib/Interrupts/bldc_scalar_control_loop.o
 .text.Motor0_BLDC_SCALAR_PI_MIN_MAX_LIMIT
                0x080215f0       0x3a ./MotorLib/Interrupts/bldc_scalar_control_loop.o
 .text.Motor0_BLDC_SCALAR_PI_SAT_STATE
                0x0802162a       0x2a ./MotorLib/Interrupts/bldc_scalar_control_loop.o
 .text.Motor0_BLDC_SCALAR_PI_Controller
                0x08021654       0x6e ./MotorLib/Interrupts/bldc_scalar_control_loop.o
 *fill*         0x080216c2        0x2 
 .text.Motor0_BLDC_SCALAR_SpeedControlScheme
                0x080216c4       0x4c ./MotorLib/Interrupts/bldc_scalar_control_loop.o
 .text.Motor0_BLDC_SCALAR_DirectionControl
                0x08021710       0xb8 ./MotorLib/Interrupts/bldc_scalar_control_loop.o
 .text.XMC_CCU4_StartPrescaler
                0x080217c8       0x1c ./MotorLib/Interrupts/bldc_scalar_hall_event.o
 .text.XMC_CCU4_StopPrescaler
                0x080217e4       0x1c ./MotorLib/Interrupts/bldc_scalar_hall_event.o
 .text.XMC_CCU4_SLICE_StartTimer
                0x08021800       0x1a ./MotorLib/Interrupts/bldc_scalar_hall_event.o
 .text.XMC_CCU4_SLICE_StopTimer
                0x0802181a       0x1a ./MotorLib/Interrupts/bldc_scalar_hall_event.o
 .text.XMC_CCU4_SLICE_GetTimerValue
                0x08021834       0x1a ./MotorLib/Interrupts/bldc_scalar_hall_event.o
 .text.XMC_CCU4_SLICE_SetTimerValue
                0x0802184e       0x1e ./MotorLib/Interrupts/bldc_scalar_hall_event.o
 .text.XMC_POSIF_HSC_GetLastSampledPattern
                0x0802186c       0x26 ./MotorLib/Interrupts/bldc_scalar_hall_event.o
 .text.XMC_POSIF_HSC_GetExpectedPattern
                0x08021892       0x22 ./MotorLib/Interrupts/bldc_scalar_hall_event.o
 .text.XMC_POSIF_HSC_SetHallPatterns
                0x080218b4       0x22 ./MotorLib/Interrupts/bldc_scalar_hall_event.o
 .text.XMC_POSIF_HSC_UpdateHallPattern
                0x080218d6       0x1a ./MotorLib/Interrupts/bldc_scalar_hall_event.o
 .text.XMC_POSIF_ClearEvent
                0x080218f0       0x22 ./MotorLib/Interrupts/bldc_scalar_hall_event.o
 .text.XMC_POSIF_GetEventStatus
                0x08021912       0x2a ./MotorLib/Interrupts/bldc_scalar_hall_event.o
 .text.Motor0_BLDC_SCALAR_SPEED_POS_HALL_SetHallPattern
                0x0802193c       0x20 ./MotorLib/Interrupts/bldc_scalar_hall_event.o
 .text.Motor0_BLDC_SCALAR_SPEED_POS_HALL_UpdateHallPattern
                0x0802195c       0x14 ./MotorLib/Interrupts/bldc_scalar_hall_event.o
 .text.Motor0_BLDC_SCALAR_SPEED_POS_HALL_GetExpectedPattern
                0x08021970       0x20 ./MotorLib/Interrupts/bldc_scalar_hall_event.o
 .text.Motor0_BLDC_SCALAR_SPEED_POS_HALL_GetHallEventTime
                0x08021990       0x20 ./MotorLib/Interrupts/bldc_scalar_hall_event.o
 .text.Motor0_BLDC_SCALAR_SPEED_POS_HALL_GetLastHallPattern
                0x080219b0       0x20 ./MotorLib/Interrupts/bldc_scalar_hall_event.o
 .text.Motor0_BLDC_SCALAR_SPEED_POS_HALL_ResetCaptureTimePrescaler
                0x080219d0       0x38 ./MotorLib/Interrupts/bldc_scalar_hall_event.o
 .text.Motor0_BLDC_SCALAR_SPEED_POS_HALL_GetCapTimerVal
                0x08021a08       0x20 ./MotorLib/Interrupts/bldc_scalar_hall_event.o
 .text.Motor0_BLDC_SCALAR_SPEED_POS_HALL_GetEventStatus
                0x08021a28       0x24 ./MotorLib/Interrupts/bldc_scalar_hall_event.o
 .text.Motor0_BLDC_SCALAR_SPEED_POS_HALL_ClearEvent
                0x08021a4c       0x20 ./MotorLib/Interrupts/bldc_scalar_hall_event.o
 .text.Motor0_BLDC_SCALAR_WrongHallEvent
                0x08021a6c      0x188 ./MotorLib/Interrupts/bldc_scalar_hall_event.o
 .text.Motor0_BLDC_SCALAR_CorrectHallEvent
                0x08021bf4       0xe8 ./MotorLib/Interrupts/bldc_scalar_hall_event.o
 .text.XMC_POSIF_HSC_GetLastSampledPattern
                0x08021cdc       0x26 ./MotorLib/Interrupts/bldc_scalar_pattern_shadowtx.o
 .text.XMC_POSIF_HSC_GetExpectedPattern
                0x08021d02       0x22 ./MotorLib/Interrupts/bldc_scalar_pattern_shadowtx.o
 .text.XMC_POSIF_HSC_SetHallPatterns
                0x08021d24       0x22 ./MotorLib/Interrupts/bldc_scalar_pattern_shadowtx.o
 .text.XMC_POSIF_MCM_SetMultiChannelPattern
                0x08021d46       0x1e ./MotorLib/Interrupts/bldc_scalar_pattern_shadowtx.o
 .text.XMC_POSIF_MCM_GetMultiChannelPattern
                0x08021d64       0x1a ./MotorLib/Interrupts/bldc_scalar_pattern_shadowtx.o
 .text.XMC_POSIF_MCM_GetShadowMultiChannelPattern
                0x08021d7e       0x1a ./MotorLib/Interrupts/bldc_scalar_pattern_shadowtx.o
 .text.Motor0_BLDC_SCALAR_SPEED_POS_HALL_ReadCaptureValue
                0x08021d98       0x74 ./MotorLib/Interrupts/bldc_scalar_pattern_shadowtx.o
 .text.Motor0_BLDC_SCALAR_SPEED_POS_HALL_SetMultiChannelPattern
                0x08021e0c       0x20 ./MotorLib/Interrupts/bldc_scalar_pattern_shadowtx.o
 .text.Motor0_BLDC_SCALAR_SPEED_POS_HALL_GetMultiChannelPattern
                0x08021e2c       0x20 ./MotorLib/Interrupts/bldc_scalar_pattern_shadowtx.o
 .text.Motor0_BLDC_SCALAR_SPEED_POS_HALL_GetShadowMultiChannelPattern
                0x08021e4c       0x20 ./MotorLib/Interrupts/bldc_scalar_pattern_shadowtx.o
 .text.Motor0_BLDC_SCALAR_SPEED_POS_HALL_SetHallPattern
                0x08021e6c       0x20 ./MotorLib/Interrupts/bldc_scalar_pattern_shadowtx.o
 .text.Motor0_BLDC_SCALAR_SPEED_POS_HALL_GetExpectedPattern
                0x08021e8c       0x20 ./MotorLib/Interrupts/bldc_scalar_pattern_shadowtx.o
 .text.Motor0_BLDC_SCALAR_SPEED_POS_HALL_GetLastHallPattern
                0x08021eac       0x20 ./MotorLib/Interrupts/bldc_scalar_pattern_shadowtx.o
 .text.XMC_VADC_GROUP_GetResult
                0x08021ecc       0x22 ./MotorLib/Interrupts/bldc_scalar_protection_error.o
 .text.VADC_GetResult
                0x08021eee       0x20 ./MotorLib/Interrupts/bldc_scalar_protection_error.o
 .text.Motor0_BLDC_SCALAR_PT1_MinMaxLimiter
                0x08021f0e       0x3a ./MotorLib/Interrupts/bldc_scalar_protection_error.o
 .text.Motor0_BLDC_SCALAR_PT1_Filter
                0x08021f48       0x4a ./MotorLib/Interrupts/bldc_scalar_protection_error.o
 *fill*         0x08021f92        0x2 
 .text.Motor0_BLDC_SCALAR_GetCurrentValue
                0x08021f94       0x9c ./MotorLib/Interrupts/bldc_scalar_protection_error.o
 .text.VADC0_C0_0_IRQHandler
                0x08022030       0x98 ./MotorLib/Interrupts/bldc_scalar_protection_error.o
                0x08022030                VADC0_C0_0_IRQHandler
 .text.__NVIC_ClearPendingIRQ
                0x080220c8       0x3c ./MotorLib/Interrupts/bldc_scalar_state_machine.o
 .text.XMC_SCU_SetCcuTriggerHigh
                0x08022104       0x24 ./MotorLib/Interrupts/bldc_scalar_state_machine.o
 .text.XMC_POSIF_HSC_GetExpectedPattern
                0x08022128       0x22 ./MotorLib/Interrupts/bldc_scalar_state_machine.o
 .text.XMC_POSIF_HSC_SetHallPatterns
                0x0802214a       0x22 ./MotorLib/Interrupts/bldc_scalar_state_machine.o
 .text.XMC_POSIF_HSC_UpdateHallPattern
                0x0802216c       0x1a ./MotorLib/Interrupts/bldc_scalar_state_machine.o
 .text.XMC_POSIF_DisableEvent
                0x08022186       0x2c ./MotorLib/Interrupts/bldc_scalar_state_machine.o
 .text.Motor0_BLDC_SCALAR_CCU8_PWM_Start
                0x080221b2       0x10 ./MotorLib/Interrupts/bldc_scalar_state_machine.o
 *fill*         0x080221c2        0x2 
 .text.Motor0_BLDC_SCALAR_SPEED_POS_HALL_ClearSpeedFilter
                0x080221c4       0x54 ./MotorLib/Interrupts/bldc_scalar_state_machine.o
 .text.Motor0_BLDC_SCALAR_SPEED_POS_HALL_SetHallPattern
                0x08022218       0x20 ./MotorLib/Interrupts/bldc_scalar_state_machine.o
 .text.Motor0_BLDC_SCALAR_SPEED_POS_HALL_UpdateHallPattern
                0x08022238       0x14 ./MotorLib/Interrupts/bldc_scalar_state_machine.o
 .text.Motor0_BLDC_SCALAR_SPEED_POS_HALL_GetExpectedPattern
                0x0802224c       0x20 ./MotorLib/Interrupts/bldc_scalar_state_machine.o
 .text.Motor0_BLDC_SCALAR_SPEED_POS_HALL_DisableEvent
                0x0802226c       0x20 ./MotorLib/Interrupts/bldc_scalar_state_machine.o
 .text.Motor0_BLDC_SCALAR_MSM_START_Func
                0x0802228c       0x1e ./MotorLib/Interrupts/bldc_scalar_state_machine.o
 .text.Motor0_BLDC_SCALAR_MSM_START_Exit_Func
                0x080222aa        0xc ./MotorLib/Interrupts/bldc_scalar_state_machine.o
 *fill*         0x080222b6        0x2 
 .text.Motor0_BLDC_SCALAR_MSM_NORMAL_OPERATION_Entry_Func
                0x080222b8       0x84 ./MotorLib/Interrupts/bldc_scalar_state_machine.o
 .text.Motor0_BLDC_SCALAR_MSM_NORMAL_OPERATION_Func
                0x0802233c       0x78 ./MotorLib/Interrupts/bldc_scalar_state_machine.o
 .text.Motor0_BLDC_SCALAR_MSM_STATE_IDENTIFICATION_Entry_Func
                0x080223b4       0x80 ./MotorLib/Interrupts/bldc_scalar_state_machine.o
 .text.Motor0_BLDC_SCALAR_MSM_MOTOR_STATE_IDENTIFICATION_Func
                0x08022434       0x16 ./MotorLib/Interrupts/bldc_scalar_state_machine.o
 *fill*         0x0802244a        0x2 
 .text.Motor0_BLDC_SCALAR_MSM_STATE_IDENTIFICATION_Exit_Func
                0x0802244c       0x98 ./MotorLib/Interrupts/bldc_scalar_state_machine.o
 .text.Motor0_BLDC_SCALAR_MSM_ERROR_Func
                0x080224e4       0x24 ./MotorLib/Interrupts/bldc_scalar_state_machine.o
 .text.XMC_POSIF_HSC_GetExpectedPattern
                0x08022508       0x22 ./MotorLib/ControlModule/bldc_scalar_control_hall.o
 .text.XMC_POSIF_HSC_SetHallPatterns
                0x0802252a       0x22 ./MotorLib/ControlModule/bldc_scalar_control_hall.o
 .text.XMC_POSIF_HSC_UpdateHallPattern
                0x0802254c       0x1a ./MotorLib/ControlModule/bldc_scalar_control_hall.o
 .text.XMC_POSIF_MCM_SetMultiChannelPattern
                0x08022566       0x1e ./MotorLib/ControlModule/bldc_scalar_control_hall.o
 .text.XMC_POSIF_MCM_GetMultiChannelPattern
                0x08022584       0x1a ./MotorLib/ControlModule/bldc_scalar_control_hall.o
 .text.XMC_POSIF_MCM_GetShadowMultiChannelPattern
                0x0802259e       0x1a ./MotorLib/ControlModule/bldc_scalar_control_hall.o
 .text.XMC_POSIF_MCM_UpdateMultiChannelPattern
                0x080225b8       0x20 ./MotorLib/ControlModule/bldc_scalar_control_hall.o
 .text.XMC_POSIF_DisableEvent
                0x080225d8       0x2c ./MotorLib/ControlModule/bldc_scalar_control_hall.o
 .text.Motor0_BLDC_SCALAR_SPEED_POS_HALL_SetMultiChannelPattern
                0x08022604       0x20 ./MotorLib/ControlModule/bldc_scalar_control_hall.o
 .text.Motor0_BLDC_SCALAR_SPEED_POS_HALL_UpdateMultiChannelPattern
                0x08022624       0x14 ./MotorLib/ControlModule/bldc_scalar_control_hall.o
 .text.Motor0_BLDC_SCALAR_SPEED_POS_HALL_GetMultiChannelPattern
                0x08022638       0x20 ./MotorLib/ControlModule/bldc_scalar_control_hall.o
 .text.Motor0_BLDC_SCALAR_SPEED_POS_HALL_GetShadowMultiChannelPattern
                0x08022658       0x20 ./MotorLib/ControlModule/bldc_scalar_control_hall.o
 .text.Motor0_BLDC_SCALAR_SPEED_POS_HALL_SetHallPattern
                0x08022678       0x20 ./MotorLib/ControlModule/bldc_scalar_control_hall.o
 .text.Motor0_BLDC_SCALAR_SPEED_POS_HALL_UpdateHallPattern
                0x08022698       0x14 ./MotorLib/ControlModule/bldc_scalar_control_hall.o
 .text.Motor0_BLDC_SCALAR_SPEED_POS_HALL_GetExpectedPattern
                0x080226ac       0x20 ./MotorLib/ControlModule/bldc_scalar_control_hall.o
 .text.Motor0_BLDC_SCALAR_SPEED_POS_HALL_DisableEvent
                0x080226cc       0x20 ./MotorLib/ControlModule/bldc_scalar_control_hall.o
 .text.Motor0_BLDC_SCALAR_State_Identification
                0x080226ec       0x9c ./MotorLib/ControlModule/bldc_scalar_control_hall.o
                0x080226ec                Motor0_BLDC_SCALAR_State_Identification
 .text.Motor0_BLDC_SCALAR_MotorParamInit
                0x08022788       0xcc ./MotorLib/ControlModule/bldc_scalar_control_scheme.o
                0x08022788                Motor0_BLDC_SCALAR_MotorParamInit
 .text.Motor0_BLDC_SCALAR_MotorVarInit
                0x08022854       0xd8 ./MotorLib/bldc_scalar_user_interface.o
 .text.Motor0_BLDC_SCALAR_MeasurementInit
                0x0802292c       0x10 ./MotorLib/bldc_scalar_user_interface.o
 .text.Motor0_BLDC_SCALAR_Init
                0x0802293c       0x38 ./MotorLib/bldc_scalar_user_interface.o
                0x0802293c                Motor0_BLDC_SCALAR_Init
 .text.Motor0_BLDC_SCALAR_MotorStart
                0x08022974       0x24 ./MotorLib/bldc_scalar_user_interface.o
                0x08022974                Motor0_BLDC_SCALAR_MotorStart
 .text.Motor0_BLDC_SCALAR_MotorStop
                0x08022998       0x48 ./MotorLib/bldc_scalar_user_interface.o
                0x08022998                Motor0_BLDC_SCALAR_MotorStop
 .text.Motor0_BLDC_SCALAR_GetMotorSpeed
                0x080229e0       0x2c ./MotorLib/motor.o
 .text.Motor0_BLDC_SCALAR_GetAverageDCLinkCurrent
                0x08022a0c       0xb8 ./MotorLib/motor.o
 .text.Motor0_BLDC_SCALAR_SetSpeedVal
                0x08022ac4       0x48 ./MotorLib/motor.o
 .text.Motor0_BLDC_SCALAR_SetSpeedProportionalGain
                0x08022b0c       0x34 ./MotorLib/motor.o
 .text.Motor0_BLDC_SCALAR_SetSpeedIntegralGain
                0x08022b40       0x34 ./MotorLib/motor.o
 .text.Motor0_BLDC_SCALAR_SetSpeedPILimit
                0x08022b74       0x50 ./MotorLib/motor.o
 .text.Motor0_BLDC_SCALAR_ClearErrorState
                0x08022bc4       0x18 ./MotorLib/motor.o
 .text.MotorInit
                0x08022bdc       0x5c ./MotorLib/motor.o
                0x08022bdc                MotorInit
 .text.MotorStart
                0x08022c38        0xc ./MotorLib/motor.o
                0x08022c38                MotorStart
 .text.MotorStop
                0x08022c44        0xc ./MotorLib/motor.o
                0x08022c44                MotorStop
 .text.MotorSetSpeed
                0x08022c50       0x16 ./MotorLib/motor.o
                0x08022c50                MotorSetSpeed
 .text.MotorSetProportionalGain
                0x08022c66       0x1a ./MotorLib/motor.o
                0x08022c66                MotorSetProportionalGain
 .text.MotorSetIntegralGain
                0x08022c80       0x1a ./MotorLib/motor.o
                0x08022c80                MotorSetIntegralGain
 .text.MotorSetPILimit
                0x08022c9a       0x1a ./MotorLib/motor.o
                0x08022c9a                MotorSetPILimit
 .text.MotorClearError
                0x08022cb4        0xc ./MotorLib/motor.o
                0x08022cb4                MotorClearError
 .text.MotorRead
                0x08022cc0       0x50 ./MotorLib/motor.o
                0x08022cc0                MotorRead
 .text.HallTimerProc
                0x08022d10      0x164 ./MotorLib/motor.o
                0x08022d10                HallTimerProc
 .text.MotorStepProc
                0x08022e74       0x14 ./MotorLib/motor.o
                0x08022e74                MotorStepProc
 .text.XMC_GPIO_SetOutputHigh
                0x08022e88       0x22 ./MainAlg/Peripherials/Buzzer.o
 .text.XMC_GPIO_SetOutputLow
                0x08022eaa       0x24 ./MainAlg/Peripherials/Buzzer.o
 .text.DIGITAL_IO_SetOutputHigh
                0x08022ece       0x20 ./MainAlg/Peripherials/Buzzer.o
 .text.DIGITAL_IO_SetOutputLow
                0x08022eee       0x20 ./MainAlg/Peripherials/Buzzer.o
 *fill*         0x08022f0e        0x2 
 .text.WriteBuzzer
                0x08022f10      0x128 ./MainAlg/Peripherials/Buzzer.o
                0x08022f10                WriteBuzzer
 .text.CCU43_3_IRQHandler
                0x08023038       0x20 ./MainAlg/Peripherials/Buzzer.o
                0x08023038                CCU43_3_IRQHandler
 .text.CCU43_2_IRQHandler
                0x08023058       0x20 ./MainAlg/Peripherials/Buzzer.o
                0x08023058                CCU43_2_IRQHandler
 .text.XMC_GPIO_SetOutputHigh
                0x08023078       0x22 ./MainAlg/door_periph.o
 .text.XMC_GPIO_SetOutputLow
                0x0802309a       0x24 ./MainAlg/door_periph.o
 .text.XMC_GPIO_GetInput
                0x080230be       0x26 ./MainAlg/door_periph.o
 .text.DIGITAL_IO_SetOutputHigh
                0x080230e4       0x20 ./MainAlg/door_periph.o
 .text.DIGITAL_IO_SetOutputLow
                0x08023104       0x20 ./MainAlg/door_periph.o
 .text.DIGITAL_IO_GetInput
                0x08023124       0x22 ./MainAlg/door_periph.o
 *fill*         0x08023146        0x2 
 .text.DoorPeriphInit
                0x08023148       0xa4 ./MainAlg/door_periph.o
                0x08023148                DoorPeriphInit
 .text.ReadInputs
                0x080231ec       0x6c ./MainAlg/door_periph.o
                0x080231ec                ReadInputs
 .text.ReadOpen1DoorButton
                0x08023258       0x30 ./MainAlg/door_periph.o
                0x08023258                ReadOpen1DoorButton
 .text.ReadCloseSensor
                0x08023288       0x58 ./MainAlg/door_periph.o
                0x08023288                ReadCloseSensor
 .text.ReadServiceButton
                0x080232e0       0x5c ./MainAlg/door_periph.o
                0x080232e0                ReadServiceButton
 .text.ReadPassengerButton
                0x0802333c       0x3c ./MainAlg/door_periph.o
                0x0802333c                ReadPassengerButton
 .text.ReadDisabledButton
                0x08023378       0x3c ./MainAlg/door_periph.o
                0x08023378                ReadDisabledButton
 .text.ReadActiveRubber
                0x080233b4       0x30 ./MainAlg/door_periph.o
                0x080233b4                ReadActiveRubber
 .text.WriteClutch
                0x080233e4       0xbc ./MainAlg/door_periph.o
                0x080233e4                WriteClutch
 .text.WritePassengerButton
                0x080234a0       0x2c ./MainAlg/door_periph.o
                0x080234a0                WritePassengerButton
 .text.WriteRubberLights
                0x080234cc      0x2f4 ./MainAlg/door_periph.o
                0x080234cc                WriteRubberLights
 .text.LedPwmTimerProc
                0x080237c0      0x110 ./MainAlg/door_periph.o
                0x080237c0                LedPwmTimerProc
 .text.CAN_NODE_MO_UpdateID
                0x080238d0       0x1e ./MainAlg/ext_can.o
 *fill*         0x080238ee        0x2 
 .text.Can1Tx1Send
                0x080238f0       0x34 ./MainAlg/ext_can.o
                0x080238f0                Can1Tx1Send
 .text.Can1Rx1Parce
                0x08023924       0x64 ./MainAlg/ext_can.o
                0x08023924                Can1Rx1Parce
 .text.Can1Rx2Parce
                0x08023988       0x50 ./MainAlg/ext_can.o
                0x08023988                Can1Rx2Parce
 .text.Can1Rx3Parce
                0x080239d8       0x88 ./MainAlg/ext_can.o
                0x080239d8                Can1Rx3Parce
 .text.Can1Tx1Prep
                0x08023a60      0x1bc ./MainAlg/ext_can.o
                0x08023a60                Can1Tx1Prep
 .text.CAN0_6_IRQHandler
                0x08023c1c       0xf4 ./MainAlg/ext_can.o
                0x08023c1c                CAN0_6_IRQHandler
 .text.CAN0_3_IRQHandler
                0x08023d10       0x5c ./MainAlg/ext_can.o
                0x08023d10                CAN0_3_IRQHandler
 .text.CAN0_5_IRQHandler
                0x08023d6c       0x80 ./MainAlg/ext_can.o
                0x08023d6c                CAN0_5_IRQHandler
 .text.CAN0_0_IRQHandler
                0x08023dec       0x20 ./MainAlg/ext_can.o
                0x08023dec                CAN0_0_IRQHandler
 .text.XMC_GPIO_SetOutputHigh
                0x08023e0c       0x22 ./MainAlg/main_alg.o
 .text.XMC_GPIO_SetOutputLow
                0x08023e2e       0x24 ./MainAlg/main_alg.o
 .text.XMC_GPIO_ToggleOutput
                0x08023e52       0x24 ./MainAlg/main_alg.o
 .text.DIGITAL_IO_SetOutputHigh
                0x08023e76       0x20 ./MainAlg/main_alg.o
 .text.DIGITAL_IO_SetOutputLow
                0x08023e96       0x20 ./MainAlg/main_alg.o
 .text.DIGITAL_IO_ToggleOutput
                0x08023eb6       0x20 ./MainAlg/main_alg.o
 .text.CAN_NODE_MO_UpdateID
                0x08023ed6       0x1e ./MainAlg/main_alg.o
 .text.MainAlgInit
                0x08023ef4       0x74 ./MainAlg/main_alg.o
                0x08023ef4                MainAlgInit
 .text.MainProc
                0x08023f68      0xdb0 ./MainAlg/main_alg.o
                0x08023f68                MainProc
 .text.ReadPeripherials
                0x08024d18       0x20 ./MainAlg/main_alg.o
                0x08024d18                ReadPeripherials
 .text.SendExtCan
                0x08024d38       0x38 ./MainAlg/main_alg.o
                0x08024d38                SendExtCan
 .text.SendDiagnostics
                0x08024d70      0x1b4 ./MainAlg/main_alg.o
                0x08024d70                SendDiagnostics
 .text.SaveProc
                0x08024f24       0x48 ./MainAlg/main_alg.o
                0x08024f24                SaveProc
 .text.Homing   0x08024f6c      0x314 ./MainAlg/moving.o
                0x08024f6c                Homing
 .text.CloseDoor
                0x08025280      0x2a0 ./MainAlg/moving.o
                0x08025280                CloseDoor
 .text.OpenDoor
                0x08025520      0x470 ./MainAlg/moving.o
                0x08025520                OpenDoor
 .text.OpenAfterBlockage
                0x08025990      0x30c ./MainAlg/moving.o
                0x08025990                OpenAfterBlockage
 .text.ForceHold
                0x08025c9c       0x48 ./MainAlg/moving.o
                0x08025c9c                ForceHold
 .text.ForceClose
                0x08025ce4      0x1f4 ./MainAlg/moving.o
                0x08025ce4                ForceClose
 .text.ReadAllPresets
                0x08025ed8       0x1a ./MainAlg/presets.o
                0x08025ed8                ReadAllPresets
 .text.SaveAllPresets
                0x08025ef2       0x20 ./MainAlg/presets.o
                0x08025ef2                SaveAllPresets
 *fill*         0x08025f12        0x2 
 .text.XMC_FLASH_SetMargin
                0x08025f14       0x34 ./MainAlg/retain_xmc4.o
 .text.XMC_FLASH_EnableDoubleBitErrorTrap
                0x08025f48       0x28 ./MainAlg/retain_xmc4.o
 .text.XMC_FLASH_DisableDoubleBitErrorTrap
                0x08025f70       0x28 ./MainAlg/retain_xmc4.o
 .text.XMC_FCE_InitializeSeedValue
                0x08025f98       0x1e ./MainAlg/retain_xmc4.o
 *fill*         0x08025fb6        0x2 
 .text.E_EEPROM_XMC4_Init
                0x08025fb8       0xd4 ./MainAlg/retain_xmc4.o
                0x08025fb8                E_EEPROM_XMC4_Init
 .text.E_EEPROM_XMC4_WriteArray
                0x0802608c       0x64 ./MainAlg/retain_xmc4.o
                0x0802608c                E_EEPROM_XMC4_WriteArray
 .text.E_EEPROM_XMC4_ReadArray
                0x080260f0       0x50 ./MainAlg/retain_xmc4.o
                0x080260f0                E_EEPROM_XMC4_ReadArray
 .text.E_EEPROM_XMC4_UpdateFlashContents
                0x08026140       0xa4 ./MainAlg/retain_xmc4.o
                0x08026140                E_EEPROM_XMC4_UpdateFlashContents
 .text.E_EEPROM_XMC4_IsFlashEmpty
                0x080261e4       0x28 ./MainAlg/retain_xmc4.o
                0x080261e4                E_EEPROM_XMC4_IsFlashEmpty
 .text.E_EEPROM_XMC4_lWriteToFlash
                0x0802620c       0x7c ./MainAlg/retain_xmc4.o
 .text.E_EEPROM_XMC4_lInitReadSectorInfo
                0x08026288       0xb0 ./MainAlg/retain_xmc4.o
 .text.E_EEPROM_XMC4_lInitEraseStateMachine
                0x08026338       0x80 ./MainAlg/retain_xmc4.o
 .text.E_EEPROM_XMC4_lCalculateCRC
                0x080263b8       0x30 ./MainAlg/retain_xmc4.o
 .text.E_EEPROM_XMC4_lCopyFlashToRam
                0x080263e8       0x50 ./MainAlg/retain_xmc4.o
 .text.XMC_FLASH_lEnterPageModeCommand
                0x08026438       0x20 ./Libraries/XMCLib/src/xmc4_flash.o
                0x08026438                XMC_FLASH_lEnterPageModeCommand
 .text.XMC_FLASH_lLoadPageCommand
                0x08026458       0x34 ./Libraries/XMCLib/src/xmc4_flash.o
                0x08026458                XMC_FLASH_lLoadPageCommand
 .text.XMC_FLASH_lWritePageCommand
                0x0802648c       0x44 ./Libraries/XMCLib/src/xmc4_flash.o
                0x0802648c                XMC_FLASH_lWritePageCommand
 .text.XMC_FLASH_lEraseSectorCommand
                0x080264d0       0x58 ./Libraries/XMCLib/src/xmc4_flash.o
                0x080264d0                XMC_FLASH_lEraseSectorCommand
 .text.XMC_FLASH_lClearStatusCommand
                0x08026528       0x20 ./Libraries/XMCLib/src/xmc4_flash.o
                0x08026528                XMC_FLASH_lClearStatusCommand
 .text.XMC_FLASH_ClearStatus
                0x08026548        0xc ./Libraries/XMCLib/src/xmc4_flash.o
                0x08026548                XMC_FLASH_ClearStatus
 .text.XMC_FLASH_GetStatus
                0x08026554       0x1c ./Libraries/XMCLib/src/xmc4_flash.o
                0x08026554                XMC_FLASH_GetStatus
 .text.XMC_FLASH_ProgramPage
                0x08026570       0x68 ./Libraries/XMCLib/src/xmc4_flash.o
                0x08026570                XMC_FLASH_ProgramPage
 .text.XMC_FLASH_EraseSector
                0x080265d8       0x34 ./Libraries/XMCLib/src/xmc4_flash.o
                0x080265d8                XMC_FLASH_EraseSector
 .text.XMC_GPIO_Init
                0x0802660c      0x14c ./Libraries/XMCLib/src/xmc4_gpio.o
                0x0802660c                XMC_GPIO_Init
 .text.XMC_SCU_CLOCK_GetCpuClockFrequency
                0x08026758       0x18 ./Libraries/XMCLib/src/xmc4_scu.o
 .text.XMC_SCU_lDelay
                0x08026770       0x48 ./Libraries/XMCLib/src/xmc4_scu.o
 .text.XMC_SCU_INTERUPT_GetEventStatus
                0x080267b8       0x18 ./Libraries/XMCLib/src/xmc4_scu.o
                0x080267b8                XMC_SCU_INTERUPT_GetEventStatus
 .text.XMC_SCU_INTERRUPT_ClearEventStatus
                0x080267d0       0x20 ./Libraries/XMCLib/src/xmc4_scu.o
                0x080267d0                XMC_SCU_INTERRUPT_ClearEventStatus
 .text.XMC_SCU_SetBootMode
                0x080267f0       0x20 ./Libraries/XMCLib/src/xmc4_scu.o
                0x080267f0                XMC_SCU_SetBootMode
 .text.XMC_SCU_CLOCK_Init
                0x08026810       0xda ./Libraries/XMCLib/src/xmc4_scu.o
                0x08026810                XMC_SCU_CLOCK_Init
 *fill*         0x080268ea        0x2 
 .text.XMC_SCU_RESET_DeassertPeripheralReset
                0x080268ec       0x3c ./Libraries/XMCLib/src/xmc4_scu.o
                0x080268ec                XMC_SCU_RESET_DeassertPeripheralReset
 .text.XMC_SCU_CLOCK_GetPeripheralClockFrequency
                0x08026928       0x20 ./Libraries/XMCLib/src/xmc4_scu.o
                0x08026928                XMC_SCU_CLOCK_GetPeripheralClockFrequency
 .text.XMC_SCU_CLOCK_SetSystemClockSource
                0x08026948       0x28 ./Libraries/XMCLib/src/xmc4_scu.o
                0x08026948                XMC_SCU_CLOCK_SetSystemClockSource
 .text.XMC_SCU_CLOCK_SetUsbClockSource
                0x08026970       0x28 ./Libraries/XMCLib/src/xmc4_scu.o
                0x08026970                XMC_SCU_CLOCK_SetUsbClockSource
 .text.XMC_SCU_CLOCK_SetWdtClockSource
                0x08026998       0x28 ./Libraries/XMCLib/src/xmc4_scu.o
                0x08026998                XMC_SCU_CLOCK_SetWdtClockSource
 .text.XMC_SCU_CLOCK_SetSystemPllClockSource
                0x080269c0       0x44 ./Libraries/XMCLib/src/xmc4_scu.o
                0x080269c0                XMC_SCU_CLOCK_SetSystemPllClockSource
 .text.XMC_SCU_HIB_SetRtcClockSource
                0x08026a04       0x16 ./Libraries/XMCLib/src/xmc4_scu.o
                0x08026a04                XMC_SCU_HIB_SetRtcClockSource
 .text.XMC_SCU_HIB_SetStandbyClockSource
                0x08026a1a       0x16 ./Libraries/XMCLib/src/xmc4_scu.o
                0x08026a1a                XMC_SCU_HIB_SetStandbyClockSource
 .text.XMC_SCU_CLOCK_SetSystemClockDivider
                0x08026a30       0x2c ./Libraries/XMCLib/src/xmc4_scu.o
                0x08026a30                XMC_SCU_CLOCK_SetSystemClockDivider
 .text.XMC_SCU_CLOCK_SetCcuClockDivider
                0x08026a5c       0x2c ./Libraries/XMCLib/src/xmc4_scu.o
                0x08026a5c                XMC_SCU_CLOCK_SetCcuClockDivider
 .text.XMC_SCU_CLOCK_SetCpuClockDivider
                0x08026a88       0x2c ./Libraries/XMCLib/src/xmc4_scu.o
                0x08026a88                XMC_SCU_CLOCK_SetCpuClockDivider
 .text.XMC_SCU_CLOCK_SetPeripheralClockDivider
                0x08026ab4       0x2c ./Libraries/XMCLib/src/xmc4_scu.o
                0x08026ab4                XMC_SCU_CLOCK_SetPeripheralClockDivider
 .text.XMC_SCU_CLOCK_SetUsbClockDivider
                0x08026ae0       0x2c ./Libraries/XMCLib/src/xmc4_scu.o
                0x08026ae0                XMC_SCU_CLOCK_SetUsbClockDivider
 .text.XMC_SCU_CLOCK_SetEbuClockDivider
                0x08026b0c       0x2c ./Libraries/XMCLib/src/xmc4_scu.o
                0x08026b0c                XMC_SCU_CLOCK_SetEbuClockDivider
 .text.XMC_SCU_CLOCK_SetWdtClockDivider
                0x08026b38       0x2c ./Libraries/XMCLib/src/xmc4_scu.o
                0x08026b38                XMC_SCU_CLOCK_SetWdtClockDivider
 .text.XMC_SCU_CLOCK_EnableClock
                0x08026b64       0x20 ./Libraries/XMCLib/src/xmc4_scu.o
                0x08026b64                XMC_SCU_CLOCK_EnableClock
 .text.XMC_SCU_CLOCK_EnableUsbPll
                0x08026b84       0x24 ./Libraries/XMCLib/src/xmc4_scu.o
                0x08026b84                XMC_SCU_CLOCK_EnableUsbPll
 .text.XMC_SCU_CLOCK_StartUsbPll
                0x08026ba8       0x78 ./Libraries/XMCLib/src/xmc4_scu.o
                0x08026ba8                XMC_SCU_CLOCK_StartUsbPll
 .text.XMC_SCU_CLOCK_SetBackupClockCalibrationMode
                0x08026c20       0x4c ./Libraries/XMCLib/src/xmc4_scu.o
                0x08026c20                XMC_SCU_CLOCK_SetBackupClockCalibrationMode
 .text.XMC_SCU_HIB_EnableHibernateDomain
                0x08026c6c       0x58 ./Libraries/XMCLib/src/xmc4_scu.o
                0x08026c6c                XMC_SCU_HIB_EnableHibernateDomain
 .text.XMC_SCU_CLOCK_IsLowPowerOscillatorStable
                0x08026cc4       0x24 ./Libraries/XMCLib/src/xmc4_scu.o
                0x08026cc4                XMC_SCU_CLOCK_IsLowPowerOscillatorStable
 .text.XMC_SCU_CLOCK_EnableLowPowerOscillator
                0x08026ce8       0x74 ./Libraries/XMCLib/src/xmc4_scu.o
                0x08026ce8                XMC_SCU_CLOCK_EnableLowPowerOscillator
 .text.XMC_SCU_CLOCK_EnableHighPerformanceOscillator
                0x08026d5c       0x50 ./Libraries/XMCLib/src/xmc4_scu.o
                0x08026d5c                XMC_SCU_CLOCK_EnableHighPerformanceOscillator
 .text.XMC_SCU_CLOCK_IsHighPerformanceOscillatorStable
                0x08026dac       0x28 ./Libraries/XMCLib/src/xmc4_scu.o
                0x08026dac                XMC_SCU_CLOCK_IsHighPerformanceOscillatorStable
 .text.XMC_SCU_CLOCK_EnableSystemPll
                0x08026dd4       0x24 ./Libraries/XMCLib/src/xmc4_scu.o
                0x08026dd4                XMC_SCU_CLOCK_EnableSystemPll
 .text.XMC_SCU_CLOCK_DisableSystemPll
                0x08026df8       0x24 ./Libraries/XMCLib/src/xmc4_scu.o
                0x08026df8                XMC_SCU_CLOCK_DisableSystemPll
 .text.XMC_SCU_CLOCK_StartSystemPll
                0x08026e1c      0x178 ./Libraries/XMCLib/src/xmc4_scu.o
                0x08026e1c                XMC_SCU_CLOCK_StartSystemPll
 .text.XMC_SCU_CLOCK_StepSystemPllFrequency
                0x08026f94       0x30 ./Libraries/XMCLib/src/xmc4_scu.o
                0x08026f94                XMC_SCU_CLOCK_StepSystemPllFrequency
 .text.XMC_CAN_IsPanelControlReady
                0x08026fc4       0x28 ./Libraries/XMCLib/src/xmc_can.o
 .text.XMC_CAN_PanelControl
                0x08026fec       0x3e ./Libraries/XMCLib/src/xmc_can.o
 .text.XMC_CAN_NODE_EnableConfigurationChange
                0x0802702a       0x20 ./Libraries/XMCLib/src/xmc_can.o
 .text.XMC_CAN_NODE_DisableConfigurationChange
                0x0802704a       0x20 ./Libraries/XMCLib/src/xmc_can.o
 .text.max      0x0802706a       0x20 ./Libraries/XMCLib/src/xmc_can.o
 .text.min      0x0802708a       0x20 ./Libraries/XMCLib/src/xmc_can.o
 *fill*         0x080270aa        0x2 
 .text.XMC_CAN_NODE_NominalBitTimeConfigureEx
                0x080270ac      0x154 ./Libraries/XMCLib/src/xmc_can.o
                0x080270ac                XMC_CAN_NODE_NominalBitTimeConfigureEx
 .text.XMC_CAN_AllocateMOtoNodeList
                0x08027200       0x3c ./Libraries/XMCLib/src/xmc_can.o
                0x08027200                XMC_CAN_AllocateMOtoNodeList
 .text.XMC_CAN_Enable
                0x0802723c       0x38 ./Libraries/XMCLib/src/xmc_can.o
                0x0802723c                XMC_CAN_Enable
 .text.XMC_CAN_SetBaudrateClockSource
                0x08027274       0x18 ./Libraries/XMCLib/src/xmc_can.o
                0x08027274                XMC_CAN_SetBaudrateClockSource
 .text.XMC_CAN_GetBaudrateClockFrequency
                0x0802728c       0x1c ./Libraries/XMCLib/src/xmc_can.o
                0x0802728c                XMC_CAN_GetBaudrateClockFrequency
 .text.XMC_CAN_InitEx
                0x080272a8       0x80 ./Libraries/XMCLib/src/xmc_can.o
                0x080272a8                XMC_CAN_InitEx
 .text.XMC_CAN_MO_SetIdentifier
                0x08027328       0x6a ./Libraries/XMCLib/src/xmc_can.o
                0x08027328                XMC_CAN_MO_SetIdentifier
 *fill*         0x08027392        0x2 
 .text.XMC_CAN_MO_Config
                0x08027394      0x138 ./Libraries/XMCLib/src/xmc_can.o
                0x08027394                XMC_CAN_MO_Config
 .text.XMC_CAN_MO_UpdateData
                0x080274cc       0x70 ./Libraries/XMCLib/src/xmc_can.o
                0x080274cc                XMC_CAN_MO_UpdateData
 .text.XMC_CAN_MO_Transmit
                0x0802753c       0x5c ./Libraries/XMCLib/src/xmc_can.o
                0x0802753c                XMC_CAN_MO_Transmit
 .text.XMC_CAN_MO_Receive
                0x08027598      0x192 ./Libraries/XMCLib/src/xmc_can.o
                0x08027598                XMC_CAN_MO_Receive
 .text.XMC_CAN_NODE_EnableEvent
                0x0802772a       0x38 ./Libraries/XMCLib/src/xmc_can.o
                0x0802772a                XMC_CAN_NODE_EnableEvent
 .text.XMC_CCU4_StartPrescaler
                0x08027762       0x1c ./Libraries/XMCLib/src/xmc_ccu4.o
 *fill*         0x0802777e        0x2 
 .text.XMC_CCU4_lDeassertReset
                0x08027780       0x64 ./Libraries/XMCLib/src/xmc_ccu4.o
 .text.XMC_CCU4_EnableModule
                0x080277e4       0x1c ./Libraries/XMCLib/src/xmc_ccu4.o
                0x080277e4                XMC_CCU4_EnableModule
 .text.XMC_CCU4_Init
                0x08027800       0x3e ./Libraries/XMCLib/src/xmc_ccu4.o
                0x08027800                XMC_CCU4_Init
 .text.XMC_CCU4_SetMultiChannelShadowTransferMode
                0x0802783e       0x38 ./Libraries/XMCLib/src/xmc_ccu4.o
                0x0802783e                XMC_CCU4_SetMultiChannelShadowTransferMode
 .text.XMC_CCU4_SLICE_CompareInit
                0x08027876       0x6e ./Libraries/XMCLib/src/xmc_ccu4.o
                0x08027876                XMC_CCU4_SLICE_CompareInit
 .text.XMC_CCU4_SLICE_CaptureInit
                0x080278e4       0x4e ./Libraries/XMCLib/src/xmc_ccu4.o
                0x080278e4                XMC_CCU4_SLICE_CaptureInit
 .text.XMC_CCU4_SLICE_StartConfig
                0x08027932       0x5c ./Libraries/XMCLib/src/xmc_ccu4.o
                0x08027932                XMC_CCU4_SLICE_StartConfig
 .text.XMC_CCU4_SLICE_StopConfig
                0x0802798e       0x58 ./Libraries/XMCLib/src/xmc_ccu4.o
                0x0802798e                XMC_CCU4_SLICE_StopConfig
 .text.XMC_CCU4_SLICE_LoadConfig
                0x080279e6       0x36 ./Libraries/XMCLib/src/xmc_ccu4.o
                0x080279e6                XMC_CCU4_SLICE_LoadConfig
 .text.XMC_CCU4_SLICE_ModulationConfig
                0x08027a1c       0x80 ./Libraries/XMCLib/src/xmc_ccu4.o
                0x08027a1c                XMC_CCU4_SLICE_ModulationConfig
 .text.XMC_CCU4_SLICE_CountConfig
                0x08027a9c       0x36 ./Libraries/XMCLib/src/xmc_ccu4.o
                0x08027a9c                XMC_CCU4_SLICE_CountConfig
 .text.XMC_CCU4_SLICE_GateConfig
                0x08027ad2       0x36 ./Libraries/XMCLib/src/xmc_ccu4.o
                0x08027ad2                XMC_CCU4_SLICE_GateConfig
 .text.XMC_CCU4_SLICE_Capture1Config
                0x08027b08       0x36 ./Libraries/XMCLib/src/xmc_ccu4.o
                0x08027b08                XMC_CCU4_SLICE_Capture1Config
 .text.XMC_CCU4_SLICE_DirectionConfig
                0x08027b3e       0x36 ./Libraries/XMCLib/src/xmc_ccu4.o
                0x08027b3e                XMC_CCU4_SLICE_DirectionConfig
 .text.XMC_CCU4_SLICE_StatusBitOverrideConfig
                0x08027b74       0x30 ./Libraries/XMCLib/src/xmc_ccu4.o
                0x08027b74                XMC_CCU4_SLICE_StatusBitOverrideConfig
 .text.XMC_CCU4_SLICE_TrapConfig
                0x08027ba4       0x74 ./Libraries/XMCLib/src/xmc_ccu4.o
                0x08027ba4                XMC_CCU4_SLICE_TrapConfig
 .text.XMC_CCU4_SLICE_ConfigureStatusBitOverrideEvent
                0x08027c18       0xc4 ./Libraries/XMCLib/src/xmc_ccu4.o
                0x08027c18                XMC_CCU4_SLICE_ConfigureStatusBitOverrideEvent
 .text.XMC_CCU4_SLICE_ConfigureEvent
                0x08027cdc       0xd4 ./Libraries/XMCLib/src/xmc_ccu4.o
                0x08027cdc                XMC_CCU4_SLICE_ConfigureEvent
 .text.XMC_CCU4_SLICE_GetCaptureRegisterValue
                0x08027db0       0x24 ./Libraries/XMCLib/src/xmc_ccu4.o
                0x08027db0                XMC_CCU4_SLICE_GetCaptureRegisterValue
 .text.XMC_CCU4_SLICE_SetPrescaler
                0x08027dd4       0x3c ./Libraries/XMCLib/src/xmc_ccu4.o
                0x08027dd4                XMC_CCU4_SLICE_SetPrescaler
 .text.XMC_CCU4_SLICE_SetInterruptNode
                0x08027e10       0xc8 ./Libraries/XMCLib/src/xmc_ccu4.o
                0x08027e10                XMC_CCU4_SLICE_SetInterruptNode
 .text.XMC_CCU8_StartPrescaler
                0x08027ed8       0x1c ./Libraries/XMCLib/src/xmc_ccu8.o
 .text.XMC_CCU8_SLICE_StopTimer
                0x08027ef4       0x1a ./Libraries/XMCLib/src/xmc_ccu8.o
 *fill*         0x08027f0e        0x2 
 .text.XMC_CCU8_lDeassertReset
                0x08027f10       0x38 ./Libraries/XMCLib/src/xmc_ccu8.o
 .text.XMC_CCU8_EnableModule
                0x08027f48       0x1c ./Libraries/XMCLib/src/xmc_ccu8.o
                0x08027f48                XMC_CCU8_EnableModule
 .text.XMC_CCU8_Init
                0x08027f64       0x3e ./Libraries/XMCLib/src/xmc_ccu8.o
                0x08027f64                XMC_CCU8_Init
 .text.XMC_CCU8_SLICE_CompareInit
                0x08027fa2       0x74 ./Libraries/XMCLib/src/xmc_ccu8.o
                0x08027fa2                XMC_CCU8_SLICE_CompareInit
 .text.XMC_CCU8_SLICE_StartConfig
                0x08028016       0x5c ./Libraries/XMCLib/src/xmc_ccu8.o
                0x08028016                XMC_CCU8_SLICE_StartConfig
 .text.XMC_CCU8_SLICE_StopConfig
                0x08028072       0x58 ./Libraries/XMCLib/src/xmc_ccu8.o
                0x08028072                XMC_CCU8_SLICE_StopConfig
 .text.XMC_CCU8_SLICE_ConfigureEvent
                0x080280ca       0xd4 ./Libraries/XMCLib/src/xmc_ccu8.o
                0x080280ca                XMC_CCU8_SLICE_ConfigureEvent
 .text.XMC_CCU8_SLICE_SetTimerPeriodMatch
                0x0802819e       0x1e ./Libraries/XMCLib/src/xmc_ccu8.o
                0x0802819e                XMC_CCU8_SLICE_SetTimerPeriodMatch
 .text.XMC_CCU8_SLICE_SetTimerCompareMatch
                0x080281bc       0x30 ./Libraries/XMCLib/src/xmc_ccu8.o
                0x080281bc                XMC_CCU8_SLICE_SetTimerCompareMatch
 .text.XMC_CCU8_SLICE_SetInterruptNode
                0x080281ec       0xd4 ./Libraries/XMCLib/src/xmc_ccu8.o
                0x080281ec                XMC_CCU8_SLICE_SetInterruptNode
 .text.XMC_CCU8_SLICE_DeadTimeInit
                0x080282c0       0x2e ./Libraries/XMCLib/src/xmc_ccu8.o
                0x080282c0                XMC_CCU8_SLICE_DeadTimeInit
 .text.XMC_FCE_Init
                0x080282ee       0x2a ./Libraries/XMCLib/src/xmc_fce.o
                0x080282ee                XMC_FCE_Init
 .text.XMC_FCE_Enable
                0x08028318       0x24 ./Libraries/XMCLib/src/xmc_fce.o
                0x08028318                XMC_FCE_Enable
 .text.XMC_FCE_CalculateCRC32
                0x0802833c       0x5c ./Libraries/XMCLib/src/xmc_fce.o
                0x0802833c                XMC_FCE_CalculateCRC32
 .text.XMC_GPIO_SetHardwareControl
                0x08028398       0x46 ./Libraries/XMCLib/src/xmc_gpio.o
                0x08028398                XMC_GPIO_SetHardwareControl
 .text.XMC_POSIF_Stop
                0x080283de       0x1a ./Libraries/XMCLib/src/xmc_posif.o
 .text.XMC_POSIF_Enable
                0x080283f8       0x40 ./Libraries/XMCLib/src/xmc_posif.o
                0x080283f8                XMC_POSIF_Enable
 .text.XMC_POSIF_Init
                0x08028438       0x26 ./Libraries/XMCLib/src/xmc_posif.o
                0x08028438                XMC_POSIF_Init
 .text.XMC_POSIF_HSC_Init
                0x0802845e       0x3e ./Libraries/XMCLib/src/xmc_posif.o
                0x0802845e                XMC_POSIF_HSC_Init
 .text.XMC_POSIF_MCM_Init
                0x0802849c       0x3e ./Libraries/XMCLib/src/xmc_posif.o
                0x0802849c                XMC_POSIF_MCM_Init
 .text.XMC_POSIF_SetInterruptNode
                0x080284da       0x4a ./Libraries/XMCLib/src/xmc_posif.o
                0x080284da                XMC_POSIF_SetInterruptNode
 .text.XMC_VADC_GROUP_ExternalMuxControlInit
                0x08028524       0x6e ./Libraries/XMCLib/src/xmc_vadc.o
 .text.XMC_VADC_GROUP_BackgroundEnableArbitrationSlot
                0x08028592       0x24 ./Libraries/XMCLib/src/xmc_vadc.o
 .text.XMC_VADC_GROUP_BackgroundDisableArbitrationSlot
                0x080285b6       0x24 ./Libraries/XMCLib/src/xmc_vadc.o
 .text.XMC_VADC_GROUP_QueueEnableArbitrationSlot
                0x080285da       0x24 ./Libraries/XMCLib/src/xmc_vadc.o
 .text.XMC_VADC_GROUP_QueueDisableArbitrationSlot
                0x080285fe       0x24 ./Libraries/XMCLib/src/xmc_vadc.o
 .text.XMC_VADC_GLOBAL_EnableModule
                0x08028622        0xe ./Libraries/XMCLib/src/xmc_vadc.o
                0x08028622                XMC_VADC_GLOBAL_EnableModule
 .text.XMC_VADC_GLOBAL_Init
                0x08028630       0x54 ./Libraries/XMCLib/src/xmc_vadc.o
                0x08028630                XMC_VADC_GLOBAL_Init
 .text.XMC_VADC_GLOBAL_InputClassInit
                0x08028684       0x4c ./Libraries/XMCLib/src/xmc_vadc.o
                0x08028684                XMC_VADC_GLOBAL_InputClassInit
 .text.XMC_VADC_GLOBAL_StartupCalibration
                0x080286d0       0x68 ./Libraries/XMCLib/src/xmc_vadc.o
                0x080286d0                XMC_VADC_GLOBAL_StartupCalibration
 .text.XMC_VADC_GLOBAL_BackgroundSetReqSrcEventInterruptNode
                0x08028738       0x4a ./Libraries/XMCLib/src/xmc_vadc.o
                0x08028738                XMC_VADC_GLOBAL_BackgroundSetReqSrcEventInterruptNode
 .text.XMC_VADC_GROUP_Init
                0x08028782       0x68 ./Libraries/XMCLib/src/xmc_vadc.o
                0x08028782                XMC_VADC_GROUP_Init
 .text.XMC_VADC_GROUP_InputClassInit
                0x080287ea       0xba ./Libraries/XMCLib/src/xmc_vadc.o
                0x080287ea                XMC_VADC_GROUP_InputClassInit
 .text.XMC_VADC_GROUP_SetPowerMode
                0x080288a4       0x38 ./Libraries/XMCLib/src/xmc_vadc.o
                0x080288a4                XMC_VADC_GROUP_SetPowerMode
 .text.XMC_VADC_GROUP_SetBoundaries
                0x080288dc       0x52 ./Libraries/XMCLib/src/xmc_vadc.o
                0x080288dc                XMC_VADC_GROUP_SetBoundaries
 *fill*         0x0802892e        0x2 
 .text.XMC_VADC_GLOBAL_BackgroundInit
                0x08028930      0x100 ./Libraries/XMCLib/src/xmc_vadc.o
                0x08028930                XMC_VADC_GLOBAL_BackgroundInit
 .text.XMC_VADC_GROUP_QueueInit
                0x08028a30       0x9c ./Libraries/XMCLib/src/xmc_vadc.o
                0x08028a30                XMC_VADC_GROUP_QueueInit
 .text.XMC_VADC_GROUP_ChannelInit
                0x08028acc       0xcc ./Libraries/XMCLib/src/xmc_vadc.o
                0x08028acc                XMC_VADC_GROUP_ChannelInit
 .text.XMC_VADC_GROUP_ChannelSetEventInterruptNode
                0x08028b98       0x4c ./Libraries/XMCLib/src/xmc_vadc.o
                0x08028b98                XMC_VADC_GROUP_ChannelSetEventInterruptNode
 .text._init    0x08028be4        0xe ./Libraries/Newlib/syscalls.o
                0x08028be4                _init
 *fill*         0x08028bf2        0x2 
 .text.__NVIC_GetPriorityGrouping
                0x08028bf4       0x1c ./Dave/Generated/SYSTIMER/systimer.o
 .text.__NVIC_SetPriority
                0x08028c10       0x54 ./Dave/Generated/SYSTIMER/systimer.o
 .text.NVIC_EncodePriority
                0x08028c64       0x66 ./Dave/Generated/SYSTIMER/systimer.o
 *fill*         0x08028cca        0x2 
 .text.SysTick_Config
                0x08028ccc       0x44 ./Dave/Generated/SYSTIMER/systimer.o
 .text.SYSTIMER_lInsertTimerList
                0x08028d10      0x1cc ./Dave/Generated/SYSTIMER/systimer.o
 .text.SYSTIMER_lRemoveTimerList
                0x08028edc       0xc0 ./Dave/Generated/SYSTIMER/systimer.o
 .text.SYSTIMER_lTimerHandler
                0x08028f9c       0xd0 ./Dave/Generated/SYSTIMER/systimer.o
 .text.SysTick_Handler
                0x0802906c       0x4c ./Dave/Generated/SYSTIMER/systimer.o
                0x0802906c                SysTick_Handler
 .text.SYSTIMER_Init
                0x080290b8       0x70 ./Dave/Generated/SYSTIMER/systimer.o
                0x080290b8                SYSTIMER_Init
 .text.SYSTIMER_CreateTimer
                0x08029128      0x13c ./Dave/Generated/SYSTIMER/systimer.o
                0x08029128                SYSTIMER_CreateTimer
 .text.SYSTIMER_StartTimer
                0x08029264       0x80 ./Dave/Generated/SYSTIMER/systimer.o
                0x08029264                SYSTIMER_StartTimer
 .text.XMC_CCU4_EnableClock
                0x080292e4       0x22 ./Dave/Generated/PWM_CCU4/pwm_ccu4.o
 .text.XMC_CCU4_SLICE_EnableTrap
                0x08029306       0x20 ./Dave/Generated/PWM_CCU4/pwm_ccu4.o
 .text.XMC_CCU4_SLICE_StartTimer
                0x08029326       0x1a ./Dave/Generated/PWM_CCU4/pwm_ccu4.o
 .text.XMC_CCU4_SLICE_StopTimer
                0x08029340       0x1a ./Dave/Generated/PWM_CCU4/pwm_ccu4.o
 .text.XMC_CCU4_SLICE_ClearTimer
                0x0802935a       0x1a ./Dave/Generated/PWM_CCU4/pwm_ccu4.o
 .text.XMC_CCU4_SLICE_SetTimerPeriodMatch
                0x08029374       0x1e ./Dave/Generated/PWM_CCU4/pwm_ccu4.o
 .text.XMC_CCU4_SLICE_SetTimerCompareMatch
                0x08029392       0x1e ./Dave/Generated/PWM_CCU4/pwm_ccu4.o
 .text.XMC_CCU4_EnableShadowTransfer
                0x080293b0       0x1c ./Dave/Generated/PWM_CCU4/pwm_ccu4.o
 .text.XMC_CCU4_SLICE_EnableEvent
                0x080293cc       0x2e ./Dave/Generated/PWM_CCU4/pwm_ccu4.o
 .text.XMC_CCU4_SLICE_ClearEvent
                0x080293fa       0x24 ./Dave/Generated/PWM_CCU4/pwm_ccu4.o
 .text.PWM_CCU4_Init
                0x0802941e      0x13c ./Dave/Generated/PWM_CCU4/pwm_ccu4.o
                0x0802941e                PWM_CCU4_Init
 .text.PWM_CCU4_lInit_Interrupt
                0x0802955a      0x128 ./Dave/Generated/PWM_CCU4/pwm_ccu4.o
 .text.PWM_CCU4_lConfigure_Events
                0x08029682      0x1b2 ./Dave/Generated/PWM_CCU4/pwm_ccu4.o
 .text.PWM_CCU4_Start
                0x08029834       0x56 ./Dave/Generated/PWM_CCU4/pwm_ccu4.o
                0x08029834                PWM_CCU4_Start
 .text.PWM_CCU4_Stop
                0x0802988a       0x3c ./Dave/Generated/PWM_CCU4/pwm_ccu4.o
                0x0802988a                PWM_CCU4_Stop
 *fill*         0x080298c6        0x2 
 .text.PWM_CCU4_SetFreqAndDutyCycle
                0x080298c8       0xc8 ./Dave/Generated/PWM_CCU4/pwm_ccu4.o
                0x080298c8                PWM_CCU4_SetFreqAndDutyCycle
 .text.PWM_CCU4_ClearEvent
                0x08029990       0x22 ./Dave/Generated/PWM_CCU4/pwm_ccu4.o
                0x08029990                PWM_CCU4_ClearEvent
 *fill*         0x080299b2        0x2 
 .text.__NVIC_GetPriorityGrouping
                0x080299b4       0x1c ./Dave/Generated/INTERRUPT/interrupt.o
 .text.__NVIC_EnableIRQ
                0x080299d0       0x3c ./Dave/Generated/INTERRUPT/interrupt.o
 .text.__NVIC_SetPriority
                0x08029a0c       0x54 ./Dave/Generated/INTERRUPT/interrupt.o
 .text.NVIC_EncodePriority
                0x08029a60       0x66 ./Dave/Generated/INTERRUPT/interrupt.o
 .text.INTERRUPT_Enable
                0x08029ac6       0x1c ./Dave/Generated/INTERRUPT/interrupt.o
 .text.INTERRUPT_Init
                0x08029ae2       0x44 ./Dave/Generated/INTERRUPT/interrupt.o
                0x08029ae2                INTERRUPT_Init
 .text.XMC_CCU4_StartPrescaler
                0x08029b26       0x1c ./Dave/Generated/GLOBAL_CCU4/global_ccu4.o
 .text.GLOBAL_CCU4_Init
                0x08029b42       0x40 ./Dave/Generated/GLOBAL_CCU4/global_ccu4.o
                0x08029b42                GLOBAL_CCU4_Init
 .text.GLOBAL_CAN_Init
                0x08029b82       0x3e ./Dave/Generated/GLOBAL_CAN/global_can.o
                0x08029b82                GLOBAL_CAN_Init
 .text.XMC_VADC_GLOBAL_DisablePostCalibration
                0x08029bc0       0x2e ./Dave/Generated/GLOBAL_ADC/global_adc.o
 .text.GLOBAL_ADC_Init
                0x08029bee       0xae ./Dave/Generated/GLOBAL_ADC/global_adc.o
                0x08029bee                GLOBAL_ADC_Init
 .text.DIGITAL_IO_Init
                0x08029c9c       0x36 ./Dave/Generated/DIGITAL_IO/digital_io.o
                0x08029c9c                DIGITAL_IO_Init
 *fill*         0x08029cd2        0x2 
 .text.__NVIC_SetPriorityGrouping
                0x08029cd4       0x48 ./Dave/Generated/CPU_CTRL_XMC4/cpu_ctrl_xmc4_conf.o
 .text.SystemCoreSetup
                0x08029d1c       0xa8 ./Dave/Generated/CPU_CTRL_XMC4/cpu_ctrl_xmc4_conf.o
                0x08029d1c                SystemCoreSetup
 .text.CLOCK_XMC4_Init
                0x08029dc4       0x20 ./Dave/Generated/CLOCK_XMC4/clock_xmc4.o
                0x08029dc4                CLOCK_XMC4_Init
 .text.OSCHP_GetFrequency
                0x08029de4       0x14 ./Dave/Generated/CLOCK_XMC4/clock_xmc4.o
                0x08029de4                OSCHP_GetFrequency
 .text.SystemCoreClockSetup
                0x08029df8       0x58 ./Dave/Generated/CLOCK_XMC4/clock_xmc4_conf.o
                0x08029df8                SystemCoreClockSetup
 .text.XMC_CAN_NODE_SetEventNodePointer
                0x08029e50       0x38 ./Dave/Generated/CAN_NODE/can_node.o
 .text.XMC_CAN_NODE_SetReceiveInput
                0x08029e88       0x2c ./Dave/Generated/CAN_NODE/can_node.o
 .text.XMC_CAN_NODE_EnableLoopBack
                0x08029eb4       0x20 ./Dave/Generated/CAN_NODE/can_node.o
 .text.XMC_CAN_NODE_GetStatus
                0x08029ed4       0x18 ./Dave/Generated/CAN_NODE/can_node.o
 .text.XMC_CAN_NODE_EnableConfigurationChange
                0x08029eec       0x20 ./Dave/Generated/CAN_NODE/can_node.o
 .text.XMC_CAN_NODE_DisableConfigurationChange
                0x08029f0c       0x20 ./Dave/Generated/CAN_NODE/can_node.o
 .text.XMC_CAN_NODE_SetInitBit
                0x08029f2c       0x20 ./Dave/Generated/CAN_NODE/can_node.o
 .text.XMC_CAN_NODE_ResetInitBit
                0x08029f4c       0x20 ./Dave/Generated/CAN_NODE/can_node.o
 .text.XMC_CAN_NODE_ReSetAnalyzerMode
                0x08029f6c       0x20 ./Dave/Generated/CAN_NODE/can_node.o
 .text.XMC_CAN_MO_SetEventNodePointer
                0x08029f8c       0x3c ./Dave/Generated/CAN_NODE/can_node.o
 .text.XMC_CAN_MO_EnableEvent
                0x08029fc8       0x26 ./Dave/Generated/CAN_NODE/can_node.o
 .text.CAN_NODE_MO_EnableTxEvent
                0x08029fee       0x1e ./Dave/Generated/CAN_NODE/can_node.o
 .text.CAN_NODE_MO_EnableRxEvent
                0x0802a00c       0x1e ./Dave/Generated/CAN_NODE/can_node.o
 .text.CAN_NODE_SetNodeEvents
                0x0802a02a       0x74 ./Dave/Generated/CAN_NODE/can_node.o
 .text.CAN_NODE_SetNodePointer
                0x0802a09e       0x60 ./Dave/Generated/CAN_NODE/can_node.o
 .text.CAN_NODE_MO_Init
                0x0802a0fe       0x56 ./Dave/Generated/CAN_NODE/can_node.o
                0x0802a0fe                CAN_NODE_MO_Init
 .text.CAN_NODE_MO_Transmit
                0x0802a154       0x24 ./Dave/Generated/CAN_NODE/can_node.o
                0x0802a154                CAN_NODE_MO_Transmit
 .text.CAN_NODE_MO_Receive
                0x0802a178       0x24 ./Dave/Generated/CAN_NODE/can_node.o
                0x0802a178                CAN_NODE_MO_Receive
 .text.CAN_NODE_MO_UpdateData
                0x0802a19c       0x3e ./Dave/Generated/CAN_NODE/can_node.o
                0x0802a19c                CAN_NODE_MO_UpdateData
 .text.CAN_NODE_GetStatus
                0x0802a1da       0x20 ./Dave/Generated/CAN_NODE/can_node.o
                0x0802a1da                CAN_NODE_GetStatus
 .text.CAN_NODE_Init
                0x0802a1fa      0x13a ./Dave/Generated/CAN_NODE/can_node.o
                0x0802a1fa                CAN_NODE_Init
 .text.XMC_GPIO_SetOutputLevel
                0x0802a334       0x24 ./Dave/Generated/BUS_IO/bus_io.o
 .text.XMC_GPIO_GetInput
                0x0802a358       0x26 ./Dave/Generated/BUS_IO/bus_io.o
 .text.BUS_IO_Init
                0x0802a37e       0x5e ./Dave/Generated/BUS_IO/bus_io.o
                0x0802a37e                BUS_IO_Init
 .text.BUS_IO_Read
                0x0802a3dc       0x5a ./Dave/Generated/BUS_IO/bus_io.o
                0x0802a3dc                BUS_IO_Read
 .text.BUS_IO_Write
                0x0802a436       0x70 ./Dave/Generated/BUS_IO/bus_io.o
                0x0802a436                BUS_IO_Write
 .text.ANALOG_IO_Init
                0x0802a4a6       0x32 ./Dave/Generated/ANALOG_IO/analog_io.o
                0x0802a4a6                ANALOG_IO_Init
 .text.__NVIC_GetPriorityGrouping
                0x0802a4d8       0x1c ./Dave/Generated/ADC_MEASUREMENT/adc_measurement.o
 .text.__NVIC_EnableIRQ
                0x0802a4f4       0x3c ./Dave/Generated/ADC_MEASUREMENT/adc_measurement.o
 .text.__NVIC_SetPriority
                0x0802a530       0x54 ./Dave/Generated/ADC_MEASUREMENT/adc_measurement.o
 .text.NVIC_EncodePriority
                0x0802a584       0x66 ./Dave/Generated/ADC_MEASUREMENT/adc_measurement.o
 .text.XMC_VADC_GLOBAL_BackgroundTriggerConversion
                0x0802a5ea       0x24 ./Dave/Generated/ADC_MEASUREMENT/adc_measurement.o
 .text.XMC_VADC_GLOBAL_BackgroundAddChannelToSequence
                0x0802a60e       0x38 ./Dave/Generated/ADC_MEASUREMENT/adc_measurement.o
 .text.XMC_VADC_GROUP_ResultInit
                0x0802a646       0x26 ./Dave/Generated/ADC_MEASUREMENT/adc_measurement.o
 .text.XMC_VADC_GROUP_GetResult
                0x0802a66c       0x22 ./Dave/Generated/ADC_MEASUREMENT/adc_measurement.o
 .text.ADC_MEASUREMENT_Init
                0x0802a68e      0x15a ./Dave/Generated/ADC_MEASUREMENT/adc_measurement.o
                0x0802a68e                ADC_MEASUREMENT_Init
 .text.ADC_MEASUREMENT_StartConversion
                0x0802a7e8       0x1c ./Dave/Generated/ADC_MEASUREMENT/adc_measurement.o
                0x0802a7e8                ADC_MEASUREMENT_StartConversion
 .text.ADC_MEASUREMENT_GetResult
                0x0802a804       0x2e ./Dave/Generated/ADC_MEASUREMENT/adc_measurement.o
                0x0802a804                ADC_MEASUREMENT_GetResult
 *fill*         0x0802a832        0x2 
 .text.DAVE_Init
                0x0802a834      0x460 ./Dave/Generated/DAVE.o
                0x0802a834                DAVE_Init
 .text.XMC_GPIO_SetOutputHigh
                0x0802ac94       0x22 ./main.o
 .text.XMC_GPIO_SetOutputLow
                0x0802acb6       0x24 ./main.o
 .text.XMC_GPIO_ToggleOutput
                0x0802acda       0x24 ./main.o
 .text.DIGITAL_IO_SetOutputHigh
                0x0802acfe       0x20 ./main.o
 .text.DIGITAL_IO_SetOutputLow
                0x0802ad1e       0x20 ./main.o
 .text.DIGITAL_IO_ToggleOutput
                0x0802ad3e       0x20 ./main.o
 *fill*         0x0802ad5e        0x2 
 .text.XMC_SCU_RESET_ClearDeviceResetReason
                0x0802ad60       0x18 ./main.o
 .text.CCU43_0_IRQHandler
                0x0802ad78       0x28 ./main.o
                0x0802ad78                CCU43_0_IRQHandler
 .text.CCU43_1_IRQHandler
                0x0802ada0       0x28 ./main.o
                0x0802ada0                CCU43_1_IRQHandler
 .text.MCU_ProgramReset
                0x0802adc8       0x20 ./main.o
                0x0802adc8                MCU_ProgramReset
 .text.VADC0_C0_2_IRQHandler
                0x0802ade8       0x90 ./main.o
                0x0802ade8                VADC0_C0_2_IRQHandler
 .text.CAN0_1_IRQHandler
                0x0802ae78      0x128 ./main.o
                0x0802ae78                CAN0_1_IRQHandler
 .text.CAN0_2_IRQHandler
                0x0802afa0       0x94 ./main.o
                0x0802afa0                CAN0_2_IRQHandler
 .text.main     0x0802b034       0x98 ./main.o
                0x0802b034                main
 .text.__libc_init_array
                0x0802b0cc       0x48 c:/program files (x86)/gnu arm embedded toolchain/10 2020-q4-major/bin/../lib/gcc/arm-none-eabi/10.2.1/../../../../arm-none-eabi/lib/thumb/v7e-m+fp/softfp\libg_nano.a(lib_a-init.o)
                0x0802b0cc                __libc_init_array
 .text.memcmp   0x0802b114       0x20 c:/program files (x86)/gnu arm embedded toolchain/10 2020-q4-major/bin/../lib/gcc/arm-none-eabi/10.2.1/../../../../arm-none-eabi/lib/thumb/v7e-m+fp/softfp\libg_nano.a(lib_a-memcmp.o)
                0x0802b114                memcmp
 .text.memcpy   0x0802b134       0x1c c:/program files (x86)/gnu arm embedded toolchain/10 2020-q4-major/bin/../lib/gcc/arm-none-eabi/10.2.1/../../../../arm-none-eabi/lib/thumb/v7e-m+fp/softfp\libg_nano.a(lib_a-memcpy-stub.o)
                0x0802b134                memcpy
 .text.memcpy.__stub
                0x0802b150       0x20 linker stubs
 *(.init)
 *(.fini)
 *crtbegin.o(.ctors)
 *crtbegin?.o(.ctors)
 *(EXCLUDE_FILE(*crtend.o *crtend?.o) .ctors)
 *(SORT_BY_NAME(.ctors.*))
 *(.ctors)
 *crtbegin.o(.dtors)
 *crtbegin?.o(.dtors)
 *(EXCLUDE_FILE(*crtend.o *crtend?.o) .dtors)
 *(SORT_BY_NAME(.dtors.*))
 *(.dtors)
 *(.rodata .rodata.*)
 .rodata.Motor0_BLDC_SCALAR_CCU8ExtStartEventConf
                0x0802b170        0x4 ./MotorLib/MCUInit/ccu8.o
                0x0802b170                Motor0_BLDC_SCALAR_CCU8ExtStartEventConf
 .rodata.Motor0_BLDC_SCALAR_CCU8ExtStopEventConf
                0x0802b174        0x4 ./MotorLib/MCUInit/ccu8.o
                0x0802b174                Motor0_BLDC_SCALAR_CCU8ExtStopEventConf
 .rodata.Motor0_BLDC_SCALAR_CCU8CompareConf
                0x0802b178       0x10 ./MotorLib/MCUInit/ccu8.o
                0x0802b178                Motor0_BLDC_SCALAR_CCU8CompareConf
 .rodata.Motor0_BLDC_SCALAR_GPIO_PhU_High_Config
                0x0802b188        0xc ./MotorLib/MCUInit/gpio.o
                0x0802b188                Motor0_BLDC_SCALAR_GPIO_PhU_High_Config
 .rodata.Motor0_BLDC_SCALAR_GPIO_PhU_Low_Config
                0x0802b194        0xc ./MotorLib/MCUInit/gpio.o
                0x0802b194                Motor0_BLDC_SCALAR_GPIO_PhU_Low_Config
 .rodata.Motor0_BLDC_SCALAR_GPIO_PhV_High_Config
                0x0802b1a0        0xc ./MotorLib/MCUInit/gpio.o
                0x0802b1a0                Motor0_BLDC_SCALAR_GPIO_PhV_High_Config
 .rodata.Motor0_BLDC_SCALAR_GPIO_PhV_Low_Config
                0x0802b1ac        0xc ./MotorLib/MCUInit/gpio.o
                0x0802b1ac                Motor0_BLDC_SCALAR_GPIO_PhV_Low_Config
 .rodata.Motor0_BLDC_SCALAR_GPIO_PhW_High_Config
                0x0802b1b8        0xc ./MotorLib/MCUInit/gpio.o
                0x0802b1b8                Motor0_BLDC_SCALAR_GPIO_PhW_High_Config
 .rodata.Motor0_BLDC_SCALAR_GPIO_PhW_Low_Config
                0x0802b1c4        0xc ./MotorLib/MCUInit/gpio.o
                0x0802b1c4                Motor0_BLDC_SCALAR_GPIO_PhW_Low_Config
 .rodata.Motor0_BLDC_SCALAR_GPIO_Hall_Config
                0x0802b1d0        0xc ./MotorLib/MCUInit/gpio.o
                0x0802b1d0                Motor0_BLDC_SCALAR_GPIO_Hall_Config
 .rodata.Motor0_BLDC_SCALAR_GPIO_Inverter_Config
                0x0802b1dc        0xc ./MotorLib/MCUInit/gpio.o
                0x0802b1dc                Motor0_BLDC_SCALAR_GPIO_Inverter_Config
 .rodata.Motor0_BLDC_SCALAR_POSIF_HALL_Config
                0x0802b1e8        0x4 ./MotorLib/MCUInit/posif.o
                0x0802b1e8                Motor0_BLDC_SCALAR_POSIF_HALL_Config
 .rodata.Motor0_BLDC_SCALAR_POSIF_GLOBAL_Config
                0x0802b1ec        0x4 ./MotorLib/MCUInit/posif.o
                0x0802b1ec                Motor0_BLDC_SCALAR_POSIF_GLOBAL_Config
 .rodata.Motor0_BLDC_SCALAR_POSIF_MCM_Config
                0x0802b1f0        0x4 ./MotorLib/MCUInit/posif.o
                0x0802b1f0                Motor0_BLDC_SCALAR_POSIF_MCM_Config
 .rodata.Motor0_BLDC_SCALAR_VADC_GLOBAL_config
                0x0802b1f4       0x18 ./MotorLib/MCUInit/vadc.o
                0x0802b1f4                Motor0_BLDC_SCALAR_VADC_GLOBAL_config
 .rodata.Motor0_BLDC_SCALAR_VADC_GROUP_class0
                0x0802b20c        0x4 ./MotorLib/MCUInit/vadc.o
                0x0802b20c                Motor0_BLDC_SCALAR_VADC_GROUP_class0
 .rodata.Motor0_BLDC_SCALAR_VADC_QUEUE_3_cfg
                0x0802b210        0xc ./MotorLib/MCUInit/vadc.o
                0x0802b210                Motor0_BLDC_SCALAR_VADC_QUEUE_3_cfg
 .rodata.DefaultPresets
                0x0802b21c       0x4c ./MainAlg/presets.o
                0x0802b21c                DefaultPresets
 .rodata.e_eeprom_xmc4_fce
                0x0802b268        0xc ./MainAlg/retain_xmc4.o
 .rodata.g_xmc_vadc_group_array
                0x0802b274       0x10 ./Libraries/XMCLib/src/xmc_vadc.o
 .rodata.CLUTCH_PWM_timer_handle
                0x0802b284        0x8 ./Dave/Generated/PWM_CCU4/pwm_ccu4_conf.o
                0x0802b284                CLUTCH_PWM_timer_handle
 .rodata.CLUTCH_PWM_event0_config
                0x0802b28c        0x4 ./Dave/Generated/PWM_CCU4/pwm_ccu4_conf.o
                0x0802b28c                CLUTCH_PWM_event0_config
 .rodata.CLUTCH_PWM_event1_config
                0x0802b290        0x4 ./Dave/Generated/PWM_CCU4/pwm_ccu4_conf.o
                0x0802b290                CLUTCH_PWM_event1_config
 .rodata.CLUTCH_PWM_event2_config
                0x0802b294        0x4 ./Dave/Generated/PWM_CCU4/pwm_ccu4_conf.o
                0x0802b294                CLUTCH_PWM_event2_config
 .rodata.CLUTCH_PWM_config_handle
                0x0802b298       0x50 ./Dave/Generated/PWM_CCU4/pwm_ccu4_conf.o
                0x0802b298                CLUTCH_PWM_config_handle
 .rodata.BUZZ_PWM_timer_handle
                0x0802b2e8        0x8 ./Dave/Generated/PWM_CCU4/pwm_ccu4_conf.o
                0x0802b2e8                BUZZ_PWM_timer_handle
 .rodata.BUZZ_PWM_event0_config
                0x0802b2f0        0x4 ./Dave/Generated/PWM_CCU4/pwm_ccu4_conf.o
                0x0802b2f0                BUZZ_PWM_event0_config
 .rodata.BUZZ_PWM_event1_config
                0x0802b2f4        0x4 ./Dave/Generated/PWM_CCU4/pwm_ccu4_conf.o
                0x0802b2f4                BUZZ_PWM_event1_config
 .rodata.BUZZ_PWM_event2_config
                0x0802b2f8        0x4 ./Dave/Generated/PWM_CCU4/pwm_ccu4_conf.o
                0x0802b2f8                BUZZ_PWM_event2_config
 .rodata.BUZZ_PWM_config_handle
                0x0802b2fc       0x50 ./Dave/Generated/PWM_CCU4/pwm_ccu4_conf.o
                0x0802b2fc                BUZZ_PWM_config_handle
 .rodata.CAN1_RX_INT
                0x0802b34c        0x4 ./Dave/Generated/INTERRUPT/interrupt_conf.o
                0x0802b34c                CAN1_RX_INT
 .rodata.CLUTCH_INT_CMP
                0x0802b350        0x4 ./Dave/Generated/INTERRUPT/interrupt_conf.o
                0x0802b350                CLUTCH_INT_CMP
 .rodata.CLUTCH_INT_OVF
                0x0802b354        0x4 ./Dave/Generated/INTERRUPT/interrupt_conf.o
                0x0802b354                CLUTCH_INT_OVF
 .rodata.CAN_2_RESET_INT
                0x0802b358        0x4 ./Dave/Generated/INTERRUPT/interrupt_conf.o
                0x0802b358                CAN_2_RESET_INT
 .rodata.CAN_1_TRAP_SENSOR_INT
                0x0802b35c        0x4 ./Dave/Generated/INTERRUPT/interrupt_conf.o
                0x0802b35c                CAN_1_TRAP_SENSOR_INT
 .rodata.SERV_INT
                0x0802b360        0x4 ./Dave/Generated/INTERRUPT/interrupt_conf.o
                0x0802b360                SERV_INT
 .rodata.CAN_1_STOP_BUT_INT
                0x0802b364        0x4 ./Dave/Generated/INTERRUPT/interrupt_conf.o
                0x0802b364                CAN_1_STOP_BUT_INT
 .rodata.CAN_NODE_ALLERT
                0x0802b368        0x4 ./Dave/Generated/INTERRUPT/interrupt_conf.o
                0x0802b368                CAN_NODE_ALLERT
 .rodata.BUZZ_INT_OVF
                0x0802b36c        0x4 ./Dave/Generated/INTERRUPT/interrupt_conf.o
                0x0802b36c                BUZZ_INT_OVF
 .rodata.BUZZ_INT_CMP
                0x0802b370        0x4 ./Dave/Generated/INTERRUPT/interrupt_conf.o
                0x0802b370                BUZZ_INT_CMP
 .rodata.group_init_handle0
                0x0802b374       0x14 ./Dave/Generated/GLOBAL_ADC/global_adc_conf.o
                0x0802b374                group_init_handle0
 .rodata.group_init_handle1
                0x0802b388       0x14 ./Dave/Generated/GLOBAL_ADC/global_adc_conf.o
                0x0802b388                group_init_handle1
 .rodata.group_init_handle2
                0x0802b39c       0x14 ./Dave/Generated/GLOBAL_ADC/global_adc_conf.o
                0x0802b39c                group_init_handle2
 .rodata.group_init_handle3
                0x0802b3b0       0x14 ./Dave/Generated/GLOBAL_ADC/global_adc_conf.o
                0x0802b3b0                group_init_handle3
 .rodata.global_config
                0x0802b3c4       0x18 ./Dave/Generated/GLOBAL_ADC/global_adc_conf.o
                0x0802b3c4                global_config
 .rodata.SERVICE_BUT
                0x0802b3dc       0x14 ./Dave/Generated/DIGITAL_IO/digital_io_conf.o
                0x0802b3dc                SERVICE_BUT
 .rodata.STATUS_LED_G
                0x0802b3f0       0x14 ./Dave/Generated/DIGITAL_IO/digital_io_conf.o
                0x0802b3f0                STATUS_LED_G
 .rodata.STATUS_LED_Y
                0x0802b404       0x14 ./Dave/Generated/DIGITAL_IO/digital_io_conf.o
                0x0802b404                STATUS_LED_Y
 .rodata.STATUS_LED_R
                0x0802b418       0x14 ./Dave/Generated/DIGITAL_IO/digital_io_conf.o
                0x0802b418                STATUS_LED_R
 .rodata.TRANS_OUT
                0x0802b42c       0x14 ./Dave/Generated/DIGITAL_IO/digital_io_conf.o
                0x0802b42c                TRANS_OUT
 .rodata.GROUP_IN_EN
                0x0802b440       0x14 ./Dave/Generated/DIGITAL_IO/digital_io_conf.o
                0x0802b440                GROUP_IN_EN
 .rodata.LED_SW_NRES
                0x0802b454       0x14 ./Dave/Generated/DIGITAL_IO/digital_io_conf.o
                0x0802b454                LED_SW_NRES
 .rodata.LS_SW_1
                0x0802b468       0x14 ./Dave/Generated/DIGITAL_IO/digital_io_conf.o
                0x0802b468                LS_SW_1
 .rodata.LS_SW_2
                0x0802b47c       0x14 ./Dave/Generated/DIGITAL_IO/digital_io_conf.o
                0x0802b47c                LS_SW_2
 .rodata.LS_SW_3
                0x0802b490       0x14 ./Dave/Generated/DIGITAL_IO/digital_io_conf.o
                0x0802b490                LS_SW_3
 .rodata.LS_SW_4
                0x0802b4a4       0x14 ./Dave/Generated/DIGITAL_IO/digital_io_conf.o
                0x0802b4a4                LS_SW_4
 .rodata.HS_SW_1
                0x0802b4b8       0x14 ./Dave/Generated/DIGITAL_IO/digital_io_conf.o
                0x0802b4b8                HS_SW_1
 .rodata.HS_SW_2
                0x0802b4cc       0x14 ./Dave/Generated/DIGITAL_IO/digital_io_conf.o
                0x0802b4cc                HS_SW_2
 .rodata.HS_SW_3
                0x0802b4e0       0x14 ./Dave/Generated/DIGITAL_IO/digital_io_conf.o
                0x0802b4e0                HS_SW_3
 .rodata.HS_SW_4
                0x0802b4f4       0x14 ./Dave/Generated/DIGITAL_IO/digital_io_conf.o
                0x0802b4f4                HS_SW_4
 .rodata.HS_SW_5
                0x0802b508       0x14 ./Dave/Generated/DIGITAL_IO/digital_io_conf.o
                0x0802b508                HS_SW_5
 .rodata.HS_SW_6
                0x0802b51c       0x14 ./Dave/Generated/DIGITAL_IO/digital_io_conf.o
                0x0802b51c                HS_SW_6
 .rodata.HS_SW_7
                0x0802b530       0x14 ./Dave/Generated/DIGITAL_IO/digital_io_conf.o
                0x0802b530                HS_SW_7
 .rodata.HS_SW_8
                0x0802b544       0x14 ./Dave/Generated/DIGITAL_IO/digital_io_conf.o
                0x0802b544                HS_SW_8
 .rodata.LS_SW_NRES
                0x0802b558       0x14 ./Dave/Generated/DIGITAL_IO/digital_io_conf.o
                0x0802b558                LS_SW_NRES
 .rodata.DI_PNP_EN
                0x0802b56c       0x14 ./Dave/Generated/DIGITAL_IO/digital_io_conf.o
                0x0802b56c                DI_PNP_EN
 .rodata.DI_NPN_EN
                0x0802b580       0x14 ./Dave/Generated/DIGITAL_IO/digital_io_conf.o
                0x0802b580                DI_NPN_EN
 .rodata.LED_POWER_EN1
                0x0802b594       0x14 ./Dave/Generated/DIGITAL_IO/digital_io_conf.o
                0x0802b594                LED_POWER_EN1
 .rodata.LED_POWER_EN2
                0x0802b5a8       0x14 ./Dave/Generated/DIGITAL_IO/digital_io_conf.o
                0x0802b5a8                LED_POWER_EN2
 .rodata.POWER_SWITCH
                0x0802b5bc       0x14 ./Dave/Generated/DIGITAL_IO/digital_io_conf.o
                0x0802b5bc                POWER_SWITCH
 .rodata.LED_SW_1
                0x0802b5d0       0x14 ./Dave/Generated/DIGITAL_IO/digital_io_conf.o
                0x0802b5d0                LED_SW_1
 .rodata.LED_SW_2
                0x0802b5e4       0x14 ./Dave/Generated/DIGITAL_IO/digital_io_conf.o
                0x0802b5e4                LED_SW_2
 .rodata.LED_SW_3
                0x0802b5f8       0x14 ./Dave/Generated/DIGITAL_IO/digital_io_conf.o
                0x0802b5f8                LED_SW_3
 .rodata.LED_SW_4
                0x0802b60c       0x14 ./Dave/Generated/DIGITAL_IO/digital_io_conf.o
                0x0802b60c                LED_SW_4
 .rodata.LED_SW_5
                0x0802b620       0x14 ./Dave/Generated/DIGITAL_IO/digital_io_conf.o
                0x0802b620                LED_SW_5
 .rodata.LED_SW_6