   1              	 .cpu cortex-m4
   2              	 .eabi_attribute 27,1
   3              	 .eabi_attribute 20,1
   4              	 .eabi_attribute 21,1
   5              	 .eabi_attribute 23,3
   6              	 .eabi_attribute 24,1
   7              	 .eabi_attribute 25,1
   8              	 .eabi_attribute 26,1
   9              	 .eabi_attribute 30,6
  10              	 .eabi_attribute 34,1
  11              	 .eabi_attribute 18,4
  12              	 .file "xmc_ledts.c"
  13              	 .text
  14              	.Ltext0:
  15              	 .cfi_sections .debug_frame
  16              	 .section .text.XMC_LEDTS_InitGlobal,"ax",%progbits
  17              	 .align 1
  18              	 .global XMC_LEDTS_InitGlobal
  19              	 .arch armv7e-m
  20              	 .syntax unified
  21              	 .thumb
  22              	 .thumb_func
  23              	 .fpu fpv4-sp-d16
  25              	XMC_LEDTS_InitGlobal:
  26              	.LFB173:
  27              	 .file 1 "../Libraries/XMCLib/src/xmc_ledts.c"
   1:../Libraries/XMCLib/src/xmc_ledts.c **** /**
   2:../Libraries/XMCLib/src/xmc_ledts.c ****  * @file xmc_ledts.c
   3:../Libraries/XMCLib/src/xmc_ledts.c ****  * @date 2019-12-16
   4:../Libraries/XMCLib/src/xmc_ledts.c ****  *
   5:../Libraries/XMCLib/src/xmc_ledts.c ****  * @cond
   6:../Libraries/XMCLib/src/xmc_ledts.c ****  *****************************************************************************
   7:../Libraries/XMCLib/src/xmc_ledts.c ****  * XMClib v2.2.0 - XMC Peripheral Driver Library
   8:../Libraries/XMCLib/src/xmc_ledts.c ****  *
   9:../Libraries/XMCLib/src/xmc_ledts.c ****  * Copyright (c) 2015-2020, Infineon Technologies AG
  10:../Libraries/XMCLib/src/xmc_ledts.c ****  * All rights reserved.
  11:../Libraries/XMCLib/src/xmc_ledts.c ****  *
  12:../Libraries/XMCLib/src/xmc_ledts.c ****  * Boost Software License - Version 1.0 - August 17th, 2003
  13:../Libraries/XMCLib/src/xmc_ledts.c ****  *
  14:../Libraries/XMCLib/src/xmc_ledts.c ****  * Permission is hereby granted, free of charge, to any person or organization
  15:../Libraries/XMCLib/src/xmc_ledts.c ****  * obtaining a copy of the software and accompanying documentation covered by
  16:../Libraries/XMCLib/src/xmc_ledts.c ****  * this license (the "Software") to use, reproduce, display, distribute,
  17:../Libraries/XMCLib/src/xmc_ledts.c ****  * execute, and transmit the Software, and to prepare derivative works of the
  18:../Libraries/XMCLib/src/xmc_ledts.c ****  * Software, and to permit third-parties to whom the Software is furnished to
  19:../Libraries/XMCLib/src/xmc_ledts.c ****  * do so, all subject to the following:
  20:../Libraries/XMCLib/src/xmc_ledts.c ****  *
  21:../Libraries/XMCLib/src/xmc_ledts.c ****  * The copyright notices in the Software and this entire statement, including
  22:../Libraries/XMCLib/src/xmc_ledts.c ****  * the above license grant, this restriction and the following disclaimer,
  23:../Libraries/XMCLib/src/xmc_ledts.c ****  * must be included in all copies of the Software, in whole or in part, and
  24:../Libraries/XMCLib/src/xmc_ledts.c ****  * all derivative works of the Software, unless such copies or derivative
  25:../Libraries/XMCLib/src/xmc_ledts.c ****  * works are solely in the form of machine-executable object code generated by
  26:../Libraries/XMCLib/src/xmc_ledts.c ****  * a source language processor.
  27:../Libraries/XMCLib/src/xmc_ledts.c ****  *
  28:../Libraries/XMCLib/src/xmc_ledts.c ****  * THE SOFTWARE IS PROVIDED "AS IS", WITHOUT WARRANTY OF ANY KIND, EXPRESS OR
  29:../Libraries/XMCLib/src/xmc_ledts.c ****  * IMPLIED, INCLUDING BUT NOT LIMITED TO THE WARRANTIES OF MERCHANTABILITY,
  30:../Libraries/XMCLib/src/xmc_ledts.c ****  * FITNESS FOR A PARTICULAR PURPOSE, TITLE AND NON-INFRINGEMENT. IN NO EVENT
  31:../Libraries/XMCLib/src/xmc_ledts.c ****  * SHALL THE COPYRIGHT HOLDERS OR ANYONE DISTRIBUTING THE SOFTWARE BE LIABLE
  32:../Libraries/XMCLib/src/xmc_ledts.c ****  * FOR ANY DAMAGES OR OTHER LIABILITY, WHETHER IN CONTRACT, TORT OR OTHERWISE,
  33:../Libraries/XMCLib/src/xmc_ledts.c ****  * ARISING FROM, OUT OF OR IN CONNECTION WITH THE SOFTWARE OR THE USE OR OTHER
  34:../Libraries/XMCLib/src/xmc_ledts.c ****  * DEALINGS IN THE SOFTWARE.
  35:../Libraries/XMCLib/src/xmc_ledts.c ****  *
  36:../Libraries/XMCLib/src/xmc_ledts.c ****  * To improve the quality of the software, users are encouraged to share
  37:../Libraries/XMCLib/src/xmc_ledts.c ****  * modifications, enhancements or bug fixes with Infineon Technologies AG
  38:../Libraries/XMCLib/src/xmc_ledts.c ****  * at XMCSupport@infineon.com.
  39:../Libraries/XMCLib/src/xmc_ledts.c ****  *****************************************************************************
  40:../Libraries/XMCLib/src/xmc_ledts.c ****  *
  41:../Libraries/XMCLib/src/xmc_ledts.c ****  * Change History
  42:../Libraries/XMCLib/src/xmc_ledts.c ****  * --------------
  43:../Libraries/XMCLib/src/xmc_ledts.c ****  *
  44:../Libraries/XMCLib/src/xmc_ledts.c ****  * 2015-02-20:
  45:../Libraries/XMCLib/src/xmc_ledts.c ****  *     - Initial draft <br>
  46:../Libraries/XMCLib/src/xmc_ledts.c ****  *     - New API added: XMC_LEDTS_SetActivePADNo() <br>
  47:../Libraries/XMCLib/src/xmc_ledts.c ****  *
  48:../Libraries/XMCLib/src/xmc_ledts.c ****  * 2015-06-20:
  49:../Libraries/XMCLib/src/xmc_ledts.c ****  *     - Removed version macros and declaration of GetDriverVersion API
  50:../Libraries/XMCLib/src/xmc_ledts.c ****  *
  51:../Libraries/XMCLib/src/xmc_ledts.c ****  * 2017-02-25:
  52:../Libraries/XMCLib/src/xmc_ledts.c ****  *     - XMC_LEDTS_InitGlobal() fixed compilation warnings
  53:../Libraries/XMCLib/src/xmc_ledts.c ****  *
  54:../Libraries/XMCLib/src/xmc_ledts.c ****  * 2019-12-16:
  55:../Libraries/XMCLib/src/xmc_ledts.c ****  *     - Fix including files following the convention: angle brackets are used for standard include
  56:../Libraries/XMCLib/src/xmc_ledts.c ****  *
  57:../Libraries/XMCLib/src/xmc_ledts.c ****  * <b>Detailed description of file:</b><br>
  58:../Libraries/XMCLib/src/xmc_ledts.c ****  * APIs for the functional blocks of LEDTS have been defined:<br>
  59:../Libraries/XMCLib/src/xmc_ledts.c ****  * -- GLOBAL (APIs prefixed with LEDTS_GLOBAL_) <br>
  60:../Libraries/XMCLib/src/xmc_ledts.c ****  * -- Clock configuration, Function/Event configuration, Interrupt configuration
  61:../Libraries/XMCLib/src/xmc_ledts.c ****  *
  62:../Libraries/XMCLib/src/xmc_ledts.c ****  * @endcond
  63:../Libraries/XMCLib/src/xmc_ledts.c ****  *
  64:../Libraries/XMCLib/src/xmc_ledts.c ****  */
  65:../Libraries/XMCLib/src/xmc_ledts.c **** 
  66:../Libraries/XMCLib/src/xmc_ledts.c **** /**************************************************************************************************
  67:../Libraries/XMCLib/src/xmc_ledts.c ****  * HEADER FILES
  68:../Libraries/XMCLib/src/xmc_ledts.c ****  **************************************************************************************************
  69:../Libraries/XMCLib/src/xmc_ledts.c **** #include "xmc_ledts.h"
  70:../Libraries/XMCLib/src/xmc_ledts.c **** 
  71:../Libraries/XMCLib/src/xmc_ledts.c **** #if defined(LEDTS0)
  72:../Libraries/XMCLib/src/xmc_ledts.c **** #include "xmc_scu.h"
  73:../Libraries/XMCLib/src/xmc_ledts.c **** 
  74:../Libraries/XMCLib/src/xmc_ledts.c **** /**************************************************************************************************
  75:../Libraries/XMCLib/src/xmc_ledts.c ****  * MACROS
  76:../Libraries/XMCLib/src/xmc_ledts.c ****  **************************************************************************************************
  77:../Libraries/XMCLib/src/xmc_ledts.c **** #define XMC_LEDTS_CLOCK_NOT_RUNNING 0U
  78:../Libraries/XMCLib/src/xmc_ledts.c **** 
  79:../Libraries/XMCLib/src/xmc_ledts.c **** /**************************************************************************************************
  80:../Libraries/XMCLib/src/xmc_ledts.c ****  * ENUMS
  81:../Libraries/XMCLib/src/xmc_ledts.c ****  **************************************************************************************************
  82:../Libraries/XMCLib/src/xmc_ledts.c **** 
  83:../Libraries/XMCLib/src/xmc_ledts.c **** /**************************************************************************************************
  84:../Libraries/XMCLib/src/xmc_ledts.c ****  * DATA STRUCTURES
  85:../Libraries/XMCLib/src/xmc_ledts.c ****  **************************************************************************************************
  86:../Libraries/XMCLib/src/xmc_ledts.c **** 
  87:../Libraries/XMCLib/src/xmc_ledts.c **** /**************************************************************************************************
  88:../Libraries/XMCLib/src/xmc_ledts.c ****  * GLOBAL DATA
  89:../Libraries/XMCLib/src/xmc_ledts.c ****  **************************************************************************************************
  90:../Libraries/XMCLib/src/xmc_ledts.c **** 
  91:../Libraries/XMCLib/src/xmc_ledts.c **** /**************************************************************************************************
  92:../Libraries/XMCLib/src/xmc_ledts.c ****  * LOCAL/UTILITY ROUTINES
  93:../Libraries/XMCLib/src/xmc_ledts.c ****  **************************************************************************************************
  94:../Libraries/XMCLib/src/xmc_ledts.c **** 
  95:../Libraries/XMCLib/src/xmc_ledts.c **** /**************************************************************************************************
  96:../Libraries/XMCLib/src/xmc_ledts.c ****  * API IMPLEMENTATION
  97:../Libraries/XMCLib/src/xmc_ledts.c ****  **************************************************************************************************
  98:../Libraries/XMCLib/src/xmc_ledts.c **** 
  99:../Libraries/XMCLib/src/xmc_ledts.c **** /**
 100:../Libraries/XMCLib/src/xmc_ledts.c ****   * Initialization of global register
 101:../Libraries/XMCLib/src/xmc_ledts.c ****   */
 102:../Libraries/XMCLib/src/xmc_ledts.c **** XMC_LEDTS_STATUS_t XMC_LEDTS_InitGlobal(XMC_LEDTS_t *const ledts, const XMC_LEDTS_GLOBAL_CONFIG_t *
 103:../Libraries/XMCLib/src/xmc_ledts.c **** {
  28              	 .loc 1 103 1
  29              	 .cfi_startproc
  30              	 
  31              	 
  32 0000 80B5     	 push {r7,lr}
  33              	.LCFI0:
  34              	 .cfi_def_cfa_offset 8
  35              	 .cfi_offset 7,-8
  36              	 .cfi_offset 14,-4
  37 0002 82B0     	 sub sp,sp,#8
  38              	.LCFI1:
  39              	 .cfi_def_cfa_offset 16
  40 0004 00AF     	 add r7,sp,#0
  41              	.LCFI2:
  42              	 .cfi_def_cfa_register 7
  43 0006 7860     	 str r0,[r7,#4]
  44 0008 3960     	 str r1,[r7]
 104:../Libraries/XMCLib/src/xmc_ledts.c ****   XMC_ASSERT("XMC_LEDTS_InitGlobal:Wrong Module Pointer", XMC_LEDTS_CHECK_KERNEL_PTR(ledts));
 105:../Libraries/XMCLib/src/xmc_ledts.c ****   XMC_ASSERT("XMC_LEDTS_InitGlobal:Null Pointer", (config != (XMC_LEDTS_GLOBAL_CONFIG_t *)NULL));
 106:../Libraries/XMCLib/src/xmc_ledts.c **** 
 107:../Libraries/XMCLib/src/xmc_ledts.c ****   if (ledts == XMC_LEDTS0)
  45              	 .loc 1 107 6
  46 000a 7B68     	 ldr r3,[r7,#4]
  47 000c 0B4A     	 ldr r2,.L5
  48 000e 9342     	 cmp r3,r2
  49 0010 02D1     	 bne .L2
 108:../Libraries/XMCLib/src/xmc_ledts.c ****   {
 109:../Libraries/XMCLib/src/xmc_ledts.c **** #if defined(CLOCK_GATING_SUPPORTED)
 110:../Libraries/XMCLib/src/xmc_ledts.c ****     XMC_SCU_CLOCK_UngatePeripheralClock(XMC_SCU_PERIPHERAL_CLOCK_LEDTS0);
 111:../Libraries/XMCLib/src/xmc_ledts.c **** #endif
 112:../Libraries/XMCLib/src/xmc_ledts.c **** #if defined(PERIPHERAL_RESET_SUPPORTED)
 113:../Libraries/XMCLib/src/xmc_ledts.c ****     XMC_SCU_RESET_DeassertPeripheralReset(XMC_SCU_PERIPHERAL_RESET_LEDTS0);
  50              	 .loc 1 113 5
  51 0012 0B48     	 ldr r0,.L5+4
  52 0014 FFF7FEFF 	 bl XMC_SCU_RESET_DeassertPeripheralReset
  53              	.L2:
 114:../Libraries/XMCLib/src/xmc_ledts.c **** #endif
 115:../Libraries/XMCLib/src/xmc_ledts.c ****   }
 116:../Libraries/XMCLib/src/xmc_ledts.c **** #if defined(LEDTS1)
 117:../Libraries/XMCLib/src/xmc_ledts.c ****   else if (ledts == XMC_LEDTS1)
 118:../Libraries/XMCLib/src/xmc_ledts.c ****   {
 119:../Libraries/XMCLib/src/xmc_ledts.c **** #if defined(CLOCK_GATING_SUPPORTED)
 120:../Libraries/XMCLib/src/xmc_ledts.c ****     XMC_SCU_CLOCK_UngatePeripheralClock(XMC_SCU_PERIPHERAL_CLOCK_LEDTS1);
 121:../Libraries/XMCLib/src/xmc_ledts.c **** #endif
 122:../Libraries/XMCLib/src/xmc_ledts.c **** #if defined(PERIPHERAL_RESET_SUPPORTED)
 123:../Libraries/XMCLib/src/xmc_ledts.c ****     XMC_SCU_RESET_DeassertPeripheralReset(XMC_SCU_PERIPHERAL_RESET_LEDTS1);
 124:../Libraries/XMCLib/src/xmc_ledts.c **** #endif
 125:../Libraries/XMCLib/src/xmc_ledts.c ****   }
 126:../Libraries/XMCLib/src/xmc_ledts.c **** #endif
 127:../Libraries/XMCLib/src/xmc_ledts.c **** #if defined(LEDTS2)
 128:../Libraries/XMCLib/src/xmc_ledts.c ****   else if (ledts == XMC_LEDTS2)
 129:../Libraries/XMCLib/src/xmc_ledts.c ****   {
 130:../Libraries/XMCLib/src/xmc_ledts.c **** #if defined(CLOCK_GATING_SUPPORTED)
 131:../Libraries/XMCLib/src/xmc_ledts.c ****     XMC_SCU_CLOCK_UngatePeripheralClock(XMC_SCU_PERIPHERAL_CLOCK_LEDTS2);
 132:../Libraries/XMCLib/src/xmc_ledts.c **** #endif
 133:../Libraries/XMCLib/src/xmc_ledts.c **** #if defined(PERIPHERAL_RESET_SUPPORTED)
 134:../Libraries/XMCLib/src/xmc_ledts.c ****     XMC_SCU_RESET_DeassertPeripheralReset(XMC_SCU_PERIPHERAL_RESET_LEDTS2);
 135:../Libraries/XMCLib/src/xmc_ledts.c **** #endif
 136:../Libraries/XMCLib/src/xmc_ledts.c ****   }
 137:../Libraries/XMCLib/src/xmc_ledts.c **** #endif
 138:../Libraries/XMCLib/src/xmc_ledts.c ****   else
 139:../Libraries/XMCLib/src/xmc_ledts.c ****   {
 140:../Libraries/XMCLib/src/xmc_ledts.c ****     XMC_ASSERT("XMC_LEDTS_InitGlobal:Invalid Module Pointer", 0);
 141:../Libraries/XMCLib/src/xmc_ledts.c ****   }
 142:../Libraries/XMCLib/src/xmc_ledts.c **** 
 143:../Libraries/XMCLib/src/xmc_ledts.c ****   if ((ledts->GLOBCTL & LEDTS_GLOBCTL_CLK_PS_Msk) != XMC_LEDTS_CLOCK_NOT_RUNNING)
  54              	 .loc 1 143 13
  55 0018 7B68     	 ldr r3,[r7,#4]
  56 001a 5B68     	 ldr r3,[r3,#4]
  57              	 .loc 1 143 23
  58 001c 1B0C     	 lsrs r3,r3,#16
  59 001e 1B04     	 lsls r3,r3,#16
  60              	 .loc 1 143 6
  61 0020 002B     	 cmp r3,#0
  62 0022 01D0     	 beq .L3
 144:../Libraries/XMCLib/src/xmc_ledts.c ****   {
 145:../Libraries/XMCLib/src/xmc_ledts.c ****     return XMC_LEDTS_STATUS_RUNNING;
  63              	 .loc 1 145 12
  64 0024 0123     	 movs r3,#1
  65 0026 04E0     	 b .L4
  66              	.L3:
 146:../Libraries/XMCLib/src/xmc_ledts.c ****   }
 147:../Libraries/XMCLib/src/xmc_ledts.c **** 
 148:../Libraries/XMCLib/src/xmc_ledts.c ****   ledts->GLOBCTL = config->globctl;
  67              	 .loc 1 148 26
  68 0028 3B68     	 ldr r3,[r7]
  69 002a 1A68     	 ldr r2,[r3]
  70              	 .loc 1 148 18
  71 002c 7B68     	 ldr r3,[r7,#4]
  72 002e 5A60     	 str r2,[r3,#4]
 149:../Libraries/XMCLib/src/xmc_ledts.c **** 
 150:../Libraries/XMCLib/src/xmc_ledts.c ****   return XMC_LEDTS_STATUS_SUCCESS;
  73              	 .loc 1 150 10
  74 0030 0023     	 movs r3,#0
  75              	.L4:
 151:../Libraries/XMCLib/src/xmc_ledts.c **** }
  76              	 .loc 1 151 1
  77 0032 1846     	 mov r0,r3
  78 0034 0837     	 adds r7,r7,#8
  79              	.LCFI3:
  80              	 .cfi_def_cfa_offset 8
  81 0036 BD46     	 mov sp,r7
  82              	.LCFI4:
  83              	 .cfi_def_cfa_register 13
  84              	 
  85 0038 80BD     	 pop {r7,pc}
  86              	.L6:
  87 003a 00BF     	 .align 2
  88              	.L5:
  89 003c 00000148 	 .word 1208025088
  90 0040 08000010 	 .word 268435464
  91              	 .cfi_endproc
  92              	.LFE173:
  94              	 .section .text.XMC_LEDTS_InitLED,"ax",%progbits
  95              	 .align 1
  96              	 .global XMC_LEDTS_InitLED
  97              	 .syntax unified
  98              	 .thumb
  99              	 .thumb_func
 100              	 .fpu fpv4-sp-d16
 102              	XMC_LEDTS_InitLED:
 103              	.LFB174:
 152:../Libraries/XMCLib/src/xmc_ledts.c **** 
 153:../Libraries/XMCLib/src/xmc_ledts.c **** /**
 154:../Libraries/XMCLib/src/xmc_ledts.c ****   * Initialization of registers for LED-driving function
 155:../Libraries/XMCLib/src/xmc_ledts.c ****   */
 156:../Libraries/XMCLib/src/xmc_ledts.c **** XMC_LEDTS_STATUS_t XMC_LEDTS_InitLED(XMC_LEDTS_t *const ledts, const XMC_LEDTS_LED_CONFIG_t *config
 157:../Libraries/XMCLib/src/xmc_ledts.c **** {
 104              	 .loc 1 157 1
 105              	 .cfi_startproc
 106              	 
 107              	 
 108              	 
 109 0000 80B4     	 push {r7}
 110              	.LCFI5:
 111              	 .cfi_def_cfa_offset 4
 112              	 .cfi_offset 7,-4
 113 0002 83B0     	 sub sp,sp,#12
 114              	.LCFI6:
 115              	 .cfi_def_cfa_offset 16
 116 0004 00AF     	 add r7,sp,#0
 117              	.LCFI7:
 118              	 .cfi_def_cfa_register 7
 119 0006 7860     	 str r0,[r7,#4]
 120 0008 3960     	 str r1,[r7]
 158:../Libraries/XMCLib/src/xmc_ledts.c ****   XMC_ASSERT("XMC_LEDTS_LED_Init:Wrong Module Pointer", XMC_LEDTS_CHECK_KERNEL_PTR(ledts));
 159:../Libraries/XMCLib/src/xmc_ledts.c ****   XMC_ASSERT("XMC_LEDTS_LED_Init:Null Pointer", (config != (XMC_LEDTS_LED_CONFIG_t *)NULL));
 160:../Libraries/XMCLib/src/xmc_ledts.c **** 
 161:../Libraries/XMCLib/src/xmc_ledts.c ****   if ((ledts->GLOBCTL & LEDTS_GLOBCTL_CLK_PS_Msk) != XMC_LEDTS_CLOCK_NOT_RUNNING)
 121              	 .loc 1 161 13
 122 000a 7B68     	 ldr r3,[r7,#4]
 123 000c 5B68     	 ldr r3,[r3,#4]
 124              	 .loc 1 161 23
 125 000e 1B0C     	 lsrs r3,r3,#16
 126 0010 1B04     	 lsls r3,r3,#16
 127              	 .loc 1 161 6
 128 0012 002B     	 cmp r3,#0
 129 0014 01D0     	 beq .L8
 162:../Libraries/XMCLib/src/xmc_ledts.c ****   {
 163:../Libraries/XMCLib/src/xmc_ledts.c ****     return XMC_LEDTS_STATUS_RUNNING;
 130              	 .loc 1 163 12
 131 0016 0123     	 movs r3,#1
 132 0018 13E0     	 b .L9
 133              	.L8:
 164:../Libraries/XMCLib/src/xmc_ledts.c ****   }
 165:../Libraries/XMCLib/src/xmc_ledts.c **** 
 166:../Libraries/XMCLib/src/xmc_ledts.c ****   ledts->FNCTL &= ~(LEDTS_FNCTL_COLLEV_Msk | LEDTS_FNCTL_NR_LEDCOL_Msk);
 134              	 .loc 1 166 16
 135 001a 7B68     	 ldr r3,[r7,#4]
 136 001c 9B68     	 ldr r3,[r3,#8]
 137 001e 23F07042 	 bic r2,r3,#-268435456
 138 0022 7B68     	 ldr r3,[r7,#4]
 139 0024 9A60     	 str r2,[r3,#8]
 167:../Libraries/XMCLib/src/xmc_ledts.c ****   ledts->FNCTL |= (config->fnctl);
 140              	 .loc 1 167 16
 141 0026 7B68     	 ldr r3,[r7,#4]
 142 0028 9A68     	 ldr r2,[r3,#8]
 143              	 .loc 1 167 26
 144 002a 3B68     	 ldr r3,[r7]
 145 002c 1B68     	 ldr r3,[r3]
 146              	 .loc 1 167 16
 147 002e 1A43     	 orrs r2,r2,r3
 148 0030 7B68     	 ldr r3,[r7,#4]
 149 0032 9A60     	 str r2,[r3,#8]
 168:../Libraries/XMCLib/src/xmc_ledts.c **** 
 169:../Libraries/XMCLib/src/xmc_ledts.c ****   /* Enable LED function */
 170:../Libraries/XMCLib/src/xmc_ledts.c ****   ledts->GLOBCTL |= LEDTS_GLOBCTL_LD_EN_Msk;
 150              	 .loc 1 170 18
 151 0034 7B68     	 ldr r3,[r7,#4]
 152 0036 5B68     	 ldr r3,[r3,#4]
 153 0038 43F00202 	 orr r2,r3,#2
 154 003c 7B68     	 ldr r3,[r7,#4]
 155 003e 5A60     	 str r2,[r3,#4]
 171:../Libraries/XMCLib/src/xmc_ledts.c **** 
 172:../Libraries/XMCLib/src/xmc_ledts.c ****   return XMC_LEDTS_STATUS_SUCCESS;
 156              	 .loc 1 172 10
 157 0040 0023     	 movs r3,#0
 158              	.L9:
 173:../Libraries/XMCLib/src/xmc_ledts.c **** }
 159              	 .loc 1 173 1
 160 0042 1846     	 mov r0,r3
 161 0044 0C37     	 adds r7,r7,#12
 162              	.LCFI8:
 163              	 .cfi_def_cfa_offset 4
 164 0046 BD46     	 mov sp,r7
 165              	.LCFI9:
 166              	 .cfi_def_cfa_register 13
 167              	 
 168 0048 5DF8047B 	 ldr r7,[sp],#4
 169              	.LCFI10:
 170              	 .cfi_restore 7
 171              	 .cfi_def_cfa_offset 0
 172 004c 7047     	 bx lr
 173              	 .cfi_endproc
 174              	.LFE174:
 176              	 .section .text.XMC_LEDTS_InitTSBasic,"ax",%progbits
 177              	 .align 1
 178              	 .global XMC_LEDTS_InitTSBasic
 179              	 .syntax unified
 180              	 .thumb
 181              	 .thumb_func
 182              	 .fpu fpv4-sp-d16
 184              	XMC_LEDTS_InitTSBasic:
 185              	.LFB175:
 174:../Libraries/XMCLib/src/xmc_ledts.c **** 
 175:../Libraries/XMCLib/src/xmc_ledts.c **** /**
 176:../Libraries/XMCLib/src/xmc_ledts.c ****   * Initialization of registers for basic Touch-Sense control function
 177:../Libraries/XMCLib/src/xmc_ledts.c ****   */
 178:../Libraries/XMCLib/src/xmc_ledts.c **** XMC_LEDTS_STATUS_t XMC_LEDTS_InitTSBasic(XMC_LEDTS_t *const ledts, const XMC_LEDTS_TS_CONFIG_BASIC_
 179:../Libraries/XMCLib/src/xmc_ledts.c **** {
 186              	 .loc 1 179 1
 187              	 .cfi_startproc
 188              	 
 189              	 
 190              	 
 191 0000 80B4     	 push {r7}
 192              	.LCFI11:
 193              	 .cfi_def_cfa_offset 4
 194              	 .cfi_offset 7,-4
 195 0002 85B0     	 sub sp,sp,#20
 196              	.LCFI12:
 197              	 .cfi_def_cfa_offset 24
 198 0004 00AF     	 add r7,sp,#0
 199              	.LCFI13:
 200              	 .cfi_def_cfa_register 7
 201 0006 7860     	 str r0,[r7,#4]
 202 0008 3960     	 str r1,[r7]
 180:../Libraries/XMCLib/src/xmc_ledts.c ****   uint32_t reg;
 181:../Libraries/XMCLib/src/xmc_ledts.c **** 
 182:../Libraries/XMCLib/src/xmc_ledts.c ****   XMC_ASSERT("XMC_LEDTS_TS_Basic_Init:Wrong Module Pointer", XMC_LEDTS_CHECK_KERNEL_PTR(ledts));
 183:../Libraries/XMCLib/src/xmc_ledts.c ****   XMC_ASSERT("XMC_LEDTS_TS_Basic_Init:Null Pointer", (config != (XMC_LEDTS_TS_CONFIG_BASIC_t *)NULL
 184:../Libraries/XMCLib/src/xmc_ledts.c **** 
 185:../Libraries/XMCLib/src/xmc_ledts.c ****   if ((ledts->GLOBCTL & LEDTS_GLOBCTL_CLK_PS_Msk) != XMC_LEDTS_CLOCK_NOT_RUNNING)
 203              	 .loc 1 185 13
 204 000a 7B68     	 ldr r3,[r7,#4]
 205 000c 5B68     	 ldr r3,[r3,#4]
 206              	 .loc 1 185 23
 207 000e 1B0C     	 lsrs r3,r3,#16
 208 0010 1B04     	 lsls r3,r3,#16
 209              	 .loc 1 185 6
 210 0012 002B     	 cmp r3,#0
 211 0014 01D0     	 beq .L11
 186:../Libraries/XMCLib/src/xmc_ledts.c ****   {
 187:../Libraries/XMCLib/src/xmc_ledts.c ****     return XMC_LEDTS_STATUS_RUNNING;
 212              	 .loc 1 187 12
 213 0016 0123     	 movs r3,#1
 214 0018 15E0     	 b .L12
 215              	.L11:
 188:../Libraries/XMCLib/src/xmc_ledts.c ****   }
 189:../Libraries/XMCLib/src/xmc_ledts.c **** 
 190:../Libraries/XMCLib/src/xmc_ledts.c ****   reg = ~(LEDTS_FNCTL_ACCCNT_Msk | LEDTS_FNCTL_TSCCMP_Msk | LEDTS_FNCTL_TSCTRR_Msk | LEDTS_FNCTL_TS
 216              	 .loc 1 190 7
 217 001a 0E4B     	 ldr r3,.L13
 218 001c FB60     	 str r3,[r7,#12]
 191:../Libraries/XMCLib/src/xmc_ledts.c ****           LEDTS_FNCTL_NR_TSIN_Msk);
 192:../Libraries/XMCLib/src/xmc_ledts.c ****   ledts->FNCTL &= (reg);
 219              	 .loc 1 192 16
 220 001e 7B68     	 ldr r3,[r7,#4]
 221 0020 9A68     	 ldr r2,[r3,#8]
 222 0022 FB68     	 ldr r3,[r7,#12]
 223 0024 1A40     	 ands r2,r2,r3
 224 0026 7B68     	 ldr r3,[r7,#4]
 225 0028 9A60     	 str r2,[r3,#8]
 193:../Libraries/XMCLib/src/xmc_ledts.c ****   ledts->FNCTL |= (config->fnctl);
 226              	 .loc 1 193 16
 227 002a 7B68     	 ldr r3,[r7,#4]
 228 002c 9A68     	 ldr r2,[r3,#8]
 229              	 .loc 1 193 26
 230 002e 3B68     	 ldr r3,[r7]
 231 0030 1B68     	 ldr r3,[r3]
 232              	 .loc 1 193 16
 233 0032 1A43     	 orrs r2,r2,r3
 234 0034 7B68     	 ldr r3,[r7,#4]
 235 0036 9A60     	 str r2,[r3,#8]
 194:../Libraries/XMCLib/src/xmc_ledts.c **** 
 195:../Libraries/XMCLib/src/xmc_ledts.c ****   /* Enable TS function */
 196:../Libraries/XMCLib/src/xmc_ledts.c ****   ledts->GLOBCTL |= LEDTS_GLOBCTL_TS_EN_Msk;
 236              	 .loc 1 196 18
 237 0038 7B68     	 ldr r3,[r7,#4]
 238 003a 5B68     	 ldr r3,[r3,#4]
 239 003c 43F00102 	 orr r2,r3,#1
 240 0040 7B68     	 ldr r3,[r7,#4]
 241 0042 5A60     	 str r2,[r3,#4]
 197:../Libraries/XMCLib/src/xmc_ledts.c **** 
 198:../Libraries/XMCLib/src/xmc_ledts.c ****   return XMC_LEDTS_STATUS_SUCCESS;
 242              	 .loc 1 198 10
 243 0044 0023     	 movs r3,#0
 244              	.L12:
 199:../Libraries/XMCLib/src/xmc_ledts.c **** }
 245              	 .loc 1 199 1
 246 0046 1846     	 mov r0,r3
 247 0048 1437     	 adds r7,r7,#20
 248              	.LCFI14:
 249              	 .cfi_def_cfa_offset 4
 250 004a BD46     	 mov sp,r7
 251              	.LCFI15:
 252              	 .cfi_def_cfa_register 13
 253              	 
 254 004c 5DF8047B 	 ldr r7,[sp],#4
 255              	.LCFI16:
 256              	 .cfi_restore 7
 257              	 .cfi_def_cfa_offset 0
 258 0050 7047     	 bx lr
 259              	.L14:
 260 0052 00BF     	 .align 2
 261              	.L13:
 262 0054 FFFF60F0 	 .word -262078465
 263              	 .cfi_endproc
 264              	.LFE175:
 266              	 .section .text.XMC_LEDTS_InitTSAdvanced,"ax",%progbits
 267              	 .align 1
 268              	 .global XMC_LEDTS_InitTSAdvanced
 269              	 .syntax unified
 270              	 .thumb
 271              	 .thumb_func
 272              	 .fpu fpv4-sp-d16
 274              	XMC_LEDTS_InitTSAdvanced:
 275              	.LFB176:
 200:../Libraries/XMCLib/src/xmc_ledts.c **** 
 201:../Libraries/XMCLib/src/xmc_ledts.c **** /**
 202:../Libraries/XMCLib/src/xmc_ledts.c ****   * Initialization of registers for advanced Touch-Sense control function
 203:../Libraries/XMCLib/src/xmc_ledts.c ****   */
 204:../Libraries/XMCLib/src/xmc_ledts.c **** XMC_LEDTS_STATUS_t XMC_LEDTS_InitTSAdvanced (XMC_LEDTS_t *const ledts, const XMC_LEDTS_TS_CONFIG_AD
 205:../Libraries/XMCLib/src/xmc_ledts.c **** {
 276              	 .loc 1 205 1
 277              	 .cfi_startproc
 278              	 
 279              	 
 280              	 
 281 0000 80B4     	 push {r7}
 282              	.LCFI17:
 283              	 .cfi_def_cfa_offset 4
 284              	 .cfi_offset 7,-4
 285 0002 85B0     	 sub sp,sp,#20
 286              	.LCFI18:
 287              	 .cfi_def_cfa_offset 24
 288 0004 00AF     	 add r7,sp,#0
 289              	.LCFI19:
 290              	 .cfi_def_cfa_register 7
 291 0006 7860     	 str r0,[r7,#4]
 292 0008 3960     	 str r1,[r7]
 206:../Libraries/XMCLib/src/xmc_ledts.c ****   uint32_t reg;
 207:../Libraries/XMCLib/src/xmc_ledts.c **** 
 208:../Libraries/XMCLib/src/xmc_ledts.c ****   XMC_ASSERT("XMC_LEDTS_TS_Advanced_Init:Wrong Module Pointer", XMC_LEDTS_CHECK_KERNEL_PTR(ledts));
 209:../Libraries/XMCLib/src/xmc_ledts.c ****   XMC_ASSERT("XMC_LEDTS_TS_Advanced_Init:Null Pointer", (config != (XMC_LEDTS_TS_CONFIG_ADVANCED_t 
 210:../Libraries/XMCLib/src/xmc_ledts.c **** 
 211:../Libraries/XMCLib/src/xmc_ledts.c ****   if ((ledts->GLOBCTL & LEDTS_GLOBCTL_CLK_PS_Msk) != XMC_LEDTS_CLOCK_NOT_RUNNING)
 293              	 .loc 1 211 13
 294 000a 7B68     	 ldr r3,[r7,#4]
 295 000c 5B68     	 ldr r3,[r3,#4]
 296              	 .loc 1 211 23
 297 000e 1B0C     	 lsrs r3,r3,#16
 298 0010 1B04     	 lsls r3,r3,#16
 299              	 .loc 1 211 6
 300 0012 002B     	 cmp r3,#0
 301 0014 01D0     	 beq .L16
 212:../Libraries/XMCLib/src/xmc_ledts.c ****   {
 213:../Libraries/XMCLib/src/xmc_ledts.c ****     return XMC_LEDTS_STATUS_RUNNING;
 302              	 .loc 1 213 12
 303 0016 0123     	 movs r3,#1
 304 0018 1FE0     	 b .L17
 305              	.L16:
 214:../Libraries/XMCLib/src/xmc_ledts.c ****   }
 215:../Libraries/XMCLib/src/xmc_ledts.c **** 
 216:../Libraries/XMCLib/src/xmc_ledts.c ****   reg = ~(LEDTS_GLOBCTL_MASKVAL_Msk | LEDTS_GLOBCTL_FENVAL_Msk);
 306              	 .loc 1 216 7
 307 001a 6FF4F053 	 mvn r3,#7680
 308 001e FB60     	 str r3,[r7,#12]
 217:../Libraries/XMCLib/src/xmc_ledts.c ****   ledts->GLOBCTL &= (reg);
 309              	 .loc 1 217 18
 310 0020 7B68     	 ldr r3,[r7,#4]
 311 0022 5A68     	 ldr r2,[r3,#4]
 312 0024 FB68     	 ldr r3,[r7,#12]
 313 0026 1A40     	 ands r2,r2,r3
 314 0028 7B68     	 ldr r3,[r7,#4]
 315 002a 5A60     	 str r2,[r3,#4]
 218:../Libraries/XMCLib/src/xmc_ledts.c ****   ledts->GLOBCTL |= (config->globctl);
 316              	 .loc 1 218 18
 317 002c 7B68     	 ldr r3,[r7,#4]
 318 002e 5A68     	 ldr r2,[r3,#4]
 319              	 .loc 1 218 28
 320 0030 3B68     	 ldr r3,[r7]
 321 0032 1B68     	 ldr r3,[r3]
 322              	 .loc 1 218 18
 323 0034 1A43     	 orrs r2,r2,r3
 324 0036 7B68     	 ldr r3,[r7,#4]
 325 0038 5A60     	 str r2,[r3,#4]
 219:../Libraries/XMCLib/src/xmc_ledts.c **** 
 220:../Libraries/XMCLib/src/xmc_ledts.c ****   reg = ~(LEDTS_FNCTL_PADT_Msk | LEDTS_FNCTL_PADTSW_Msk | LEDTS_FNCTL_EPULL_Msk | LEDTS_FNCTL_TSOEX
 326              	 .loc 1 220 7
 327 003a 0B4B     	 ldr r3,.L18
 328 003c FB60     	 str r3,[r7,#12]
 221:../Libraries/XMCLib/src/xmc_ledts.c ****   ledts->FNCTL &= (reg);
 329              	 .loc 1 221 16
 330 003e 7B68     	 ldr r3,[r7,#4]
 331 0040 9A68     	 ldr r2,[r3,#8]
 332 0042 FB68     	 ldr r3,[r7,#12]
 333 0044 1A40     	 ands r2,r2,r3
 334 0046 7B68     	 ldr r3,[r7,#4]
 335 0048 9A60     	 str r2,[r3,#8]
 222:../Libraries/XMCLib/src/xmc_ledts.c ****   ledts->FNCTL |= (config->fnctl);
 336              	 .loc 1 222 16
 337 004a 7B68     	 ldr r3,[r7,#4]
 338 004c 9A68     	 ldr r2,[r3,#8]
 339              	 .loc 1 222 26
 340 004e 3B68     	 ldr r3,[r7]
 341 0050 5B68     	 ldr r3,[r3,#4]
 342              	 .loc 1 222 16
 343 0052 1A43     	 orrs r2,r2,r3
 344 0054 7B68     	 ldr r3,[r7,#4]
 345 0056 9A60     	 str r2,[r3,#8]
 223:../Libraries/XMCLib/src/xmc_ledts.c **** 
 224:../Libraries/XMCLib/src/xmc_ledts.c ****   return XMC_LEDTS_STATUS_SUCCESS;
 346              	 .loc 1 224 10
 347 0058 0023     	 movs r3,#0
 348              	.L17:
 225:../Libraries/XMCLib/src/xmc_ledts.c **** }
 349              	 .loc 1 225 1
 350 005a 1846     	 mov r0,r3
 351 005c 1437     	 adds r7,r7,#20
 352              	.LCFI20:
 353              	 .cfi_def_cfa_offset 4
 354 005e BD46     	 mov sp,r7
 355              	.LCFI21:
 356              	 .cfi_def_cfa_register 13
 357              	 
 358 0060 5DF8047B 	 ldr r7,[sp],#4
 359              	.LCFI22:
 360              	 .cfi_restore 7
 361              	 .cfi_def_cfa_offset 0
 362 0064 7047     	 bx lr
 363              	.L19:
 364 0066 00BF     	 .align 2
 365              	.L18:
 366 0068 E0FF9FFF 	 .word -6291488
 367              	 .cfi_endproc
 368              	.LFE176:
 370              	 .section .text.XMC_LEDTS_StartCounter,"ax",%progbits
 371              	 .align 1
 372              	 .global XMC_LEDTS_StartCounter
 373              	 .syntax unified
 374              	 .thumb
 375              	 .thumb_func
 376              	 .fpu fpv4-sp-d16
 378              	XMC_LEDTS_StartCounter:
 379              	.LFB177:
 226:../Libraries/XMCLib/src/xmc_ledts.c **** 
 227:../Libraries/XMCLib/src/xmc_ledts.c **** /**
 228:../Libraries/XMCLib/src/xmc_ledts.c ****   * Starts LEDTS-counter
 229:../Libraries/XMCLib/src/xmc_ledts.c ****   */
 230:../Libraries/XMCLib/src/xmc_ledts.c **** void XMC_LEDTS_StartCounter(XMC_LEDTS_t *const ledts, const uint16_t prescaler)
 231:../Libraries/XMCLib/src/xmc_ledts.c **** {
 380              	 .loc 1 231 1
 381              	 .cfi_startproc
 382              	 
 383              	 
 384              	 
 385 0000 80B4     	 push {r7}
 386              	.LCFI23:
 387              	 .cfi_def_cfa_offset 4
 388              	 .cfi_offset 7,-4
 389 0002 83B0     	 sub sp,sp,#12
 390              	.LCFI24:
 391              	 .cfi_def_cfa_offset 16
 392 0004 00AF     	 add r7,sp,#0
 393              	.LCFI25:
 394              	 .cfi_def_cfa_register 7
 395 0006 7860     	 str r0,[r7,#4]
 396 0008 0B46     	 mov r3,r1
 397 000a 7B80     	 strh r3,[r7,#2]
 232:../Libraries/XMCLib/src/xmc_ledts.c ****   XMC_ASSERT("XMC_LEDTS_Start_Counter:Wrong Module Pointer", XMC_LEDTS_CHECK_KERNEL_PTR(ledts));
 233:../Libraries/XMCLib/src/xmc_ledts.c **** 
 234:../Libraries/XMCLib/src/xmc_ledts.c ****   ledts->GLOBCTL |= prescaler << 16U;
 398              	 .loc 1 234 18
 399 000c 7B68     	 ldr r3,[r7,#4]
 400 000e 5B68     	 ldr r3,[r3,#4]
 401              	 .loc 1 234 31
 402 0010 7A88     	 ldrh r2,[r7,#2]
 403 0012 1204     	 lsls r2,r2,#16
 404              	 .loc 1 234 18
 405 0014 1A43     	 orrs r2,r2,r3
 406 0016 7B68     	 ldr r3,[r7,#4]
 407 0018 5A60     	 str r2,[r3,#4]
 235:../Libraries/XMCLib/src/xmc_ledts.c **** }
 408              	 .loc 1 235 1
 409 001a 00BF     	 nop
 410 001c 0C37     	 adds r7,r7,#12
 411              	.LCFI26:
 412              	 .cfi_def_cfa_offset 4
 413 001e BD46     	 mov sp,r7
 414              	.LCFI27:
 415              	 .cfi_def_cfa_register 13
 416              	 
 417 0020 5DF8047B 	 ldr r7,[sp],#4
 418              	.LCFI28:
 419              	 .cfi_restore 7
 420              	 .cfi_def_cfa_offset 0
 421 0024 7047     	 bx lr
 422              	 .cfi_endproc
 423              	.LFE177:
 425              	 .section .text.XMC_LEDTS_StopCounter,"ax",%progbits
 426              	 .align 1
 427              	 .global XMC_LEDTS_StopCounter
 428              	 .syntax unified
 429              	 .thumb
 430              	 .thumb_func
 431              	 .fpu fpv4-sp-d16
 433              	XMC_LEDTS_StopCounter:
 434              	.LFB178:
 236:../Libraries/XMCLib/src/xmc_ledts.c **** 
 237:../Libraries/XMCLib/src/xmc_ledts.c **** /**
 238:../Libraries/XMCLib/src/xmc_ledts.c ****   * Stops LEDTS-counter
 239:../Libraries/XMCLib/src/xmc_ledts.c ****   */
 240:../Libraries/XMCLib/src/xmc_ledts.c **** void XMC_LEDTS_StopCounter(XMC_LEDTS_t *const ledts)
 241:../Libraries/XMCLib/src/xmc_ledts.c **** {
 435              	 .loc 1 241 1
 436              	 .cfi_startproc
 437              	 
 438              	 
 439              	 
 440 0000 80B4     	 push {r7}
 441              	.LCFI29:
 442              	 .cfi_def_cfa_offset 4
 443              	 .cfi_offset 7,-4
 444 0002 83B0     	 sub sp,sp,#12
 445              	.LCFI30:
 446              	 .cfi_def_cfa_offset 16
 447 0004 00AF     	 add r7,sp,#0
 448              	.LCFI31:
 449              	 .cfi_def_cfa_register 7
 450 0006 7860     	 str r0,[r7,#4]
 242:../Libraries/XMCLib/src/xmc_ledts.c ****   XMC_ASSERT("XMC_LEDTS_Stop_Counter:Wrong Module Pointer", XMC_LEDTS_CHECK_KERNEL_PTR(ledts));
 243:../Libraries/XMCLib/src/xmc_ledts.c **** 
 244:../Libraries/XMCLib/src/xmc_ledts.c ****   ledts->GLOBCTL &= 0x0000FFFF;
 451              	 .loc 1 244 18
 452 0008 7B68     	 ldr r3,[r7,#4]
 453 000a 5B68     	 ldr r3,[r3,#4]
 454 000c 9AB2     	 uxth r2,r3
 455 000e 7B68     	 ldr r3,[r7,#4]
 456 0010 5A60     	 str r2,[r3,#4]
 245:../Libraries/XMCLib/src/xmc_ledts.c **** }
 457              	 .loc 1 245 1
 458 0012 00BF     	 nop
 459 0014 0C37     	 adds r7,r7,#12
 460              	.LCFI32:
 461              	 .cfi_def_cfa_offset 4
 462 0016 BD46     	 mov sp,r7
 463              	.LCFI33:
 464              	 .cfi_def_cfa_register 13
 465              	 
 466 0018 5DF8047B 	 ldr r7,[sp],#4
 467              	.LCFI34:
 468              	 .cfi_restore 7
 469              	 .cfi_def_cfa_offset 0
 470 001c 7047     	 bx lr
 471              	 .cfi_endproc
 472              	.LFE178:
 474              	 .section .text.XMC_LEDTS_ReadInterruptFlag,"ax",%progbits
 475              	 .align 1
 476              	 .global XMC_LEDTS_ReadInterruptFlag
 477              	 .syntax unified
 478              	 .thumb
 479              	 .thumb_func
 480              	 .fpu fpv4-sp-d16
 482              	XMC_LEDTS_ReadInterruptFlag:
 483              	.LFB179:
 246:../Libraries/XMCLib/src/xmc_ledts.c **** 
 247:../Libraries/XMCLib/src/xmc_ledts.c **** /**
 248:../Libraries/XMCLib/src/xmc_ledts.c ****   * Reads time interrupt flags
 249:../Libraries/XMCLib/src/xmc_ledts.c ****   */
 250:../Libraries/XMCLib/src/xmc_ledts.c **** uint32_t XMC_LEDTS_ReadInterruptFlag(XMC_LEDTS_t *const ledts)
 251:../Libraries/XMCLib/src/xmc_ledts.c **** {
 484              	 .loc 1 251 1
 485              	 .cfi_startproc
 486              	 
 487              	 
 488              	 
 489 0000 80B4     	 push {r7}
 490              	.LCFI35:
 491              	 .cfi_def_cfa_offset 4
 492              	 .cfi_offset 7,-4
 493 0002 83B0     	 sub sp,sp,#12
 494              	.LCFI36:
 495              	 .cfi_def_cfa_offset 16
 496 0004 00AF     	 add r7,sp,#0
 497              	.LCFI37:
 498              	 .cfi_def_cfa_register 7
 499 0006 7860     	 str r0,[r7,#4]
 252:../Libraries/XMCLib/src/xmc_ledts.c ****   XMC_ASSERT("XMC_LEDTS_ReadInterruptFlag:Wrong Module Pointer", XMC_LEDTS_CHECK_KERNEL_PTR(ledts))
 253:../Libraries/XMCLib/src/xmc_ledts.c **** 
 254:../Libraries/XMCLib/src/xmc_ledts.c ****   return (ledts->EVFR & 0xF);
 500              	 .loc 1 254 16
 501 0008 7B68     	 ldr r3,[r7,#4]
 502 000a DB68     	 ldr r3,[r3,#12]
 503              	 .loc 1 254 23
 504 000c 03F00F03 	 and r3,r3,#15
 255:../Libraries/XMCLib/src/xmc_ledts.c **** }
 505              	 .loc 1 255 1
 506 0010 1846     	 mov r0,r3
 507 0012 0C37     	 adds r7,r7,#12
 508              	.LCFI38:
 509              	 .cfi_def_cfa_offset 4
 510 0014 BD46     	 mov sp,r7
 511              	.LCFI39:
 512              	 .cfi_def_cfa_register 13
 513              	 
 514 0016 5DF8047B 	 ldr r7,[sp],#4
 515              	.LCFI40:
 516              	 .cfi_restore 7
 517              	 .cfi_def_cfa_offset 0
 518 001a 7047     	 bx lr
 519              	 .cfi_endproc
 520              	.LFE179:
 522              	 .section .text.XMC_LEDTS_SetActivePADNo,"ax",%progbits
 523              	 .align 1
 524              	 .global XMC_LEDTS_SetActivePADNo
 525              	 .syntax unified
 526              	 .thumb
 527              	 .thumb_func
 528              	 .fpu fpv4-sp-d16
 530              	XMC_LEDTS_SetActivePADNo:
 531              	.LFB180:
 256:../Libraries/XMCLib/src/xmc_ledts.c **** 
 257:../Libraries/XMCLib/src/xmc_ledts.c **** /**
 258:../Libraries/XMCLib/src/xmc_ledts.c ****   * Set the active pad number
 259:../Libraries/XMCLib/src/xmc_ledts.c ****   */
 260:../Libraries/XMCLib/src/xmc_ledts.c **** void XMC_LEDTS_SetActivePADNo(XMC_LEDTS_t *const ledts, XMC_LEDTS_NUMBER_TS_INPUT_t pad_num)
 261:../Libraries/XMCLib/src/xmc_ledts.c **** {
 532              	 .loc 1 261 1
 533              	 .cfi_startproc
 534              	 
 535              	 
 536              	 
 537 0000 80B4     	 push {r7}
 538              	.LCFI41:
 539              	 .cfi_def_cfa_offset 4
 540              	 .cfi_offset 7,-4
 541 0002 85B0     	 sub sp,sp,#20
 542              	.LCFI42:
 543              	 .cfi_def_cfa_offset 24
 544 0004 00AF     	 add r7,sp,#0
 545              	.LCFI43:
 546              	 .cfi_def_cfa_register 7
 547 0006 7860     	 str r0,[r7,#4]
 548 0008 0B46     	 mov r3,r1
 549 000a FB70     	 strb r3,[r7,#3]
 262:../Libraries/XMCLib/src/xmc_ledts.c ****   uint32_t reg;
 263:../Libraries/XMCLib/src/xmc_ledts.c **** 
 264:../Libraries/XMCLib/src/xmc_ledts.c ****   XMC_ASSERT("XMC_LEDTS_SetActivePADNo:Wrong Module Pointer", XMC_LEDTS_CHECK_KERNEL_PTR(ledts));
 265:../Libraries/XMCLib/src/xmc_ledts.c **** 
 266:../Libraries/XMCLib/src/xmc_ledts.c ****   reg = ledts->FNCTL;
 550              	 .loc 1 266 7
 551 000c 7B68     	 ldr r3,[r7,#4]
 552 000e 9B68     	 ldr r3,[r3,#8]
 553 0010 FB60     	 str r3,[r7,#12]
 267:../Libraries/XMCLib/src/xmc_ledts.c ****   reg &= ~(LEDTS_FNCTL_PADT_Msk);
 554              	 .loc 1 267 7
 555 0012 FB68     	 ldr r3,[r7,#12]
 556 0014 23F00703 	 bic r3,r3,#7
 557 0018 FB60     	 str r3,[r7,#12]
 268:../Libraries/XMCLib/src/xmc_ledts.c ****   reg |= (uint32_t)pad_num;
 558              	 .loc 1 268 10
 559 001a FB78     	 ldrb r3,[r7,#3]
 560              	 .loc 1 268 7
 561 001c FA68     	 ldr r2,[r7,#12]
 562 001e 1343     	 orrs r3,r3,r2
 563 0020 FB60     	 str r3,[r7,#12]
 269:../Libraries/XMCLib/src/xmc_ledts.c ****   ledts->FNCTL = reg;
 564              	 .loc 1 269 16
 565 0022 7B68     	 ldr r3,[r7,#4]
 566 0024 FA68     	 ldr r2,[r7,#12]
 567 0026 9A60     	 str r2,[r3,#8]
 270:../Libraries/XMCLib/src/xmc_ledts.c **** }
 568              	 .loc 1 270 1
 569 0028 00BF     	 nop
 570 002a 1437     	 adds r7,r7,#20
 571              	.LCFI44:
 572              	 .cfi_def_cfa_offset 4
 573 002c BD46     	 mov sp,r7
 574              	.LCFI45:
 575              	 .cfi_def_cfa_register 13
 576              	 
 577 002e 5DF8047B 	 ldr r7,[sp],#4
 578              	.LCFI46:
 579              	 .cfi_restore 7
 580              	 .cfi_def_cfa_offset 0
 581 0032 7047     	 bx lr
 582              	 .cfi_endproc
 583              	.LFE180:
 585              	 .section .text.XMC_LEDTS_ClearInterruptFlag,"ax",%progbits
 586              	 .align 1
 587              	 .global XMC_LEDTS_ClearInterruptFlag
 588              	 .syntax unified
 589              	 .thumb
 590              	 .thumb_func
 591              	 .fpu fpv4-sp-d16
 593              	XMC_LEDTS_ClearInterruptFlag:
 594              	.LFB181:
 271:../Libraries/XMCLib/src/xmc_ledts.c **** 
 272:../Libraries/XMCLib/src/xmc_ledts.c **** /**
 273:../Libraries/XMCLib/src/xmc_ledts.c ****   * Clears interrupt indication flags
 274:../Libraries/XMCLib/src/xmc_ledts.c ****   */
 275:../Libraries/XMCLib/src/xmc_ledts.c **** void XMC_LEDTS_ClearInterruptFlag(XMC_LEDTS_t *const ledts, uint32_t interrupt_mask)
 276:../Libraries/XMCLib/src/xmc_ledts.c **** {
 595              	 .loc 1 276 1
 596              	 .cfi_startproc
 597              	 
 598              	 
 599              	 
 600 0000 80B4     	 push {r7}
 601              	.LCFI47:
 602              	 .cfi_def_cfa_offset 4
 603              	 .cfi_offset 7,-4
 604 0002 83B0     	 sub sp,sp,#12
 605              	.LCFI48:
 606              	 .cfi_def_cfa_offset 16
 607 0004 00AF     	 add r7,sp,#0
 608              	.LCFI49:
 609              	 .cfi_def_cfa_register 7
 610 0006 7860     	 str r0,[r7,#4]
 611 0008 3960     	 str r1,[r7]
 277:../Libraries/XMCLib/src/xmc_ledts.c ****   XMC_ASSERT("XMC_LEDTS_ClearInterruptFlag:Wrong Module Pointer", XMC_LEDTS_CHECK_KERNEL_PTR(ledts)
 278:../Libraries/XMCLib/src/xmc_ledts.c **** 
 279:../Libraries/XMCLib/src/xmc_ledts.c ****   ledts->EVFR = (interrupt_mask << LEDTS_EVFR_CTSF_Pos);
 612              	 .loc 1 279 33
 613 000a 3B68     	 ldr r3,[r7]
 614 000c 1A04     	 lsls r2,r3,#16
 615              	 .loc 1 279 15
 616 000e 7B68     	 ldr r3,[r7,#4]
 617 0010 DA60     	 str r2,[r3,#12]
 280:../Libraries/XMCLib/src/xmc_ledts.c **** }
 618              	 .loc 1 280 1
 619 0012 00BF     	 nop
 620 0014 0C37     	 adds r7,r7,#12
 621              	.LCFI50:
 622              	 .cfi_def_cfa_offset 4
 623 0016 BD46     	 mov sp,r7
 624              	.LCFI51:
 625              	 .cfi_def_cfa_register 13
 626              	 
 627 0018 5DF8047B 	 ldr r7,[sp],#4
 628              	.LCFI52:
 629              	 .cfi_restore 7
 630              	 .cfi_def_cfa_offset 0
 631 001c 7047     	 bx lr
 632              	 .cfi_endproc
 633              	.LFE181:
 635              	 .section .text.XMC_LEDTS_SetLEDLinePattern,"ax",%progbits
 636              	 .align 1
 637              	 .global XMC_LEDTS_SetLEDLinePattern
 638              	 .syntax unified
 639              	 .thumb
 640              	 .thumb_func
 641              	 .fpu fpv4-sp-d16
 643              	XMC_LEDTS_SetLEDLinePattern:
 644              	.LFB182:
 281:../Libraries/XMCLib/src/xmc_ledts.c **** 
 282:../Libraries/XMCLib/src/xmc_ledts.c **** /**
 283:../Libraries/XMCLib/src/xmc_ledts.c ****   * Programming of registers to output pattern on an LED column in LED matrix
 284:../Libraries/XMCLib/src/xmc_ledts.c ****   */
 285:../Libraries/XMCLib/src/xmc_ledts.c **** void XMC_LEDTS_SetLEDLinePattern(XMC_LEDTS_t *const ledts, XMC_LEDTS_LED_COLUMN_t column, const uin
 286:../Libraries/XMCLib/src/xmc_ledts.c **** {
 645              	 .loc 1 286 1
 646              	 .cfi_startproc
 647              	 
 648              	 
 649              	 
 650 0000 80B4     	 push {r7}
 651              	.LCFI53:
 652              	 .cfi_def_cfa_offset 4
 653              	 .cfi_offset 7,-4
 654 0002 85B0     	 sub sp,sp,#20
 655              	.LCFI54:
 656              	 .cfi_def_cfa_offset 24
 657 0004 00AF     	 add r7,sp,#0
 658              	.LCFI55:
 659              	 .cfi_def_cfa_register 7
 660 0006 7860     	 str r0,[r7,#4]
 661 0008 0B46     	 mov r3,r1
 662 000a FB70     	 strb r3,[r7,#3]
 663 000c 1346     	 mov r3,r2
 664 000e BB70     	 strb r3,[r7,#2]
 287:../Libraries/XMCLib/src/xmc_ledts.c ****   uint32_t reg;
 288:../Libraries/XMCLib/src/xmc_ledts.c ****   uint8_t reg_index = ((uint8_t)column) >> 2;
 665              	 .loc 1 288 11
 666 0010 FB78     	 ldrb r3,[r7,#3]
 667 0012 9B08     	 lsrs r3,r3,#2
 668 0014 FB73     	 strb r3,[r7,#15]
 289:../Libraries/XMCLib/src/xmc_ledts.c ****   uint8_t bit_shift_count = ((uint8_t)column & 0x03) * 8;
 669              	 .loc 1 289 11
 670 0016 FB78     	 ldrb r3,[r7,#3]
 671 0018 03F00303 	 and r3,r3,#3
 672 001c DBB2     	 uxtb r3,r3
 673 001e DB00     	 lsls r3,r3,#3
 674 0020 BB73     	 strb r3,[r7,#14]
 290:../Libraries/XMCLib/src/xmc_ledts.c **** 
 291:../Libraries/XMCLib/src/xmc_ledts.c ****   XMC_ASSERT("XMC_LEDTS_Set_LED_Line_Pattern:Wrong Module Pointer", XMC_LEDTS_CHECK_KERNEL_PTR(ledt
 292:../Libraries/XMCLib/src/xmc_ledts.c **** 
 293:../Libraries/XMCLib/src/xmc_ledts.c ****   reg = ledts->LINE[reg_index];
 675              	 .loc 1 293 20
 676 0022 FB7B     	 ldrb r3,[r7,#15]
 677              	 .loc 1 293 7
 678 0024 7A68     	 ldr r2,[r7,#4]
 679 0026 0433     	 adds r3,r3,#4
 680 0028 9B00     	 lsls r3,r3,#2
 681 002a 1344     	 add r3,r3,r2
 682 002c 5B68     	 ldr r3,[r3,#4]
 683 002e BB60     	 str r3,[r7,#8]
 294:../Libraries/XMCLib/src/xmc_ledts.c ****   reg &= (~(0xff << bit_shift_count));
 684              	 .loc 1 294 18
 685 0030 BB7B     	 ldrb r3,[r7,#14]
 686 0032 FF22     	 movs r2,#255
 687 0034 02FA03F3 	 lsl r3,r2,r3
 688              	 .loc 1 294 11
 689 0038 DB43     	 mvns r3,r3
 690 003a 1A46     	 mov r2,r3
 691              	 .loc 1 294 7
 692 003c BB68     	 ldr r3,[r7,#8]
 693 003e 1340     	 ands r3,r3,r2
 694 0040 BB60     	 str r3,[r7,#8]
 295:../Libraries/XMCLib/src/xmc_ledts.c ****   reg |= pattern << bit_shift_count;
 695              	 .loc 1 295 18
 696 0042 BA78     	 ldrb r2,[r7,#2]
 697 0044 BB7B     	 ldrb r3,[r7,#14]
 698 0046 02FA03F3 	 lsl r3,r2,r3
 699 004a 1A46     	 mov r2,r3
 700              	 .loc 1 295 7
 701 004c BB68     	 ldr r3,[r7,#8]
 702 004e 1343     	 orrs r3,r3,r2
 703 0050 BB60     	 str r3,[r7,#8]
 296:../Libraries/XMCLib/src/xmc_ledts.c ****   ledts->LINE[reg_index] = reg;
 704              	 .loc 1 296 14
 705 0052 FB7B     	 ldrb r3,[r7,#15]
 706              	 .loc 1 296 26
 707 0054 7A68     	 ldr r2,[r7,#4]
 708 0056 0433     	 adds r3,r3,#4
 709 0058 9B00     	 lsls r3,r3,#2
 710 005a 1344     	 add r3,r3,r2
 711 005c BA68     	 ldr r2,[r7,#8]
 712 005e 5A60     	 str r2,[r3,#4]
 297:../Libraries/XMCLib/src/xmc_ledts.c **** 
 298:../Libraries/XMCLib/src/xmc_ledts.c **** }
 713              	 .loc 1 298 1
 714 0060 00BF     	 nop
 715 0062 1437     	 adds r7,r7,#20
 716              	.LCFI56:
 717              	 .cfi_def_cfa_offset 4
 718 0064 BD46     	 mov sp,r7
 719              	.LCFI57:
 720              	 .cfi_def_cfa_register 13
 721              	 
 722 0066 5DF8047B 	 ldr r7,[sp],#4
 723              	.LCFI58:
 724              	 .cfi_restore 7
 725              	 .cfi_def_cfa_offset 0
 726 006a 7047     	 bx lr
 727              	 .cfi_endproc
 728              	.LFE182:
 730              	 .section .text.XMC_LEDTS_SetColumnBrightness,"ax",%progbits
 731              	 .align 1
 732              	 .global XMC_LEDTS_SetColumnBrightness
 733              	 .syntax unified
 734              	 .thumb
 735              	 .thumb_func
 736              	 .fpu fpv4-sp-d16
 738              	XMC_LEDTS_SetColumnBrightness:
 739              	.LFB183:
 299:../Libraries/XMCLib/src/xmc_ledts.c **** 
 300:../Libraries/XMCLib/src/xmc_ledts.c **** /**
 301:../Libraries/XMCLib/src/xmc_ledts.c ****   * Programming of registers to adjust brightness of an LED column in LED matrix
 302:../Libraries/XMCLib/src/xmc_ledts.c ****   */
 303:../Libraries/XMCLib/src/xmc_ledts.c **** void XMC_LEDTS_SetColumnBrightness(XMC_LEDTS_t *const ledts, XMC_LEDTS_LED_COLUMN_t column, const u
 304:../Libraries/XMCLib/src/xmc_ledts.c **** {
 740              	 .loc 1 304 1
 741              	 .cfi_startproc
 742              	 
 743              	 
 744              	 
 745 0000 80B4     	 push {r7}
 746              	.LCFI59:
 747              	 .cfi_def_cfa_offset 4
 748              	 .cfi_offset 7,-4
 749 0002 85B0     	 sub sp,sp,#20
 750              	.LCFI60:
 751              	 .cfi_def_cfa_offset 24
 752 0004 00AF     	 add r7,sp,#0
 753              	.LCFI61:
 754              	 .cfi_def_cfa_register 7
 755 0006 7860     	 str r0,[r7,#4]
 756 0008 0B46     	 mov r3,r1
 757 000a FB70     	 strb r3,[r7,#3]
 758 000c 1346     	 mov r3,r2
 759 000e BB70     	 strb r3,[r7,#2]
 305:../Libraries/XMCLib/src/xmc_ledts.c ****   uint32_t reg;
 306:../Libraries/XMCLib/src/xmc_ledts.c ****   uint8_t reg_index = ((uint8_t)column) >> 2;
 760              	 .loc 1 306 11
 761 0010 FB78     	 ldrb r3,[r7,#3]
 762 0012 9B08     	 lsrs r3,r3,#2
 763 0014 FB73     	 strb r3,[r7,#15]
 307:../Libraries/XMCLib/src/xmc_ledts.c ****   uint8_t bit_shift_count = ((uint8_t)column & 0x03) * 8;
 764              	 .loc 1 307 11
 765 0016 FB78     	 ldrb r3,[r7,#3]
 766 0018 03F00303 	 and r3,r3,#3
 767 001c DBB2     	 uxtb r3,r3
 768 001e DB00     	 lsls r3,r3,#3
 769 0020 BB73     	 strb r3,[r7,#14]
 308:../Libraries/XMCLib/src/xmc_ledts.c **** 
 309:../Libraries/XMCLib/src/xmc_ledts.c ****   XMC_ASSERT("XMC_LEDTS_Set_Column_Brightness:Wrong Module Pointer", XMC_LEDTS_CHECK_KERNEL_PTR(led
 310:../Libraries/XMCLib/src/xmc_ledts.c **** 
 311:../Libraries/XMCLib/src/xmc_ledts.c ****   reg = ledts->LDCMP[reg_index];
 770              	 .loc 1 311 21
 771 0022 FB7B     	 ldrb r3,[r7,#15]
 772              	 .loc 1 311 7
 773 0024 7A68     	 ldr r2,[r7,#4]
 774 0026 0633     	 adds r3,r3,#6
 775 0028 9B00     	 lsls r3,r3,#2
 776 002a 1344     	 add r3,r3,r2
 777 002c 5B68     	 ldr r3,[r3,#4]
 778 002e BB60     	 str r3,[r7,#8]
 312:../Libraries/XMCLib/src/xmc_ledts.c ****   reg &= (~(0xff << bit_shift_count));
 779              	 .loc 1 312 18
 780 0030 BB7B     	 ldrb r3,[r7,#14]
 781 0032 FF22     	 movs r2,#255
 782 0034 02FA03F3 	 lsl r3,r2,r3
 783              	 .loc 1 312 11
 784 0038 DB43     	 mvns r3,r3
 785 003a 1A46     	 mov r2,r3
 786              	 .loc 1 312 7
 787 003c BB68     	 ldr r3,[r7,#8]
 788 003e 1340     	 ands r3,r3,r2
 789 0040 BB60     	 str r3,[r7,#8]
 313:../Libraries/XMCLib/src/xmc_ledts.c ****   reg |= brightness << bit_shift_count;
 790              	 .loc 1 313 21
 791 0042 BA78     	 ldrb r2,[r7,#2]
 792 0044 BB7B     	 ldrb r3,[r7,#14]
 793 0046 02FA03F3 	 lsl r3,r2,r3
 794 004a 1A46     	 mov r2,r3
 795              	 .loc 1 313 7
 796 004c BB68     	 ldr r3,[r7,#8]
 797 004e 1343     	 orrs r3,r3,r2
 798 0050 BB60     	 str r3,[r7,#8]
 314:../Libraries/XMCLib/src/xmc_ledts.c ****   ledts->LDCMP[reg_index] = reg;
 799              	 .loc 1 314 15
 800 0052 FB7B     	 ldrb r3,[r7,#15]
 801              	 .loc 1 314 27
 802 0054 7A68     	 ldr r2,[r7,#4]
 803 0056 0633     	 adds r3,r3,#6
 804 0058 9B00     	 lsls r3,r3,#2
 805 005a 1344     	 add r3,r3,r2
 806 005c BA68     	 ldr r2,[r7,#8]
 807 005e 5A60     	 str r2,[r3,#4]
 315:../Libraries/XMCLib/src/xmc_ledts.c **** }
 808              	 .loc 1 315 1
 809 0060 00BF     	 nop
 810 0062 1437     	 adds r7,r7,#20
 811              	.LCFI62:
 812              	 .cfi_def_cfa_offset 4
 813 0064 BD46     	 mov sp,r7
 814              	.LCFI63:
 815              	 .cfi_def_cfa_register 13
 816              	 
 817 0066 5DF8047B 	 ldr r7,[sp],#4
 818              	.LCFI64:
 819              	 .cfi_restore 7
 820              	 .cfi_def_cfa_offset 0
 821 006a 7047     	 bx lr
 822              	 .cfi_endproc
 823              	.LFE183:
 825              	 .section .text.XMC_LEDTS_SetCommonOscillationWindow,"ax",%progbits
 826              	 .align 1
 827              	 .global XMC_LEDTS_SetCommonOscillationWindow
 828              	 .syntax unified
 829              	 .thumb
 830              	 .thumb_func
 831              	 .fpu fpv4-sp-d16
 833              	XMC_LEDTS_SetCommonOscillationWindow:
 834              	.LFB184:
 316:../Libraries/XMCLib/src/xmc_ledts.c **** 
 317:../Libraries/XMCLib/src/xmc_ledts.c **** /**
 318:../Libraries/XMCLib/src/xmc_ledts.c ****   * Programming of registers to set common oscillation window size for touch-sense inputs
 319:../Libraries/XMCLib/src/xmc_ledts.c ****   */
 320:../Libraries/XMCLib/src/xmc_ledts.c **** void XMC_LEDTS_SetCommonOscillationWindow(XMC_LEDTS_t *const ledts, const uint8_t common_size)
 321:../Libraries/XMCLib/src/xmc_ledts.c **** {
 835              	 .loc 1 321 1
 836              	 .cfi_startproc
 837              	 
 838              	 
 839              	 
 840 0000 80B4     	 push {r7}
 841              	.LCFI65:
 842              	 .cfi_def_cfa_offset 4
 843              	 .cfi_offset 7,-4
 844 0002 85B0     	 sub sp,sp,#20
 845              	.LCFI66:
 846              	 .cfi_def_cfa_offset 24
 847 0004 00AF     	 add r7,sp,#0
 848              	.LCFI67:
 849              	 .cfi_def_cfa_register 7
 850 0006 7860     	 str r0,[r7,#4]
 851 0008 0B46     	 mov r3,r1
 852 000a FB70     	 strb r3,[r7,#3]
 322:../Libraries/XMCLib/src/xmc_ledts.c ****   uint32_t reg;
 323:../Libraries/XMCLib/src/xmc_ledts.c **** 
 324:../Libraries/XMCLib/src/xmc_ledts.c ****   XMC_ASSERT("XMC_LEDTS_Set_Common_Oscillation_Window:Wrong Module Pointer", XMC_LEDTS_CHECK_KERNEL
 325:../Libraries/XMCLib/src/xmc_ledts.c **** 
 326:../Libraries/XMCLib/src/xmc_ledts.c ****   reg = ledts->LDCMP[1];
 853              	 .loc 1 326 7
 854 000c 7B68     	 ldr r3,[r7,#4]
 855 000e 1B6A     	 ldr r3,[r3,#32]
 856 0010 FB60     	 str r3,[r7,#12]
 327:../Libraries/XMCLib/src/xmc_ledts.c ****   reg &= ~LEDTS_LDCMP1_CMP_LDA_TSCOM_Msk;
 857              	 .loc 1 327 7
 858 0012 FB68     	 ldr r3,[r7,#12]
 859 0014 23F07F43 	 bic r3,r3,#-16777216
 860 0018 FB60     	 str r3,[r7,#12]
 328:../Libraries/XMCLib/src/xmc_ledts.c ****   reg |= (common_size << LEDTS_LDCMP1_CMP_LDA_TSCOM_Pos);
 861              	 .loc 1 328 23
 862 001a FB78     	 ldrb r3,[r7,#3]
 863 001c 1B06     	 lsls r3,r3,#24
 864 001e 1A46     	 mov r2,r3
 865              	 .loc 1 328 7
 866 0020 FB68     	 ldr r3,[r7,#12]
 867 0022 1343     	 orrs r3,r3,r2
 868 0024 FB60     	 str r3,[r7,#12]
 329:../Libraries/XMCLib/src/xmc_ledts.c ****   ledts->LDCMP[1] = reg;
 869              	 .loc 1 329 19
 870 0026 7B68     	 ldr r3,[r7,#4]
 871 0028 FA68     	 ldr r2,[r7,#12]
 872 002a 1A62     	 str r2,[r3,#32]
 330:../Libraries/XMCLib/src/xmc_ledts.c **** }
 873              	 .loc 1 330 1
 874 002c 00BF     	 nop
 875 002e 1437     	 adds r7,r7,#20
 876              	.LCFI68:
 877              	 .cfi_def_cfa_offset 4
 878 0030 BD46     	 mov sp,r7
 879              	.LCFI69:
 880              	 .cfi_def_cfa_register 13
 881              	 
 882 0032 5DF8047B 	 ldr r7,[sp],#4
 883              	.LCFI70:
 884              	 .cfi_restore 7
 885              	 .cfi_def_cfa_offset 0
 886 0036 7047     	 bx lr
 887              	 .cfi_endproc
 888              	.LFE184:
 890              	 .section .text.XMC_LEDTS_ReadFNCOL,"ax",%progbits
 891              	 .align 1
 892              	 .global XMC_LEDTS_ReadFNCOL
 893              	 .syntax unified
 894              	 .thumb
 895              	 .thumb_func
 896              	 .fpu fpv4-sp-d16
 898              	XMC_LEDTS_ReadFNCOL:
 899              	.LFB185:
 331:../Libraries/XMCLib/src/xmc_ledts.c **** 
 332:../Libraries/XMCLib/src/xmc_ledts.c **** /**
 333:../Libraries/XMCLib/src/xmc_ledts.c ****   * Checking the previous active function or LED column status
 334:../Libraries/XMCLib/src/xmc_ledts.c ****   */
 335:../Libraries/XMCLib/src/xmc_ledts.c **** uint32_t XMC_LEDTS_ReadFNCOL(XMC_LEDTS_t *const ledts)
 336:../Libraries/XMCLib/src/xmc_ledts.c **** {
 900              	 .loc 1 336 1
 901              	 .cfi_startproc
 902              	 
 903              	 
 904              	 
 905 0000 80B4     	 push {r7}
 906              	.LCFI71:
 907              	 .cfi_def_cfa_offset 4
 908              	 .cfi_offset 7,-4
 909 0002 85B0     	 sub sp,sp,#20
 910              	.LCFI72:
 911              	 .cfi_def_cfa_offset 24
 912 0004 00AF     	 add r7,sp,#0
 913              	.LCFI73:
 914              	 .cfi_def_cfa_register 7
 915 0006 7860     	 str r0,[r7,#4]
 337:../Libraries/XMCLib/src/xmc_ledts.c ****   uint32_t fncol_read;
 338:../Libraries/XMCLib/src/xmc_ledts.c **** 
 339:../Libraries/XMCLib/src/xmc_ledts.c ****   XMC_ASSERT("XMC_LEDTS_Read_FNCOL:Wrong Module Pointer", XMC_LEDTS_CHECK_KERNEL_PTR(ledts));
 340:../Libraries/XMCLib/src/xmc_ledts.c **** 
 341:../Libraries/XMCLib/src/xmc_ledts.c ****   fncol_read = ledts->FNCTL & LEDTS_FNCTL_FNCOL_Msk;
 916              	 .loc 1 341 21
 917 0008 7B68     	 ldr r3,[r7,#4]
 918 000a 9B68     	 ldr r3,[r3,#8]
 919              	 .loc 1 341 14
 920 000c 03F0E003 	 and r3,r3,#224
 921 0010 FB60     	 str r3,[r7,#12]
 342:../Libraries/XMCLib/src/xmc_ledts.c ****   fncol_read >>= LEDTS_FNCTL_FNCOL_Pos;
 922              	 .loc 1 342 14
 923 0012 FB68     	 ldr r3,[r7,#12]
 924 0014 5B09     	 lsrs r3,r3,#5
 925 0016 FB60     	 str r3,[r7,#12]
 343:../Libraries/XMCLib/src/xmc_ledts.c **** 
 344:../Libraries/XMCLib/src/xmc_ledts.c ****   return fncol_read;
 926              	 .loc 1 344 10
 927 0018 FB68     	 ldr r3,[r7,#12]
 345:../Libraries/XMCLib/src/xmc_ledts.c **** }
 928              	 .loc 1 345 1
 929 001a 1846     	 mov r0,r3
 930 001c 1437     	 adds r7,r7,#20
 931              	.LCFI74:
 932              	 .cfi_def_cfa_offset 4
 933 001e BD46     	 mov sp,r7
 934              	.LCFI75:
 935              	 .cfi_def_cfa_register 13
 936              	 
 937 0020 5DF8047B 	 ldr r7,[sp],#4
 938              	.LCFI76:
 939              	 .cfi_restore 7
 940              	 .cfi_def_cfa_offset 0
 941 0024 7047     	 bx lr
 942              	 .cfi_endproc
 943              	.LFE185:
 945              	 .section .text.XMC_LEDTS_SetNumOfLEDColumns,"ax",%progbits
 946              	 .align 1
 947              	 .global XMC_LEDTS_SetNumOfLEDColumns
 948              	 .syntax unified
 949              	 .thumb
 950              	 .thumb_func
 951              	 .fpu fpv4-sp-d16
 953              	XMC_LEDTS_SetNumOfLEDColumns:
 954              	.LFB186:
 346:../Libraries/XMCLib/src/xmc_ledts.c **** 
 347:../Libraries/XMCLib/src/xmc_ledts.c **** /**
 348:../Libraries/XMCLib/src/xmc_ledts.c ****   * Set the number of LED column Enabled
 349:../Libraries/XMCLib/src/xmc_ledts.c ****   */
 350:../Libraries/XMCLib/src/xmc_ledts.c **** void XMC_LEDTS_SetNumOfLEDColumns(XMC_LEDTS_t *const ledts, uint8_t count)
 351:../Libraries/XMCLib/src/xmc_ledts.c **** {
 955              	 .loc 1 351 1
 956              	 .cfi_startproc
 957              	 
 958              	 
 959              	 
 960 0000 80B4     	 push {r7}
 961              	.LCFI77:
 962              	 .cfi_def_cfa_offset 4
 963              	 .cfi_offset 7,-4
 964 0002 83B0     	 sub sp,sp,#12
 965              	.LCFI78:
 966              	 .cfi_def_cfa_offset 16
 967 0004 00AF     	 add r7,sp,#0
 968              	.LCFI79:
 969              	 .cfi_def_cfa_register 7
 970 0006 7860     	 str r0,[r7,#4]
 971 0008 0B46     	 mov r3,r1
 972 000a FB70     	 strb r3,[r7,#3]
 352:../Libraries/XMCLib/src/xmc_ledts.c **** 
 353:../Libraries/XMCLib/src/xmc_ledts.c ****   XMC_ASSERT("XMC_LEDTS_SetNumOfLEDColumns:Wrong Module Pointer", XMC_LEDTS_CHECK_KERNEL_PTR(ledts)
 354:../Libraries/XMCLib/src/xmc_ledts.c **** 
 355:../Libraries/XMCLib/src/xmc_ledts.c ****   ledts->FNCTL &= ~(LEDTS_FNCTL_NR_LEDCOL_Msk);
 973              	 .loc 1 355 16
 974 000c 7B68     	 ldr r3,[r7,#4]
 975 000e 9B68     	 ldr r3,[r3,#8]
 976 0010 23F06042 	 bic r2,r3,#-536870912
 977 0014 7B68     	 ldr r3,[r7,#4]
 978 0016 9A60     	 str r2,[r3,#8]
 356:../Libraries/XMCLib/src/xmc_ledts.c ****   ledts->FNCTL |= (count << LEDTS_FNCTL_NR_LEDCOL_Pos);
 979              	 .loc 1 356 16
 980 0018 7B68     	 ldr r3,[r7,#4]
 981 001a 9B68     	 ldr r3,[r3,#8]
 982              	 .loc 1 356 26
 983 001c FA78     	 ldrb r2,[r7,#3]
 984 001e 5207     	 lsls r2,r2,#29
 985              	 .loc 1 356 16
 986 0020 1A43     	 orrs r2,r2,r3
 987 0022 7B68     	 ldr r3,[r7,#4]
 988 0024 9A60     	 str r2,[r3,#8]
 357:../Libraries/XMCLib/src/xmc_ledts.c **** }
 989              	 .loc 1 357 1
 990 0026 00BF     	 nop
 991 0028 0C37     	 adds r7,r7,#12
 992              	.LCFI80:
 993              	 .cfi_def_cfa_offset 4
 994 002a BD46     	 mov sp,r7
 995              	.LCFI81:
 996              	 .cfi_def_cfa_register 13
 997              	 
 998 002c 5DF8047B 	 ldr r7,[sp],#4
 999              	.LCFI82:
 1000              	 .cfi_restore 7
 1001              	 .cfi_def_cfa_offset 0
 1002 0030 7047     	 bx lr
 1003              	 .cfi_endproc
 1004              	.LFE186:
 1006              	 .section .text.XMC_LEDTS_ReadTSVAL,"ax",%progbits
 1007              	 .align 1
 1008              	 .global XMC_LEDTS_ReadTSVAL
 1009              	 .syntax unified
 1010              	 .thumb
 1011              	 .thumb_func
 1012              	 .fpu fpv4-sp-d16
 1014              	XMC_LEDTS_ReadTSVAL:
 1015              	.LFB187:
 358:../Libraries/XMCLib/src/xmc_ledts.c **** 
 359:../Libraries/XMCLib/src/xmc_ledts.c **** /**
 360:../Libraries/XMCLib/src/xmc_ledts.c ****   * Reading recorded number of oscillation counts
 361:../Libraries/XMCLib/src/xmc_ledts.c ****   */
 362:../Libraries/XMCLib/src/xmc_ledts.c **** uint16_t XMC_LEDTS_ReadTSVAL(XMC_LEDTS_t *const ledts)
 363:../Libraries/XMCLib/src/xmc_ledts.c **** {
 1016              	 .loc 1 363 1
 1017              	 .cfi_startproc
 1018              	 
 1019              	 
 1020              	 
 1021 0000 80B4     	 push {r7}
 1022              	.LCFI83:
 1023              	 .cfi_def_cfa_offset 4
 1024              	 .cfi_offset 7,-4
 1025 0002 85B0     	 sub sp,sp,#20
 1026              	.LCFI84:
 1027              	 .cfi_def_cfa_offset 24
 1028 0004 00AF     	 add r7,sp,#0
 1029              	.LCFI85:
 1030              	 .cfi_def_cfa_register 7
 1031 0006 7860     	 str r0,[r7,#4]
 364:../Libraries/XMCLib/src/xmc_ledts.c ****   uint16_t no_of_oscillations;
 365:../Libraries/XMCLib/src/xmc_ledts.c **** 
 366:../Libraries/XMCLib/src/xmc_ledts.c ****   XMC_ASSERT("XMC_LEDTS_Read_TSVAL:Wrong Module Pointer", XMC_LEDTS_CHECK_KERNEL_PTR(ledts));
 367:../Libraries/XMCLib/src/xmc_ledts.c **** 
 368:../Libraries/XMCLib/src/xmc_ledts.c ****   no_of_oscillations = (ledts->TSVAL & 0xFFFF);
 1032              	 .loc 1 368 30
 1033 0008 7B68     	 ldr r3,[r7,#4]
 1034 000a 1B69     	 ldr r3,[r3,#16]
 1035              	 .loc 1 368 22
 1036 000c FB81     	 strh r3,[r7,#14]
 369:../Libraries/XMCLib/src/xmc_ledts.c **** 
 370:../Libraries/XMCLib/src/xmc_ledts.c ****   return no_of_oscillations;
 1037              	 .loc 1 370 10
 1038 000e FB89     	 ldrh r3,[r7,#14]
 371:../Libraries/XMCLib/src/xmc_ledts.c **** }
 1039              	 .loc 1 371 1
 1040 0010 1846     	 mov r0,r3
 1041 0012 1437     	 adds r7,r7,#20
 1042              	.LCFI86:
 1043              	 .cfi_def_cfa_offset 4
 1044 0014 BD46     	 mov sp,r7
 1045              	.LCFI87:
 1046              	 .cfi_def_cfa_register 13
 1047              	 
 1048 0016 5DF8047B 	 ldr r7,[sp],#4
 1049              	.LCFI88:
 1050              	 .cfi_restore 7
 1051              	 .cfi_def_cfa_offset 0
 1052 001a 7047     	 bx lr
 1053              	 .cfi_endproc
 1054              	.LFE187:
 1056              	 .section .text.XMC_LEDTS_SetOscillationWindow,"ax",%progbits
 1057              	 .align 1
 1058              	 .global XMC_LEDTS_SetOscillationWindow
 1059              	 .syntax unified
 1060              	 .thumb
 1061              	 .thumb_func
 1062              	 .fpu fpv4-sp-d16
 1064              	XMC_LEDTS_SetOscillationWindow:
 1065              	.LFB188:
 372:../Libraries/XMCLib/src/xmc_ledts.c **** 
 373:../Libraries/XMCLib/src/xmc_ledts.c **** /**
 374:../Libraries/XMCLib/src/xmc_ledts.c ****   * Programming of registers to adjust the size of oscillation window
 375:../Libraries/XMCLib/src/xmc_ledts.c ****   */
 376:../Libraries/XMCLib/src/xmc_ledts.c **** void XMC_LEDTS_SetOscillationWindow(XMC_LEDTS_t *const ledts, XMC_LEDTS_NUMBER_TS_INPUT_t touchpad,
 377:../Libraries/XMCLib/src/xmc_ledts.c **** {
 1066              	 .loc 1 377 1
 1067              	 .cfi_startproc
 1068              	 
 1069              	 
 1070              	 
 1071 0000 80B4     	 push {r7}
 1072              	.LCFI89:
 1073              	 .cfi_def_cfa_offset 4
 1074              	 .cfi_offset 7,-4
 1075 0002 85B0     	 sub sp,sp,#20
 1076              	.LCFI90:
 1077              	 .cfi_def_cfa_offset 24
 1078 0004 00AF     	 add r7,sp,#0
 1079              	.LCFI91:
 1080              	 .cfi_def_cfa_register 7
 1081 0006 7860     	 str r0,[r7,#4]
 1082 0008 0B46     	 mov r3,r1
 1083 000a FB70     	 strb r3,[r7,#3]
 1084 000c 1346     	 mov r3,r2
 1085 000e BB70     	 strb r3,[r7,#2]
 378:../Libraries/XMCLib/src/xmc_ledts.c ****   uint32_t reg;
 379:../Libraries/XMCLib/src/xmc_ledts.c ****   uint8_t reg_index = ((uint8_t)touchpad) >> 2;
 1086              	 .loc 1 379 11
 1087 0010 FB78     	 ldrb r3,[r7,#3]
 1088 0012 9B08     	 lsrs r3,r3,#2
 1089 0014 FB73     	 strb r3,[r7,#15]
 380:../Libraries/XMCLib/src/xmc_ledts.c ****   uint8_t bit_shift_count = ((uint8_t)touchpad & 0x03) * 8;
 1090              	 .loc 1 380 11
 1091 0016 FB78     	 ldrb r3,[r7,#3]
 1092 0018 03F00303 	 and r3,r3,#3
 1093 001c DBB2     	 uxtb r3,r3
 1094 001e DB00     	 lsls r3,r3,#3
 1095 0020 BB73     	 strb r3,[r7,#14]
 381:../Libraries/XMCLib/src/xmc_ledts.c **** 
 382:../Libraries/XMCLib/src/xmc_ledts.c ****   XMC_ASSERT("XMC_LEDTS_Set_Oscillation_Window:Wrong Module Pointer", XMC_LEDTS_CHECK_KERNEL_PTR(le
 383:../Libraries/XMCLib/src/xmc_ledts.c **** 
 384:../Libraries/XMCLib/src/xmc_ledts.c ****   reg = ledts->TSCMP[reg_index];
 1096              	 .loc 1 384 21
 1097 0022 FB7B     	 ldrb r3,[r7,#15]
 1098              	 .loc 1 384 7
 1099 0024 7A68     	 ldr r2,[r7,#4]
 1100 0026 0833     	 adds r3,r3,#8
 1101 0028 9B00     	 lsls r3,r3,#2
 1102 002a 1344     	 add r3,r3,r2
 1103 002c 5B68     	 ldr r3,[r3,#4]
 1104 002e BB60     	 str r3,[r7,#8]
 385:../Libraries/XMCLib/src/xmc_ledts.c ****   reg &= (~(0xff << bit_shift_count));
 1105              	 .loc 1 385 18
 1106 0030 BB7B     	 ldrb r3,[r7,#14]
 1107 0032 FF22     	 movs r2,#255
 1108 0034 02FA03F3 	 lsl r3,r2,r3
 1109              	 .loc 1 385 11
 1110 0038 DB43     	 mvns r3,r3
 1111 003a 1A46     	 mov r2,r3
 1112              	 .loc 1 385 7
 1113 003c BB68     	 ldr r3,[r7,#8]
 1114 003e 1340     	 ands r3,r3,r2
 1115 0040 BB60     	 str r3,[r7,#8]
 386:../Libraries/XMCLib/src/xmc_ledts.c ****   reg |= size << bit_shift_count;
 1116              	 .loc 1 386 15
 1117 0042 BA78     	 ldrb r2,[r7,#2]
 1118 0044 BB7B     	 ldrb r3,[r7,#14]
 1119 0046 02FA03F3 	 lsl r3,r2,r3
 1120 004a 1A46     	 mov r2,r3
 1121              	 .loc 1 386 7
 1122 004c BB68     	 ldr r3,[r7,#8]
 1123 004e 1343     	 orrs r3,r3,r2
 1124 0050 BB60     	 str r3,[r7,#8]
 387:../Libraries/XMCLib/src/xmc_ledts.c ****   ledts->TSCMP[reg_index] = reg;
 1125              	 .loc 1 387 15
 1126 0052 FB7B     	 ldrb r3,[r7,#15]
 1127              	 .loc 1 387 27
 1128 0054 7A68     	 ldr r2,[r7,#4]
 1129 0056 0833     	 adds r3,r3,#8
 1130 0058 9B00     	 lsls r3,r3,#2
 1131 005a 1344     	 add r3,r3,r2
 1132 005c BA68     	 ldr r2,[r7,#8]
 1133 005e 5A60     	 str r2,[r3,#4]
 388:../Libraries/XMCLib/src/xmc_ledts.c **** }
 1134              	 .loc 1 388 1
 1135 0060 00BF     	 nop
 1136 0062 1437     	 adds r7,r7,#20
 1137              	.LCFI92:
 1138              	 .cfi_def_cfa_offset 4
 1139 0064 BD46     	 mov sp,r7
 1140              	.LCFI93:
 1141              	 .cfi_def_cfa_register 13
 1142              	 
 1143 0066 5DF8047B 	 ldr r7,[sp],#4
 1144              	.LCFI94:
 1145              	 .cfi_restore 7
 1146              	 .cfi_def_cfa_offset 0
 1147 006a 7047     	 bx lr
 1148              	 .cfi_endproc
 1149              	.LFE188:
 1151              	 .text
 1152              	.Letext0:
 1153              	 .file 2 "c:\\program files (x86)\\gnu arm embedded toolchain\\10 2020-q4-major\\arm-none-eabi\\include\\machine\\_default_types.h"
 1154              	 .file 3 "c:\\program files (x86)\\gnu arm embedded toolchain\\10 2020-q4-major\\arm-none-eabi\\include\\sys\\_stdint.h"
 1155              	 .file 4 "C:/Workspaces/DAVE-4.4.2-64Bit/_PKDS_TSTS06_923M_X45_V1_8/Libraries/CMSIS/Infineon/XMC4500_series/Include/XMC4500.h"
 1156              	 .file 5 "C:/Workspaces/DAVE-4.4.2-64Bit/_PKDS_TSTS06_923M_X45_V1_8/Libraries/XMCLib/inc/xmc_ledts.h"
 1157              	 .file 6 "C:/Workspaces/DAVE-4.4.2-64Bit/_PKDS_TSTS06_923M_X45_V1_8/Libraries/XMCLib/inc/xmc4_scu.h"
DEFINED SYMBOLS
                            *ABS*:00000000 xmc_ledts.c
    {standard input}:17     .text.XMC_LEDTS_InitGlobal:00000000 $t
    {standard input}:25     .text.XMC_LEDTS_InitGlobal:00000000 XMC_LEDTS_InitGlobal
    {standard input}:89     .text.XMC_LEDTS_InitGlobal:0000003c $d
    {standard input}:95     .text.XMC_LEDTS_InitLED:00000000 $t
    {standard input}:102    .text.XMC_LEDTS_InitLED:00000000 XMC_LEDTS_InitLED
    {standard input}:177    .text.XMC_LEDTS_InitTSBasic:00000000 $t
    {standard input}:184    .text.XMC_LEDTS_InitTSBasic:00000000 XMC_LEDTS_InitTSBasic
    {standard input}:262    .text.XMC_LEDTS_InitTSBasic:00000054 $d
    {standard input}:267    .text.XMC_LEDTS_InitTSAdvanced:00000000 $t
    {standard input}:274    .text.XMC_LEDTS_InitTSAdvanced:00000000 XMC_LEDTS_InitTSAdvanced
    {standard input}:366    .text.XMC_LEDTS_InitTSAdvanced:00000068 $d
    {standard input}:371    .text.XMC_LEDTS_StartCounter:00000000 $t
    {standard input}:378    .text.XMC_LEDTS_StartCounter:00000000 XMC_LEDTS_StartCounter
    {standard input}:426    .text.XMC_LEDTS_StopCounter:00000000 $t
    {standard input}:433    .text.XMC_LEDTS_StopCounter:00000000 XMC_LEDTS_StopCounter
    {standard input}:475    .text.XMC_LEDTS_ReadInterruptFlag:00000000 $t
    {standard input}:482    .text.XMC_LEDTS_ReadInterruptFlag:00000000 XMC_LEDTS_ReadInterruptFlag
    {standard input}:523    .text.XMC_LEDTS_SetActivePADNo:00000000 $t
    {standard input}:530    .text.XMC_LEDTS_SetActivePADNo:00000000 XMC_LEDTS_SetActivePADNo
    {standard input}:586    .text.XMC_LEDTS_ClearInterruptFlag:00000000 $t
    {standard input}:593    .text.XMC_LEDTS_ClearInterruptFlag:00000000 XMC_LEDTS_ClearInterruptFlag
    {standard input}:636    .text.XMC_LEDTS_SetLEDLinePattern:00000000 $t
    {standard input}:643    .text.XMC_LEDTS_SetLEDLinePattern:00000000 XMC_LEDTS_SetLEDLinePattern
    {standard input}:731    .text.XMC_LEDTS_SetColumnBrightness:00000000 $t
    {standard input}:738    .text.XMC_LEDTS_SetColumnBrightness:00000000 XMC_LEDTS_SetColumnBrightness
    {standard input}:826    .text.XMC_LEDTS_SetCommonOscillationWindow:00000000 $t
    {standard input}:833    .text.XMC_LEDTS_SetCommonOscillationWindow:00000000 XMC_LEDTS_SetCommonOscillationWindow
    {standard input}:891    .text.XMC_LEDTS_ReadFNCOL:00000000 $t
    {standard input}:898    .text.XMC_LEDTS_ReadFNCOL:00000000 XMC_LEDTS_ReadFNCOL
    {standard input}:946    .text.XMC_LEDTS_SetNumOfLEDColumns:00000000 $t
    {standard input}:953    .text.XMC_LEDTS_SetNumOfLEDColumns:00000000 XMC_LEDTS_SetNumOfLEDColumns
    {standard input}:1007   .text.XMC_LEDTS_ReadTSVAL:00000000 $t
    {standard input}:1014   .text.XMC_LEDTS_ReadTSVAL:00000000 XMC_LEDTS_ReadTSVAL
    {standard input}:1057   .text.XMC_LEDTS_SetOscillationWindow:00000000 $t
    {standard input}:1064   .text.XMC_LEDTS_SetOscillationWindow:00000000 XMC_LEDTS_SetOscillationWindow

UNDEFINED SYMBOLS
XMC_SCU_RESET_DeassertPeripheralReset
